2026-09-29T10:42:47.770192Z  INFO tailwindcss_oxide::scanner: Provided sources:
2026-09-29T10:42:47.771998Z  INFO tailwindcss_oxide::scanner: Source: PublicSourceEntry { base: "c:\\laragon\\www\\DigitalWatermarking\\vendor\\laravel\\framework\\src\\Illuminate\\Foundation\\resources\\exceptions\\renderer", pattern: "**/*", negated: false }
2026-09-29T10:42:47.801930Z  INFO tailwindcss_oxide::scanner: Optimized sources:
2026-09-29T10:42:47.802136Z  INFO tailwindcss_oxide::scanner: Source: External { base: "C:\\laragon\\www\\DigitalWatermarking\\vendor\\laravel\\framework\\src\\Illuminate\\Foundation\\resources\\exceptions\\renderer" }
2026-09-29T10:42:47.820171Z  INFO get_files: tailwindcss_oxide::scanner: enter
2026-09-29T10:42:47.820198Z  INFO get_files:discover_sources: tailwindcss_oxide::scanner: enter
2026-09-29T10:42:47.820209Z  INFO get_files:discover_sources:walk_synchronous: tailwindcss_oxide::scanner: enter
2026-09-29T10:42:47.839181Z  INFO get_files:discover_sources:walk_synchronous: tailwindcss_oxide::scanner: exit
2026-09-29T10:42:47.844228Z  INFO tailwindcss_oxide::scanner: Reading "C:\\laragon\\www\\DigitalWatermarking\\vendor\\laravel\\framework\\src\\Illuminate\\Foundation\\resources\\exceptions\\renderer\\components\\badge.blade.php"
2026-09-29T10:42:47.844600Z  INFO tailwindcss_oxide::scanner: Reading "C:\\laragon\\www\\DigitalWatermarking\\vendor\\laravel\\framework\\src\\Illuminate\\Foundation\\resources\\exceptions\\renderer\\components\\empty-state.blade.php"
2026-09-29T10:42:47.845270Z  INFO tailwindcss_oxide::scanner: Reading "C:\\laragon\\www\\DigitalWatermarking\\vendor\\laravel\\framework\\src\\Illuminate\\Foundation\\resources\\exceptions\\renderer\\components\\file-with-line.blade.php"
2026-09-29T10:42:47.845737Z  INFO tailwindcss_oxide::scanner: Reading "C:\\laragon\\www\\DigitalWatermarking\\vendor\\laravel\\framework\\src\\Illuminate\\Foundation\\resources\\exceptions\\renderer\\components\\formatted-source.blade.php"
2026-09-29T10:42:47.846050Z  INFO tailwindcss_oxide::scanner: Reading "C:\\laragon\\www\\DigitalWatermarking\\vendor\\laravel\\framework\\src\\Illuminate\\Foundation\\resources\\exceptions\\renderer\\components\\frame-code.blade.php"
2026-09-29T10:42:47.846621Z  INFO tailwindcss_oxide::scanner: Reading "C:\\laragon\\www\\DigitalWatermarking\\vendor\\laravel\\framework\\src\\Illuminate\\Foundation\\resources\\exceptions\\renderer\\components\\frame.blade.php"
2026-09-29T10:42:47.847868Z  INFO tailwindcss_oxide::scanner: Reading "C:\\laragon\\www\\DigitalWatermarking\\vendor\\laravel\\framework\\src\\Illuminate\\Foundation\\resources\\exceptions\\renderer\\components\\header.blade.php"
2026-09-29T10:42:47.848207Z  INFO tailwindcss_oxide::scanner: Reading "C:\\laragon\\www\\DigitalWatermarking\\vendor\\laravel\\framework\\src\\Illuminate\\Foundation\\resources\\exceptions\\renderer\\components\\http-method.blade.php"
2026-09-29T10:42:47.848723Z  INFO tailwindcss_oxide::scanner: Reading "C:\\laragon\\www\\DigitalWatermarking\\vendor\\laravel\\framework\\src\\Illuminate\\Foundation\\resources\\exceptions\\renderer\\components\\icons\\alert.blade.php"
2026-09-29T10:42:47.849284Z  INFO tailwindcss_oxide::scanner: Reading "C:\\laragon\\www\\DigitalWatermarking\\vendor\\laravel\\framework\\src\\Illuminate\\Foundation\\resources\\exceptions\\renderer\\components\\icons\\check.blade.php"
2026-09-29T10:42:47.849900Z  INFO tailwindcss_oxide::scanner: Reading "C:\\laragon\\www\\DigitalWatermarking\\vendor\\laravel\\framework\\src\\Illuminate\\Foundation\\resources\\exceptions\\renderer\\components\\icons\\chevron-left.blade.php"
2026-09-29T10:42:47.850174Z  INFO tailwindcss_oxide::scanner: Reading "C:\\laragon\\www\\DigitalWatermarking\\vendor\\laravel\\framework\\src\\Illuminate\\Foundation\\resources\\exceptions\\renderer\\components\\laravel-ascii-spotlight.blade.php"
2026-09-29T10:42:47.850246Z  INFO tailwindcss_oxide::scanner: Reading "C:\\laragon\\www\\DigitalWatermarking\\vendor\\laravel\\framework\\src\\Illuminate\\Foundation\\resources\\exceptions\\renderer\\components\\icons\\chevron-right.blade.php"
2026-09-29T10:42:47.850747Z  INFO tailwindcss_oxide::scanner: Reading "C:\\laragon\\www\\DigitalWatermarking\\vendor\\laravel\\framework\\src\\Illuminate\\Foundation\\resources\\exceptions\\renderer\\components\\layout.blade.php"
2026-09-29T10:42:47.850826Z  INFO tailwindcss_oxide::scanner: Reading "C:\\laragon\\www\\DigitalWatermarking\\vendor\\laravel\\framework\\src\\Illuminate\\Foundation\\resources\\exceptions\\renderer\\components\\icons\\chevrons-down-up.blade.php"
2026-09-29T10:42:47.851129Z  INFO tailwindcss_oxide::scanner: Reading "C:\\laragon\\www\\DigitalWatermarking\\vendor\\laravel\\framework\\src\\Illuminate\\Foundation\\resources\\exceptions\\renderer\\components\\icons\\chevrons-left.blade.php"
2026-09-29T10:42:47.851126Z  INFO tailwindcss_oxide::scanner: Reading "C:\\laragon\\www\\DigitalWatermarking\\vendor\\laravel\\framework\\src\\Illuminate\\Foundation\\resources\\exceptions\\renderer\\components\\icons\\database.blade.php"
2026-09-29T10:42:47.851319Z  INFO tailwindcss_oxide::scanner: Reading "C:\\laragon\\www\\DigitalWatermarking\\vendor\\laravel\\framework\\src\\Illuminate\\Foundation\\resources\\exceptions\\renderer\\components\\previous-exceptions.blade.php"
2026-09-29T10:42:47.851776Z  INFO tailwindcss_oxide::scanner: Reading "C:\\laragon\\www\\DigitalWatermarking\\vendor\\laravel\\framework\\src\\Illuminate\\Foundation\\resources\\exceptions\\renderer\\components\\icons\\chevrons-up-down.blade.php"
2026-09-29T10:42:47.852069Z  INFO tailwindcss_oxide::scanner: Reading "C:\\laragon\\www\\DigitalWatermarking\\vendor\\laravel\\framework\\src\\Illuminate\\Foundation\\resources\\exceptions\\renderer\\components\\icons\\folder-open.blade.php"
2026-09-29T10:42:47.852155Z  INFO tailwindcss_oxide::scanner: Reading "C:\\laragon\\www\\DigitalWatermarking\\vendor\\laravel\\framework\\src\\Illuminate\\Foundation\\resources\\exceptions\\renderer\\components\\query.blade.php"
2026-09-29T10:42:47.852616Z  INFO tailwindcss_oxide::scanner: Reading "C:\\laragon\\www\\DigitalWatermarking\\vendor\\laravel\\framework\\src\\Illuminate\\Foundation\\resources\\exceptions\\renderer\\components\\request-body.blade.php"
2026-09-29T10:42:47.852623Z  INFO tailwindcss_oxide::scanner: Reading "C:\\laragon\\www\\DigitalWatermarking\\vendor\\laravel\\framework\\src\\Illuminate\\Foundation\\resources\\exceptions\\renderer\\components\\icons\\folder.blade.php"
2026-09-29T10:42:47.853016Z  INFO tailwindcss_oxide::scanner: Reading "C:\\laragon\\www\\DigitalWatermarking\\vendor\\laravel\\framework\\src\\Illuminate\\Foundation\\resources\\exceptions\\renderer\\components\\request-header.blade.php"
2026-09-29T10:42:47.853024Z  INFO tailwindcss_oxide::scanner: Reading "C:\\laragon\\www\\DigitalWatermarking\\vendor\\laravel\\framework\\src\\Illuminate\\Foundation\\resources\\exceptions\\renderer\\components\\icons\\globe.blade.php"
2026-09-29T10:42:47.853340Z  INFO tailwindcss_oxide::scanner: Reading "C:\\laragon\\www\\DigitalWatermarking\\vendor\\laravel\\framework\\src\\Illuminate\\Foundation\\resources\\exceptions\\renderer\\components\\icons\\info.blade.php"
2026-09-29T10:42:47.853422Z  INFO tailwindcss_oxide::scanner: Reading "C:\\laragon\\www\\DigitalWatermarking\\vendor\\laravel\\framework\\src\\Illuminate\\Foundation\\resources\\exceptions\\renderer\\components\\request-url.blade.php"
2026-09-29T10:42:47.853685Z  INFO tailwindcss_oxide::scanner: Reading "C:\\laragon\\www\\DigitalWatermarking\\vendor\\laravel\\framework\\src\\Illuminate\\Foundation\\resources\\exceptions\\renderer\\components\\routing-parameter.blade.php"
2026-09-29T10:42:47.853923Z  INFO tailwindcss_oxide::scanner: Reading "C:\\laragon\\www\\DigitalWatermarking\\vendor\\laravel\\framework\\src\\Illuminate\\Foundation\\resources\\exceptions\\renderer\\components\\icons\\laravel-ascii.blade.php"
2026-09-29T10:42:47.854203Z  INFO tailwindcss_oxide::scanner: Reading "C:\\laragon\\www\\DigitalWatermarking\\vendor\\laravel\\framework\\src\\Illuminate\\Foundation\\resources\\exceptions\\renderer\\components\\routing.blade.php"
2026-09-29T10:42:47.854427Z  INFO tailwindcss_oxide::scanner: Reading "C:\\laragon\\www\\DigitalWatermarking\\vendor\\laravel\\framework\\src\\Illuminate\\Foundation\\resources\\exceptions\\renderer\\components\\section-container.blade.php"
2026-09-29T10:42:47.854446Z  INFO tailwindcss_oxide::scanner: Reading "C:\\laragon\\www\\DigitalWatermarking\\vendor\\laravel\\framework\\src\\Illuminate\\Foundation\\resources\\exceptions\\renderer\\components\\syntax-highlight.blade.php"
2026-09-29T10:42:47.854678Z  INFO tailwindcss_oxide::scanner: Reading "C:\\laragon\\www\\DigitalWatermarking\\vendor\\laravel\\framework\\src\\Illuminate\\Foundation\\resources\\exceptions\\renderer\\components\\separator.blade.php"
2026-09-29T10:42:47.854910Z  INFO tailwindcss_oxide::scanner: Reading "C:\\laragon\\www\\DigitalWatermarking\\vendor\\laravel\\framework\\src\\Illuminate\\Foundation\\resources\\exceptions\\renderer\\components\\topbar.blade.php"
2026-09-29T10:42:47.855219Z  INFO tailwindcss_oxide::scanner: Reading "C:\\laragon\\www\\DigitalWatermarking\\vendor\\laravel\\framework\\src\\Illuminate\\Foundation\\resources\\exceptions\\renderer\\markdown.blade.php"
2026-09-29T10:42:47.855447Z  INFO tailwindcss_oxide::scanner: Reading "C:\\laragon\\www\\DigitalWatermarking\\vendor\\laravel\\framework\\src\\Illuminate\\Foundation\\resources\\exceptions\\renderer\\components\\trace.blade.php"
2026-09-29T10:42:47.855727Z  INFO tailwindcss_oxide::scanner: Reading "C:\\laragon\\www\\DigitalWatermarking\\vendor\\laravel\\framework\\src\\Illuminate\\Foundation\\resources\\exceptions\\renderer\\components\\vendor-frame.blade.php"
2026-09-29T10:42:47.856018Z  INFO tailwindcss_oxide::scanner: Reading "C:\\laragon\\www\\DigitalWatermarking\\vendor\\laravel\\framework\\src\\Illuminate\\Foundation\\resources\\exceptions\\renderer\\components\\icons\\chevrons-right.blade.php"
2026-09-29T10:42:47.856191Z  INFO tailwindcss_oxide::scanner: Reading "C:\\laragon\\www\\DigitalWatermarking\\vendor\\laravel\\framework\\src\\Illuminate\\Foundation\\resources\\exceptions\\renderer\\components\\vendor-frames.blade.php"
2026-09-29T10:42:47.856188Z  INFO tailwindcss_oxide::scanner: Reading "C:\\laragon\\www\\DigitalWatermarking\\vendor\\laravel\\framework\\src\\Illuminate\\Foundation\\resources\\exceptions\\renderer\\package-lock.json"
2026-09-29T10:42:47.856487Z  INFO tailwindcss_oxide::scanner: Reading "C:\\laragon\\www\\DigitalWatermarking\\vendor\\laravel\\framework\\src\\Illuminate\\Foundation\\resources\\exceptions\\renderer\\scripts.js"
2026-09-29T10:42:47.856529Z  INFO tailwindcss_oxide::scanner: Reading "C:\\laragon\\www\\DigitalWatermarking\\vendor\\laravel\\framework\\src\\Illuminate\\Foundation\\resources\\exceptions\\renderer\\package.json"
2026-09-29T10:42:47.856719Z  INFO tailwindcss_oxide::scanner: Reading "C:\\laragon\\www\\DigitalWatermarking\\vendor\\laravel\\framework\\src\\Illuminate\\Foundation\\resources\\exceptions\\renderer\\vite.config.js"
2026-09-29T10:42:47.856845Z  INFO tailwindcss_oxide::scanner: Reading "C:\\laragon\\www\\DigitalWatermarking\\vendor\\laravel\\framework\\src\\Illuminate\\Foundation\\resources\\exceptions\\renderer\\show.blade.php"
2026-09-29T10:42:47.856967Z  INFO tailwindcss_oxide::scanner: Reading "C:\\laragon\\www\\DigitalWatermarking\\vendor\\laravel\\framework\\src\\Illuminate\\Foundation\\resources\\exceptions\\renderer\\components\\icons\\copy.blade.php"
2026-09-29T10:42:47.863620Z  INFO tailwindcss_oxide::scanner: Reading "C:\\laragon\\www\\DigitalWatermarking\\vendor\\laravel\\framework\\src\\Illuminate\\Foundation\\resources\\exceptions\\renderer\\dist\\scripts.js"
2026-09-29T10:42:47.866202Z  INFO get_files:discover_sources: tailwindcss_oxide::scanner: exit
2026-09-29T10:42:47.868365Z  INFO get_files: tailwindcss_oxide::scanner: exit
2026-09-29T10:42:47.868474Z  INFO get_globs: tailwindcss_oxide::scanner: enter
2026-09-29T10:42:47.868489Z  INFO get_globs:discover_sources: tailwindcss_oxide::scanner: enter
2026-09-29T10:42:47.868498Z  INFO get_globs:discover_sources: tailwindcss_oxide::scanner: exit
2026-09-29T10:42:47.873394Z  INFO get_globs: tailwindcss_oxide::scanner: exit
