2026-09-29T03:56:19.730933Z  INFO tailwindcss_oxide::scanner: Provided sources:
2026-09-29T03:56:19.731173Z  INFO tailwindcss_oxide::scanner: Source: PublicSourceEntry { base: "c:\\laragon\\www\\DigitalWatermarking", pattern: "**/*", negated: false }
2026-09-29T03:56:19.733612Z  INFO tailwindcss_oxide::scanner: Optimized sources:
2026-09-29T03:56:19.733665Z  INFO tailwindcss_oxide::scanner: Source: Auto { base: "C:\\laragon\\www\\DigitalWatermarking" }
2026-09-29T03:56:19.738387Z  INFO get_files: tailwindcss_oxide::scanner: enter
2026-09-29T03:56:19.738459Z  INFO get_files:discover_sources: tailwindcss_oxide::scanner: enter
2026-09-29T03:56:19.738690Z  INFO get_files:discover_sources:walk_synchronous: tailwindcss_oxide::scanner: enter
2026-09-29T03:56:19.822583Z  INFO get_files:discover_sources:walk_synchronous: tailwindcss_oxide::scanner: exit
2026-09-29T03:56:19.824506Z  INFO tailwindcss_oxide::scanner: Reading "C:\\laragon\\www\\DigitalWatermarking\\.github\\dependabot.yml"
2026-09-29T03:56:19.826042Z  INFO tailwindcss_oxide::scanner: Reading "C:\\laragon\\www\\DigitalWatermarking\\.github\\workflows\\tests.yml"
2026-09-29T03:56:19.826662Z  INFO tailwindcss_oxide::scanner: Reading "C:\\laragon\\www\\DigitalWatermarking\\app\\Actions\\Fortify\\CreateNewUser.php"
2026-09-29T03:56:19.826975Z  INFO tailwindcss_oxide::scanner: Reading "C:\\laragon\\www\\DigitalWatermarking\\app\\Http\\Responses\\VerifyEmailResponse.php"
2026-09-29T03:56:19.827248Z  INFO tailwindcss_oxide::scanner: Reading "C:\\laragon\\www\\DigitalWatermarking\\app\\Actions\\Fortify\\ResetUserPassword.php"
2026-09-29T03:56:19.827876Z  INFO tailwindcss_oxide::scanner: Reading "C:\\laragon\\www\\DigitalWatermarking\\app\\Actions\\Teams\\CreateTeam.php"
2026-09-29T03:56:19.828229Z  INFO tailwindcss_oxide::scanner: Reading "C:\\laragon\\www\\DigitalWatermarking\\app\\Concerns\\GeneratesUniqueTeamSlugs.php"
2026-09-29T03:56:19.828691Z  INFO tailwindcss_oxide::scanner: Reading "C:\\laragon\\www\\DigitalWatermarking\\app\\Concerns\\HasTeams.php"
2026-09-29T03:56:19.829126Z  INFO tailwindcss_oxide::scanner: Reading "C:\\laragon\\www\\DigitalWatermarking\\app\\Concerns\\PasswordValidationRules.php"
2026-09-29T03:56:19.829450Z  INFO tailwindcss_oxide::scanner: Reading "C:\\laragon\\www\\DigitalWatermarking\\app\\Concerns\\ProfileValidationRules.php"
2026-09-29T03:56:19.830148Z  INFO tailwindcss_oxide::scanner: Reading "C:\\laragon\\www\\DigitalWatermarking\\app\\Data\\TeamPermissions.php"
2026-09-29T03:56:19.830379Z  INFO tailwindcss_oxide::scanner: Reading "C:\\laragon\\www\\DigitalWatermarking\\app\\Data\\UserTeam.php"
2026-09-29T03:56:19.830595Z  INFO tailwindcss_oxide::scanner: Reading "C:\\laragon\\www\\DigitalWatermarking\\app\\Enums\\TeamPermission.php"
2026-09-29T03:56:19.830991Z  INFO tailwindcss_oxide::scanner: Reading "C:\\laragon\\www\\DigitalWatermarking\\app\\Enums\\TeamRole.php"
2026-09-29T03:56:19.850588Z  INFO tailwindcss_oxide::scanner: Reading "C:\\laragon\\www\\DigitalWatermarking\\config\\queue.php"
2026-09-29T03:56:19.856701Z  INFO tailwindcss_oxide::scanner: Reading "C:\\laragon\\www\\DigitalWatermarking\\app\\Exceptions\\Handler.php"
2026-09-29T03:56:19.857512Z  INFO tailwindcss_oxide::scanner: Reading "C:\\laragon\\www\\DigitalWatermarking\\app\\Http\\Controllers\\ArtifactController.php"
2026-09-29T03:56:19.858496Z  INFO tailwindcss_oxide::scanner: Reading "C:\\laragon\\www\\DigitalWatermarking\\app\\Http\\Controllers\\AttackController.php"
2026-09-29T03:56:19.865988Z  INFO tailwindcss_oxide::scanner: Reading "C:\\laragon\\www\\DigitalWatermarking\\app\\Models\\User.php"
2026-09-29T03:56:19.868481Z  INFO tailwindcss_oxide::scanner: Reading "C:\\laragon\\www\\DigitalWatermarking\\app\\Providers\\AppServiceProvider.php"
2026-09-29T03:56:19.868776Z  INFO tailwindcss_oxide::scanner: Reading "C:\\laragon\\www\\DigitalWatermarking\\app\\Services\\PythonEngineException.php"
2026-09-29T03:56:19.870683Z  INFO tailwindcss_oxide::scanner: Reading "C:\\laragon\\www\\DigitalWatermarking\\app\\Services\\PythonWatermarkEngine.php"
2026-09-29T03:56:19.871303Z  INFO tailwindcss_oxide::scanner: Reading "C:\\laragon\\www\\DigitalWatermarking\\app\\Services\\WatermarkStorageService.php"
2026-09-29T03:56:19.871577Z  INFO tailwindcss_oxide::scanner: Reading "C:\\laragon\\www\\DigitalWatermarking\\artisan"
2026-09-29T03:56:19.876302Z  INFO tailwindcss_oxide::scanner: Reading "C:\\laragon\\www\\DigitalWatermarking\\config\\services.php"
2026-09-29T03:56:19.880497Z  INFO tailwindcss_oxide::scanner: Reading "C:\\laragon\\www\\DigitalWatermarking\\app\\Http\\Controllers\\Controller.php"
2026-09-29T03:56:19.881065Z  INFO tailwindcss_oxide::scanner: Reading "C:\\laragon\\www\\DigitalWatermarking\\app\\Http\\Controllers\\EmbeddingController.php"
2026-09-29T03:56:19.881429Z  INFO tailwindcss_oxide::scanner: Reading "C:\\laragon\\www\\DigitalWatermarking\\app\\Http\\Controllers\\EvaluationController.php"
2026-09-29T03:56:19.881812Z  INFO tailwindcss_oxide::scanner: Reading "C:\\laragon\\www\\DigitalWatermarking\\app\\Http\\Controllers\\ExtractionController.php"
2026-09-29T03:56:19.896568Z  INFO tailwindcss_oxide::scanner: Reading "C:\\laragon\\www\\DigitalWatermarking\\bootstrap\\app.php"
2026-09-29T03:56:19.898186Z  INFO tailwindcss_oxide::scanner: Reading "C:\\laragon\\www\\DigitalWatermarking\\app\\Http\\Middleware\\TrustProxies.php"
2026-09-29T03:56:19.913773Z  INFO tailwindcss_oxide::scanner: Reading "C:\\laragon\\www\\DigitalWatermarking\\bootstrap\\providers.php"
2026-09-29T03:56:19.914236Z  INFO tailwindcss_oxide::scanner: Reading "C:\\laragon\\www\\DigitalWatermarking\\check-readiness.ps1"
2026-09-29T03:56:19.914398Z  INFO tailwindcss_oxide::scanner: Reading "C:\\laragon\\www\\DigitalWatermarking\\composer.json"
2026-09-29T03:56:19.917022Z  INFO tailwindcss_oxide::scanner: Reading "C:\\laragon\\www\\DigitalWatermarking\\app\\Http\\Kernel.php"
2026-09-29T03:56:19.928265Z  INFO tailwindcss_oxide::scanner: Reading "C:\\laragon\\www\\DigitalWatermarking\\config\\session.php"
2026-09-29T03:56:19.928560Z  INFO tailwindcss_oxide::scanner: Reading "C:\\laragon\\www\\DigitalWatermarking\\config\\watermark.php"
2026-09-29T03:56:19.928717Z  INFO tailwindcss_oxide::scanner: Reading "C:\\laragon\\www\\DigitalWatermarking\\database\\factories\\UserFactory.php"
2026-09-29T03:56:19.928864Z  INFO tailwindcss_oxide::scanner: Reading "C:\\laragon\\www\\DigitalWatermarking\\database\\migrations\\0001_01_01_000000_create_users_table.php"
2026-09-29T03:56:19.929001Z  INFO tailwindcss_oxide::scanner: Reading "C:\\laragon\\www\\DigitalWatermarking\\database\\migrations\\0001_01_01_000001_create_cache_table.php"
2026-09-29T03:56:19.929139Z  INFO tailwindcss_oxide::scanner: Reading "C:\\laragon\\www\\DigitalWatermarking\\database\\migrations\\0001_01_01_000002_create_jobs_table.php"
2026-09-29T03:56:19.929272Z  INFO tailwindcss_oxide::scanner: Reading "C:\\laragon\\www\\DigitalWatermarking\\database\\seeders\\DatabaseSeeder.php"
2026-09-29T03:56:19.929408Z  INFO tailwindcss_oxide::scanner: Reading "C:\\laragon\\www\\DigitalWatermarking\\package.json"
2026-09-29T03:56:19.929799Z  INFO tailwindcss_oxide::scanner: Reading "C:\\laragon\\www\\DigitalWatermarking\\phpunit.xml"
2026-09-29T03:56:19.930255Z  INFO tailwindcss_oxide::scanner: Reading "C:\\laragon\\www\\DigitalWatermarking\\public\\.htaccess"
2026-09-29T03:56:19.931126Z  INFO tailwindcss_oxide::scanner: Reading "C:\\laragon\\www\\DigitalWatermarking\\public\\assets\\js\\common.js"
2026-09-29T03:56:19.931799Z  INFO tailwindcss_oxide::scanner: Reading "C:\\laragon\\www\\DigitalWatermarking\\public\\assets\\js\\index.js"
2026-09-29T03:56:19.932132Z  INFO tailwindcss_oxide::scanner: Reading "C:\\laragon\\www\\DigitalWatermarking\\public\\assets\\js\\storage.js"
2026-09-29T03:56:19.932613Z  INFO tailwindcss_oxide::scanner: Reading "C:\\laragon\\www\\DigitalWatermarking\\public\\favicon.svg"
2026-09-29T03:56:19.947466Z  INFO tailwindcss_oxide::scanner: Reading "C:\\laragon\\www\\DigitalWatermarking\\app\\Http\\Middleware\\ValidatePostSize.php"
2026-09-29T03:56:19.948478Z  INFO tailwindcss_oxide::scanner: Reading "C:\\laragon\\www\\DigitalWatermarking\\config\\app.php"
2026-09-29T03:56:19.948478Z  INFO tailwindcss_oxide::scanner: Reading "C:\\laragon\\www\\DigitalWatermarking\\app\\Http\\Middleware\\Authenticate.php"
2026-09-29T03:56:19.973736Z  INFO tailwindcss_oxide::scanner: Reading "C:\\laragon\\www\\DigitalWatermarking\\app\\Http\\Middleware\\AuthenticateWithBasicAuth.php"
2026-09-29T03:56:19.978526Z  INFO tailwindcss_oxide::scanner: Reading "C:\\laragon\\www\\DigitalWatermarking\\public\\index.php"
2026-09-29T03:56:19.979244Z  INFO tailwindcss_oxide::scanner: Reading "C:\\laragon\\www\\DigitalWatermarking\\python-engine\\app\\dct.py"
2026-09-29T03:56:19.979796Z  INFO tailwindcss_oxide::scanner: Reading "C:\\laragon\\www\\DigitalWatermarking\\python-engine\\app\\key.py"
2026-09-29T03:56:19.980350Z  INFO tailwindcss_oxide::scanner: Reading "C:\\laragon\\www\\DigitalWatermarking\\python-engine\\app\\metrics.py"
2026-09-29T03:56:19.980973Z  INFO tailwindcss_oxide::scanner: Reading "C:\\laragon\\www\\DigitalWatermarking\\python-engine\\app\\pipeline.py"
2026-09-29T03:56:19.981292Z  INFO tailwindcss_oxide::scanner: Reading "C:\\laragon\\www\\DigitalWatermarking\\config\\auth.php"
2026-09-29T03:56:19.981563Z  INFO tailwindcss_oxide::scanner: Reading "C:\\laragon\\www\\DigitalWatermarking\\python-engine\\app\\watermark.py"
2026-09-29T03:56:19.981771Z  INFO tailwindcss_oxide::scanner: Reading "C:\\laragon\\www\\DigitalWatermarking\\python-engine\\app\\__init__.py"
2026-09-29T03:56:19.982299Z  INFO tailwindcss_oxide::scanner: Reading "C:\\laragon\\www\\DigitalWatermarking\\python-engine\\attack_simulation.py"
2026-09-29T03:56:19.982780Z  INFO tailwindcss_oxide::scanner: Reading "C:\\laragon\\www\\DigitalWatermarking\\python-engine\\main.py"
2026-09-29T03:56:19.983117Z  INFO tailwindcss_oxide::scanner: Reading "C:\\laragon\\www\\DigitalWatermarking\\python-engine\\requirements.txt"
2026-09-29T03:56:19.983466Z  INFO tailwindcss_oxide::scanner: Reading "C:\\laragon\\www\\DigitalWatermarking\\python-engine\\web_bridge.py"
2026-09-29T03:56:20.000113Z  INFO tailwindcss_oxide::scanner: Reading "C:\\laragon\\www\\DigitalWatermarking\\app\\Http\\Middleware\\ValidateSignature.php"
2026-09-29T03:56:20.009819Z  INFO tailwindcss_oxide::scanner: Reading "C:\\laragon\\www\\DigitalWatermarking\\app\\Http\\Middleware\\Authorize.php"
2026-09-29T03:56:20.013910Z  INFO tailwindcss_oxide::scanner: Reading "C:\\laragon\\www\\DigitalWatermarking\\README.md"
2026-09-29T03:56:20.014227Z  INFO tailwindcss_oxide::scanner: Reading "C:\\laragon\\www\\DigitalWatermarking\\resources\\js\\app.js"
2026-09-29T03:56:20.014648Z  INFO tailwindcss_oxide::scanner: Reading "C:\\laragon\\www\\DigitalWatermarking\\resources\\js\\layouts\\app\\AppHeaderLayout.vue"
2026-09-29T03:56:20.016004Z  INFO tailwindcss_oxide::scanner: Reading "C:\\laragon\\www\\DigitalWatermarking\\resources\\js\\layouts\\app\\AppSidebarLayout.vue"
2026-09-29T03:56:20.016275Z  INFO tailwindcss_oxide::scanner: Reading "C:\\laragon\\www\\DigitalWatermarking\\resources\\js\\layouts\\AppLayout.vue"
2026-09-29T03:56:20.016759Z  INFO tailwindcss_oxide::scanner: Reading "C:\\laragon\\www\\DigitalWatermarking\\resources\\js\\layouts\\auth\\AuthCardLayout.vue"
2026-09-29T03:56:20.017164Z  INFO tailwindcss_oxide::scanner: Reading "C:\\laragon\\www\\DigitalWatermarking\\resources\\js\\layouts\\auth\\AuthSimpleLayout.vue"
2026-09-29T03:56:20.017482Z  INFO tailwindcss_oxide::scanner: Reading "C:\\laragon\\www\\DigitalWatermarking\\resources\\js\\layouts\\auth\\AuthSplitLayout.vue"
2026-09-29T03:56:20.017681Z  INFO tailwindcss_oxide::scanner: Reading "C:\\laragon\\www\\DigitalWatermarking\\resources\\js\\layouts\\AuthLayout.vue"
2026-09-29T03:56:20.018054Z  INFO tailwindcss_oxide::scanner: Reading "C:\\laragon\\www\\DigitalWatermarking\\resources\\js\\layouts\\settings\\Layout.vue"
2026-09-29T03:56:20.026687Z  INFO tailwindcss_oxide::scanner: Reading "C:\\laragon\\www\\DigitalWatermarking\\config\\cache.php"
2026-09-29T03:56:20.035169Z  INFO tailwindcss_oxide::scanner: Reading "C:\\laragon\\www\\DigitalWatermarking\\resources\\js\\routes\\appearance\\index.ts"
2026-09-29T03:56:20.044701Z  INFO tailwindcss_oxide::scanner: Reading "C:\\laragon\\www\\DigitalWatermarking\\app\\Http\\Middleware\\VerifyCsrfToken.php"
2026-09-29T03:56:20.045178Z  INFO tailwindcss_oxide::scanner: Reading "C:\\laragon\\www\\DigitalWatermarking\\app\\Http\\Requests\\Settings\\PasswordUpdateRequest.php"
2026-09-29T03:56:20.045427Z  INFO tailwindcss_oxide::scanner: Reading "C:\\laragon\\www\\DigitalWatermarking\\app\\Http\\Requests\\Settings\\ProfileDeleteRequest.php"
2026-09-29T03:56:20.045625Z  INFO tailwindcss_oxide::scanner: Reading "C:\\laragon\\www\\DigitalWatermarking\\app\\Http\\Requests\\Settings\\ProfileUpdateRequest.php"
2026-09-29T03:56:20.045809Z  INFO tailwindcss_oxide::scanner: Reading "C:\\laragon\\www\\DigitalWatermarking\\app\\Http\\Requests\\Settings\\TwoFactorAuthenticationRequest.php"
2026-09-29T03:56:20.046088Z  INFO tailwindcss_oxide::scanner: Reading "C:\\laragon\\www\\DigitalWatermarking\\app\\Http\\Requests\\Teams\\CreateTeamInvitationRequest.php"
2026-09-29T03:56:20.046385Z  INFO tailwindcss_oxide::scanner: Reading "C:\\laragon\\www\\DigitalWatermarking\\app\\Http\\Requests\\Teams\\DeleteTeamRequest.php"
2026-09-29T03:56:20.046801Z  INFO tailwindcss_oxide::scanner: Reading "C:\\laragon\\www\\DigitalWatermarking\\app\\Http\\Requests\\Teams\\RespondToTeamInvitationRequest.php"
2026-09-29T03:56:20.047920Z  INFO tailwindcss_oxide::scanner: Reading "C:\\laragon\\www\\DigitalWatermarking\\app\\Http\\Requests\\Teams\\SaveTeamRequest.php"
2026-09-29T03:56:20.048315Z  INFO tailwindcss_oxide::scanner: Reading "C:\\laragon\\www\\DigitalWatermarking\\app\\Http\\Requests\\Teams\\UpdateTeamMemberRequest.php"
2026-09-29T03:56:20.047494Z  INFO tailwindcss_oxide::scanner: Reading "C:\\laragon\\www\\DigitalWatermarking\\app\\Http\\Middleware\\ConvertEmptyStringsToNull.php"
2026-09-29T03:56:20.065383Z  INFO tailwindcss_oxide::scanner: Reading "C:\\laragon\\www\\DigitalWatermarking\\config\\database.php"
2026-09-29T03:56:20.067511Z  INFO tailwindcss_oxide::scanner: Reading "C:\\laragon\\www\\DigitalWatermarking\\resources\\js\\routes\\index.ts"
2026-09-29T03:56:20.081229Z  INFO tailwindcss_oxide::scanner: Reading "C:\\laragon\\www\\DigitalWatermarking\\app\\Http\\Responses\\Concerns\\RedirectsToCurrentTeam.php"
2026-09-29T03:56:20.097671Z  INFO tailwindcss_oxide::scanner: Reading "C:\\laragon\\www\\DigitalWatermarking\\config\\filesystems.php"
2026-09-29T03:56:20.108152Z  INFO tailwindcss_oxide::scanner: Reading "C:\\laragon\\www\\DigitalWatermarking\\app\\Http\\Middleware\\EncryptCookies.php"
2026-09-29T03:56:20.108901Z  INFO tailwindcss_oxide::scanner: Reading "C:\\laragon\\www\\DigitalWatermarking\\app\\Http\\Responses\\LoginResponse.php"
2026-09-29T03:56:20.109508Z  INFO tailwindcss_oxide::scanner: Reading "C:\\laragon\\www\\DigitalWatermarking\\app\\Http\\Responses\\PasskeyLoginResponse.php"
2026-09-29T03:56:20.109676Z  INFO tailwindcss_oxide::scanner: Reading "C:\\laragon\\www\\DigitalWatermarking\\resources\\js\\routes\\invitations\\index.ts"
2026-09-29T03:56:20.110209Z  INFO tailwindcss_oxide::scanner: Reading "C:\\laragon\\www\\DigitalWatermarking\\app\\Http\\Responses\\RegisterResponse.php"
2026-09-29T03:56:20.110565Z  INFO tailwindcss_oxide::scanner: Reading "C:\\laragon\\www\\DigitalWatermarking\\app\\Http\\Responses\\TwoFactorLoginResponse.php"
2026-09-29T03:56:20.132623Z  INFO tailwindcss_oxide::scanner: Reading "C:\\laragon\\www\\DigitalWatermarking\\app\\Http\\Middleware\\HandleCors.php"
2026-09-29T03:56:20.137506Z  INFO tailwindcss_oxide::scanner: Reading "C:\\laragon\\www\\DigitalWatermarking\\config\\logging.php"
2026-09-29T03:56:20.138364Z  INFO tailwindcss_oxide::scanner: Reading "C:\\laragon\\www\\DigitalWatermarking\\app\\Http\\Middleware\\EnsureEmailIsVerified.php"
2026-09-29T03:56:20.143293Z  INFO tailwindcss_oxide::scanner: Reading "C:\\laragon\\www\\DigitalWatermarking\\resources\\js\\routes\\login\\index.ts"
2026-09-29T03:56:20.163942Z  INFO tailwindcss_oxide::scanner: Reading "C:\\laragon\\www\\DigitalWatermarking\\app\\Http\\Middleware\\RedirectIfAuthenticated.php"
2026-09-29T03:56:20.166315Z  INFO tailwindcss_oxide::scanner: Reading "C:\\laragon\\www\\DigitalWatermarking\\config\\mail.php"
2026-09-29T03:56:20.181429Z  INFO tailwindcss_oxide::scanner: Reading "C:\\laragon\\www\\DigitalWatermarking\\resources\\js\\routes\\user-password\\index.ts"
2026-09-29T03:56:20.182237Z  INFO tailwindcss_oxide::scanner: Reading "C:\\laragon\\www\\DigitalWatermarking\\resources\\js\\routes\\passkey\\index.ts"
2026-09-29T03:56:20.187649Z  INFO tailwindcss_oxide::scanner: Reading "C:\\laragon\\www\\DigitalWatermarking\\routes\\console.php"
2026-09-29T03:56:20.188207Z  INFO tailwindcss_oxide::scanner: Reading "C:\\laragon\\www\\DigitalWatermarking\\routes\\web.php"
2026-09-29T03:56:20.188432Z  INFO tailwindcss_oxide::scanner: Reading "C:\\laragon\\www\\DigitalWatermarking\\setup-check.ps1"
2026-09-29T03:56:20.188556Z  INFO tailwindcss_oxide::scanner: Reading "C:\\laragon\\www\\DigitalWatermarking\\tests\\CreatesApplication.php"
2026-09-29T03:56:20.188675Z  INFO tailwindcss_oxide::scanner: Reading "C:\\laragon\\www\\DigitalWatermarking\\tests\\Feature\\WatermarkingTest.php"
2026-09-29T03:56:20.188785Z  INFO tailwindcss_oxide::scanner: Reading "C:\\laragon\\www\\DigitalWatermarking\\tests\\Pest.php"
2026-09-29T03:56:20.188891Z  INFO tailwindcss_oxide::scanner: Reading "C:\\laragon\\www\\DigitalWatermarking\\tests\\TestCase.php"
2026-09-29T03:56:20.189329Z  INFO tailwindcss_oxide::scanner: Reading "C:\\laragon\\www\\DigitalWatermarking\\vite.config.js"
2026-09-29T03:56:20.189771Z  INFO tailwindcss_oxide::scanner: Reading "C:\\laragon\\www\\DigitalWatermarking\\vite.config.ts"
2026-09-29T03:56:20.190325Z  INFO tailwindcss_oxide::scanner: Reading "C:\\laragon\\www\\DigitalWatermarking\\resources\\views\\embedding.blade.php"
2026-09-29T03:56:20.190896Z  INFO tailwindcss_oxide::scanner: Reading "C:\\laragon\\www\\DigitalWatermarking\\resources\\views\\evaluation.blade.php"
2026-09-29T03:56:20.191326Z  INFO tailwindcss_oxide::scanner: Reading "C:\\laragon\\www\\DigitalWatermarking\\resources\\views\\extraction.blade.php"
2026-09-29T03:56:20.191831Z  INFO tailwindcss_oxide::scanner: Reading "C:\\laragon\\www\\DigitalWatermarking\\resources\\views\\index.blade.php"
2026-09-29T03:56:20.192200Z  INFO tailwindcss_oxide::scanner: Reading "C:\\laragon\\www\\DigitalWatermarking\\resources\\views\\layouts\\app.blade.php"
2026-09-29T03:56:20.216401Z  INFO tailwindcss_oxide::scanner: Reading "C:\\laragon\\www\\DigitalWatermarking\\app\\Http\\Middleware\\ShareErrorsFromSession.php"
2026-09-29T03:56:20.217012Z  INFO tailwindcss_oxide::scanner: Reading "C:\\laragon\\www\\DigitalWatermarking\\resources\\js\\routes\\password\\confirm\\index.ts"
2026-09-29T03:56:20.225768Z  INFO tailwindcss_oxide::scanner: Reading "C:\\laragon\\www\\DigitalWatermarking\\resources\\js\\routes\\verification\\index.ts"
2026-09-29T03:56:20.228901Z  INFO tailwindcss_oxide::scanner: Reading "C:\\laragon\\www\\DigitalWatermarking\\app\\Http\\Middleware\\RequirePassword.php"
2026-09-29T03:56:20.243463Z  INFO tailwindcss_oxide::scanner: Reading "C:\\laragon\\www\\DigitalWatermarking\\app\\Http\\Middleware\\StartSession.php"
2026-09-29T03:56:20.251907Z  INFO tailwindcss_oxide::scanner: Reading "C:\\laragon\\www\\DigitalWatermarking\\resources\\js\\routes\\password\\index.ts"
2026-09-29T03:56:20.255222Z  INFO tailwindcss_oxide::scanner: Reading "C:\\laragon\\www\\DigitalWatermarking\\resources\\js\\routes\\well-known\\index.ts"
2026-09-29T03:56:20.255908Z  INFO tailwindcss_oxide::scanner: Reading "C:\\laragon\\www\\DigitalWatermarking\\resources\\views\\attack.blade.php"
2026-09-29T03:56:20.257471Z  INFO tailwindcss_oxide::scanner: Reading "C:\\laragon\\www\\DigitalWatermarking\\app\\Http\\Middleware\\ThrottleRequests.php"
2026-09-29T03:56:20.275355Z  INFO tailwindcss_oxide::scanner: Reading "C:\\laragon\\www\\DigitalWatermarking\\app\\Http\\Middleware\\SetCacheHeaders.php"
2026-09-29T03:56:20.279713Z  INFO tailwindcss_oxide::scanner: Reading "C:\\laragon\\www\\DigitalWatermarking\\app\\Http\\Middleware\\SubstituteBindings.php"
2026-09-29T03:56:20.280440Z  INFO tailwindcss_oxide::scanner: Reading "C:\\laragon\\www\\DigitalWatermarking\\app\\Http\\Middleware\\TrimStrings.php"
2026-09-29T03:56:20.301882Z  INFO tailwindcss_oxide::scanner: Reading "C:\\laragon\\www\\DigitalWatermarking\\resources\\js\\routes\\storage\\index.ts"
2026-09-29T03:56:20.303578Z  INFO tailwindcss_oxide::scanner: Reading "C:\\laragon\\www\\DigitalWatermarking\\resources\\js\\routes\\profile\\index.ts"
2026-09-29T03:56:20.326164Z  INFO tailwindcss_oxide::scanner: Reading "C:\\laragon\\www\\DigitalWatermarking\\resources\\js\\routes\\register\\index.ts"
2026-09-29T03:56:20.335295Z  INFO tailwindcss_oxide::scanner: Reading "C:\\laragon\\www\\DigitalWatermarking\\resources\\js\\routes\\storage\\local\\index.ts"
2026-09-29T03:56:20.343902Z  INFO tailwindcss_oxide::scanner: Reading "C:\\laragon\\www\\DigitalWatermarking\\resources\\js\\routes\\teams\\index.ts"
2026-09-29T03:56:20.344200Z  INFO tailwindcss_oxide::scanner: Reading "C:\\laragon\\www\\DigitalWatermarking\\resources\\js\\routes\\security\\index.ts"
2026-09-29T03:56:20.363279Z  INFO tailwindcss_oxide::scanner: Reading "C:\\laragon\\www\\DigitalWatermarking\\resources\\js\\routes\\two-factor\\index.ts"
2026-09-29T03:56:20.365320Z  INFO tailwindcss_oxide::scanner: Reading "C:\\laragon\\www\\DigitalWatermarking\\resources\\js\\routes\\teams\\members\\index.ts"
2026-09-29T03:56:20.367867Z  INFO tailwindcss_oxide::scanner: Reading "C:\\laragon\\www\\DigitalWatermarking\\resources\\js\\routes\\two-factor\\login\\index.ts"
2026-09-29T03:56:20.385771Z  INFO tailwindcss_oxide::scanner: Reading "C:\\laragon\\www\\DigitalWatermarking\\resources\\js\\routes\\teams\\invitations\\index.ts"
2026-09-29T03:56:20.386134Z  INFO get_files:discover_sources: tailwindcss_oxide::scanner: exit
2026-09-29T03:56:20.386518Z  INFO get_files: tailwindcss_oxide::scanner: exit
2026-09-29T03:56:20.386709Z  INFO get_globs: tailwindcss_oxide::scanner: enter
2026-09-29T03:56:20.386725Z  INFO get_globs:discover_sources: tailwindcss_oxide::scanner: enter
2026-09-29T03:56:20.386737Z  INFO get_globs:discover_sources: tailwindcss_oxide::scanner: exit
2026-09-29T03:56:21.676778Z  INFO get_globs: tailwindcss_oxide::scanner: exit
2026-09-29T03:56:21.680013Z  INFO tailwindcss_oxide::scanner: Provided sources:
2026-09-29T03:56:21.680036Z  INFO tailwindcss_oxide::scanner: Source: PublicSourceEntry { base: "c:\\laragon\\www\\DigitalWatermarking\\vendor\\laravel\\framework\\src\\Illuminate\\Foundation\\resources\\exceptions\\renderer", pattern: "**/*", negated: false }
2026-09-29T03:56:21.681750Z  INFO tailwindcss_oxide::scanner: Optimized sources:
2026-09-29T03:56:21.681778Z  INFO tailwindcss_oxide::scanner: Source: External { base: "C:\\laragon\\www\\DigitalWatermarking\\vendor\\laravel\\framework\\src\\Illuminate\\Foundation\\resources\\exceptions\\renderer" }
2026-09-29T03:56:21.685176Z  INFO get_files: tailwindcss_oxide::scanner: enter
2026-09-29T03:56:21.685242Z  INFO get_files:discover_sources: tailwindcss_oxide::scanner: enter
2026-09-29T03:56:21.685275Z  INFO get_files:discover_sources:walk_synchronous: tailwindcss_oxide::scanner: enter
2026-09-29T03:56:21.698621Z  INFO get_files:discover_sources:walk_synchronous: tailwindcss_oxide::scanner: exit
2026-09-29T03:56:21.701130Z  INFO tailwindcss_oxide::scanner: Reading "C:\\laragon\\www\\DigitalWatermarking\\vendor\\laravel\\framework\\src\\Illuminate\\Foundation\\resources\\exceptions\\renderer\\components\\syntax-highlight.blade.php"
2026-09-29T03:56:21.711740Z  INFO tailwindcss_oxide::scanner: Reading "C:\\laragon\\www\\DigitalWatermarking\\vendor\\laravel\\framework\\src\\Illuminate\\Foundation\\resources\\exceptions\\renderer\\components\\icons\\chevron-right.blade.php"
2026-09-29T03:56:21.714631Z  INFO tailwindcss_oxide::scanner: Reading "C:\\laragon\\www\\DigitalWatermarking\\vendor\\laravel\\framework\\src\\Illuminate\\Foundation\\resources\\exceptions\\renderer\\components\\laravel-ascii-spotlight.blade.php"
2026-09-29T03:56:21.714814Z  INFO tailwindcss_oxide::scanner: Reading "C:\\laragon\\www\\DigitalWatermarking\\vendor\\laravel\\framework\\src\\Illuminate\\Foundation\\resources\\exceptions\\renderer\\components\\badge.blade.php"
2026-09-29T03:56:21.724940Z  INFO tailwindcss_oxide::scanner: Reading "C:\\laragon\\www\\DigitalWatermarking\\vendor\\laravel\\framework\\src\\Illuminate\\Foundation\\resources\\exceptions\\renderer\\components\\icons\\chevrons-down-up.blade.php"
2026-09-29T03:56:21.739225Z  INFO tailwindcss_oxide::scanner: Reading "C:\\laragon\\www\\DigitalWatermarking\\vendor\\laravel\\framework\\src\\Illuminate\\Foundation\\resources\\exceptions\\renderer\\components\\icons\\chevrons-left.blade.php"
2026-09-29T03:56:21.740799Z  INFO tailwindcss_oxide::scanner: Reading "C:\\laragon\\www\\DigitalWatermarking\\vendor\\laravel\\framework\\src\\Illuminate\\Foundation\\resources\\exceptions\\renderer\\components\\layout.blade.php"
2026-09-29T03:56:21.741529Z  INFO tailwindcss_oxide::scanner: Reading "C:\\laragon\\www\\DigitalWatermarking\\vendor\\laravel\\framework\\src\\Illuminate\\Foundation\\resources\\exceptions\\renderer\\components\\topbar.blade.php"
2026-09-29T03:56:21.742747Z  INFO tailwindcss_oxide::scanner: Reading "C:\\laragon\\www\\DigitalWatermarking\\vendor\\laravel\\framework\\src\\Illuminate\\Foundation\\resources\\exceptions\\renderer\\components\\previous-exceptions.blade.php"
2026-09-29T03:56:21.750801Z  INFO tailwindcss_oxide::scanner: Reading "C:\\laragon\\www\\DigitalWatermarking\\vendor\\laravel\\framework\\src\\Illuminate\\Foundation\\resources\\exceptions\\renderer\\components\\icons\\chevrons-right.blade.php"
2026-09-29T03:56:21.759487Z  INFO tailwindcss_oxide::scanner: Reading "C:\\laragon\\www\\DigitalWatermarking\\vendor\\laravel\\framework\\src\\Illuminate\\Foundation\\resources\\exceptions\\renderer\\components\\query.blade.php"
2026-09-29T03:56:21.760088Z  INFO tailwindcss_oxide::scanner: Reading "C:\\laragon\\www\\DigitalWatermarking\\vendor\\laravel\\framework\\src\\Illuminate\\Foundation\\resources\\exceptions\\renderer\\components\\empty-state.blade.php"
2026-09-29T03:56:21.766773Z  INFO tailwindcss_oxide::scanner: Reading "C:\\laragon\\www\\DigitalWatermarking\\vendor\\laravel\\framework\\src\\Illuminate\\Foundation\\resources\\exceptions\\renderer\\components\\icons\\chevrons-up-down.blade.php"
2026-09-29T03:56:21.766900Z  INFO tailwindcss_oxide::scanner: Reading "C:\\laragon\\www\\DigitalWatermarking\\vendor\\laravel\\framework\\src\\Illuminate\\Foundation\\resources\\exceptions\\renderer\\components\\trace.blade.php"
2026-09-29T03:56:21.773491Z  INFO tailwindcss_oxide::scanner: Reading "C:\\laragon\\www\\DigitalWatermarking\\vendor\\laravel\\framework\\src\\Illuminate\\Foundation\\resources\\exceptions\\renderer\\components\\request-body.blade.php"
2026-09-29T03:56:21.774688Z  INFO tailwindcss_oxide::scanner: Reading "C:\\laragon\\www\\DigitalWatermarking\\vendor\\laravel\\framework\\src\\Illuminate\\Foundation\\resources\\exceptions\\renderer\\components\\file-with-line.blade.php"
2026-09-29T03:56:21.775401Z  INFO tailwindcss_oxide::scanner: Reading "C:\\laragon\\www\\DigitalWatermarking\\vendor\\laravel\\framework\\src\\Illuminate\\Foundation\\resources\\exceptions\\renderer\\components\\request-header.blade.php"
2026-09-29T03:56:21.779344Z  INFO tailwindcss_oxide::scanner: Reading "C:\\laragon\\www\\DigitalWatermarking\\vendor\\laravel\\framework\\src\\Illuminate\\Foundation\\resources\\exceptions\\renderer\\components\\icons\\copy.blade.php"
2026-09-29T03:56:21.780898Z  INFO tailwindcss_oxide::scanner: Reading "C:\\laragon\\www\\DigitalWatermarking\\vendor\\laravel\\framework\\src\\Illuminate\\Foundation\\resources\\exceptions\\renderer\\components\\icons\\database.blade.php"
2026-09-29T03:56:21.783491Z  INFO tailwindcss_oxide::scanner: Reading "C:\\laragon\\www\\DigitalWatermarking\\vendor\\laravel\\framework\\src\\Illuminate\\Foundation\\resources\\exceptions\\renderer\\components\\icons\\folder-open.blade.php"
2026-09-29T03:56:21.787907Z  INFO tailwindcss_oxide::scanner: Reading "C:\\laragon\\www\\DigitalWatermarking\\vendor\\laravel\\framework\\src\\Illuminate\\Foundation\\resources\\exceptions\\renderer\\components\\request-url.blade.php"
2026-09-29T03:56:21.788566Z  INFO tailwindcss_oxide::scanner: Reading "C:\\laragon\\www\\DigitalWatermarking\\vendor\\laravel\\framework\\src\\Illuminate\\Foundation\\resources\\exceptions\\renderer\\components\\icons\\folder.blade.php"
2026-09-29T03:56:21.797789Z  INFO tailwindcss_oxide::scanner: Reading "C:\\laragon\\www\\DigitalWatermarking\\vendor\\laravel\\framework\\src\\Illuminate\\Foundation\\resources\\exceptions\\renderer\\components\\vendor-frame.blade.php"
2026-09-29T03:56:21.799764Z  INFO tailwindcss_oxide::scanner: Reading "C:\\laragon\\www\\DigitalWatermarking\\vendor\\laravel\\framework\\src\\Illuminate\\Foundation\\resources\\exceptions\\renderer\\components\\icons\\globe.blade.php"
2026-09-29T03:56:21.804349Z  INFO tailwindcss_oxide::scanner: Reading "C:\\laragon\\www\\DigitalWatermarking\\vendor\\laravel\\framework\\src\\Illuminate\\Foundation\\resources\\exceptions\\renderer\\components\\icons\\info.blade.php"
2026-09-29T03:56:21.806051Z  INFO tailwindcss_oxide::scanner: Reading "C:\\laragon\\www\\DigitalWatermarking\\vendor\\laravel\\framework\\src\\Illuminate\\Foundation\\resources\\exceptions\\renderer\\components\\formatted-source.blade.php"
2026-09-29T03:56:21.806595Z  INFO tailwindcss_oxide::scanner: Reading "C:\\laragon\\www\\DigitalWatermarking\\vendor\\laravel\\framework\\src\\Illuminate\\Foundation\\resources\\exceptions\\renderer\\components\\routing-parameter.blade.php"
2026-09-29T03:56:21.811717Z  INFO tailwindcss_oxide::scanner: Reading "C:\\laragon\\www\\DigitalWatermarking\\vendor\\laravel\\framework\\src\\Illuminate\\Foundation\\resources\\exceptions\\renderer\\components\\vendor-frames.blade.php"
2026-09-29T03:56:21.826637Z  INFO tailwindcss_oxide::scanner: Reading "C:\\laragon\\www\\DigitalWatermarking\\vendor\\laravel\\framework\\src\\Illuminate\\Foundation\\resources\\exceptions\\renderer\\components\\frame-code.blade.php"
2026-09-29T03:56:21.828214Z  INFO tailwindcss_oxide::scanner: Reading "C:\\laragon\\www\\DigitalWatermarking\\vendor\\laravel\\framework\\src\\Illuminate\\Foundation\\resources\\exceptions\\renderer\\components\\routing.blade.php"
2026-09-29T03:56:21.835858Z  INFO tailwindcss_oxide::scanner: Reading "C:\\laragon\\www\\DigitalWatermarking\\vendor\\laravel\\framework\\src\\Illuminate\\Foundation\\resources\\exceptions\\renderer\\components\\icons\\laravel-ascii.blade.php"
2026-09-29T03:56:21.856559Z  INFO tailwindcss_oxide::scanner: Reading "C:\\laragon\\www\\DigitalWatermarking\\vendor\\laravel\\framework\\src\\Illuminate\\Foundation\\resources\\exceptions\\renderer\\markdown.blade.php"
2026-09-29T03:56:21.857366Z  INFO tailwindcss_oxide::scanner: Reading "C:\\laragon\\www\\DigitalWatermarking\\vendor\\laravel\\framework\\src\\Illuminate\\Foundation\\resources\\exceptions\\renderer\\components\\frame.blade.php"
2026-09-29T03:56:21.876699Z  INFO tailwindcss_oxide::scanner: Reading "C:\\laragon\\www\\DigitalWatermarking\\vendor\\laravel\\framework\\src\\Illuminate\\Foundation\\resources\\exceptions\\renderer\\package-lock.json"
2026-09-29T03:56:21.877015Z  INFO tailwindcss_oxide::scanner: Reading "C:\\laragon\\www\\DigitalWatermarking\\vendor\\laravel\\framework\\src\\Illuminate\\Foundation\\resources\\exceptions\\renderer\\package.json"
2026-09-29T03:56:21.883088Z  INFO tailwindcss_oxide::scanner: Reading "C:\\laragon\\www\\DigitalWatermarking\\vendor\\laravel\\framework\\src\\Illuminate\\Foundation\\resources\\exceptions\\renderer\\components\\header.blade.php"
2026-09-29T03:56:21.883370Z  INFO tailwindcss_oxide::scanner: Reading "C:\\laragon\\www\\DigitalWatermarking\\vendor\\laravel\\framework\\src\\Illuminate\\Foundation\\resources\\exceptions\\renderer\\components\\section-container.blade.php"
2026-09-29T03:56:21.917986Z  INFO tailwindcss_oxide::scanner: Reading "C:\\laragon\\www\\DigitalWatermarking\\vendor\\laravel\\framework\\src\\Illuminate\\Foundation\\resources\\exceptions\\renderer\\components\\separator.blade.php"
2026-09-29T03:56:21.920650Z  INFO tailwindcss_oxide::scanner: Reading "C:\\laragon\\www\\DigitalWatermarking\\vendor\\laravel\\framework\\src\\Illuminate\\Foundation\\resources\\exceptions\\renderer\\scripts.js"
2026-09-29T03:56:21.930607Z  INFO tailwindcss_oxide::scanner: Reading "C:\\laragon\\www\\DigitalWatermarking\\vendor\\laravel\\framework\\src\\Illuminate\\Foundation\\resources\\exceptions\\renderer\\components\\http-method.blade.php"
2026-09-29T03:56:21.944175Z  INFO tailwindcss_oxide::scanner: Reading "C:\\laragon\\www\\DigitalWatermarking\\vendor\\laravel\\framework\\src\\Illuminate\\Foundation\\resources\\exceptions\\renderer\\components\\icons\\alert.blade.php"
2026-09-29T03:56:21.947125Z  INFO tailwindcss_oxide::scanner: Reading "C:\\laragon\\www\\DigitalWatermarking\\vendor\\laravel\\framework\\src\\Illuminate\\Foundation\\resources\\exceptions\\renderer\\show.blade.php"
2026-09-29T03:56:21.953100Z  INFO tailwindcss_oxide::scanner: Reading "C:\\laragon\\www\\DigitalWatermarking\\vendor\\laravel\\framework\\src\\Illuminate\\Foundation\\resources\\exceptions\\renderer\\components\\icons\\check.blade.php"
2026-09-29T03:56:21.971232Z  INFO tailwindcss_oxide::scanner: Reading "C:\\laragon\\www\\DigitalWatermarking\\vendor\\laravel\\framework\\src\\Illuminate\\Foundation\\resources\\exceptions\\renderer\\vite.config.js"
2026-09-29T03:56:21.973994Z  INFO tailwindcss_oxide::scanner: Reading "C:\\laragon\\www\\DigitalWatermarking\\vendor\\laravel\\framework\\src\\Illuminate\\Foundation\\resources\\exceptions\\renderer\\components\\icons\\chevron-left.blade.php"
2026-09-29T03:56:22.062141Z  INFO tailwindcss_oxide::scanner: Reading "C:\\laragon\\www\\DigitalWatermarking\\vendor\\laravel\\framework\\src\\Illuminate\\Foundation\\resources\\exceptions\\renderer\\dist\\scripts.js"
2026-09-29T03:56:22.063490Z  INFO get_files:discover_sources: tailwindcss_oxide::scanner: exit
2026-09-29T03:56:22.064488Z  INFO get_files: tailwindcss_oxide::scanner: exit
2026-09-29T03:56:22.064581Z  INFO get_globs: tailwindcss_oxide::scanner: enter
2026-09-29T03:56:22.064596Z  INFO get_globs:discover_sources: tailwindcss_oxide::scanner: enter
2026-09-29T03:56:22.064606Z  INFO get_globs:discover_sources: tailwindcss_oxide::scanner: exit
2026-09-29T03:56:22.070241Z  INFO get_globs: tailwindcss_oxide::scanner: exit
