2026-09-29T10:42:47.777708Z  INFO tailwindcss_oxide::scanner: Provided sources:
2026-09-29T10:42:47.777899Z  INFO tailwindcss_oxide::scanner: Source: PublicSourceEntry { base: "c:\\laragon\\www\\DigitalWatermarking", pattern: "**/*", negated: false }
2026-09-29T10:42:47.800440Z  INFO tailwindcss_oxide::scanner: Optimized sources:
2026-09-29T10:42:47.800506Z  INFO tailwindcss_oxide::scanner: Source: Auto { base: "C:\\laragon\\www\\DigitalWatermarking" }
2026-09-29T10:42:47.804751Z  INFO get_files: tailwindcss_oxide::scanner: enter
2026-09-29T10:42:47.804793Z  INFO get_files:discover_sources: tailwindcss_oxide::scanner: enter
2026-09-29T10:42:47.804927Z  INFO get_files:discover_sources:walk_synchronous: tailwindcss_oxide::scanner: enter
2026-09-29T10:42:47.938108Z  INFO get_files:discover_sources:walk_synchronous: tailwindcss_oxide::scanner: exit
2026-09-29T10:42:47.939341Z  INFO tailwindcss_oxide::scanner: Reading "C:\\laragon\\www\\DigitalWatermarking\\config\\queue.php"
2026-09-29T10:42:47.939532Z  INFO tailwindcss_oxide::scanner: Reading "C:\\laragon\\www\\DigitalWatermarking\\config\\services.php"
2026-09-29T10:42:47.939710Z  INFO tailwindcss_oxide::scanner: Reading "C:\\laragon\\www\\DigitalWatermarking\\config\\session.php"
2026-09-29T10:42:47.939934Z  INFO tailwindcss_oxide::scanner: Reading "C:\\laragon\\www\\DigitalWatermarking\\config\\watermark.php"
2026-09-29T10:42:47.940120Z  INFO tailwindcss_oxide::scanner: Reading "C:\\laragon\\www\\DigitalWatermarking\\database\\factories\\UserFactory.php"
2026-09-29T10:42:47.940282Z  INFO tailwindcss_oxide::scanner: Reading "C:\\laragon\\www\\DigitalWatermarking\\database\\migrations\\0001_01_01_000000_create_users_table.php"
2026-09-29T10:42:47.940437Z  INFO tailwindcss_oxide::scanner: Reading "C:\\laragon\\www\\DigitalWatermarking\\database\\migrations\\0001_01_01_000001_create_cache_table.php"
2026-09-29T10:42:47.940587Z  INFO tailwindcss_oxide::scanner: Reading "C:\\laragon\\www\\DigitalWatermarking\\database\\migrations\\0001_01_01_000002_create_jobs_table.php"
2026-09-29T10:42:47.940786Z  INFO tailwindcss_oxide::scanner: Reading "C:\\laragon\\www\\DigitalWatermarking\\database\\seeders\\DatabaseSeeder.php"
2026-09-29T10:42:47.940975Z  INFO tailwindcss_oxide::scanner: Reading "C:\\laragon\\www\\DigitalWatermarking\\package.json"
2026-09-29T10:42:47.941144Z  INFO tailwindcss_oxide::scanner: Reading "C:\\laragon\\www\\DigitalWatermarking\\phpunit.xml"
2026-09-29T10:42:47.942379Z  INFO tailwindcss_oxide::scanner: Reading "C:\\laragon\\www\\DigitalWatermarking\\public\\.htaccess"
2026-09-29T10:42:47.947133Z  INFO tailwindcss_oxide::scanner: Reading "C:\\laragon\\www\\DigitalWatermarking\\public\\assets\\js\\common.js"
2026-09-29T10:42:47.947376Z  INFO tailwindcss_oxide::scanner: Reading "C:\\laragon\\www\\DigitalWatermarking\\public\\assets\\js\\index.js"
2026-09-29T10:42:47.947626Z  INFO tailwindcss_oxide::scanner: Reading "C:\\laragon\\www\\DigitalWatermarking\\public\\assets\\js\\storage.js"
2026-09-29T10:42:47.947966Z  INFO tailwindcss_oxide::scanner: Reading "C:\\laragon\\www\\DigitalWatermarking\\public\\favicon.svg"
2026-09-29T10:42:47.948702Z  INFO tailwindcss_oxide::scanner: Reading "C:\\laragon\\www\\DigitalWatermarking\\.github\\dependabot.yml"
2026-09-29T10:42:47.948784Z  INFO tailwindcss_oxide::scanner: Reading "C:\\laragon\\www\\DigitalWatermarking\\public\\index.php"
2026-09-29T10:42:47.949202Z  INFO tailwindcss_oxide::scanner: Reading "C:\\laragon\\www\\DigitalWatermarking\\python-engine\\app\\dct.py"
2026-09-29T10:42:47.949525Z  INFO tailwindcss_oxide::scanner: Reading "C:\\laragon\\www\\DigitalWatermarking\\python-engine\\app\\key.py"
2026-09-29T10:42:47.949651Z  INFO tailwindcss_oxide::scanner: Reading "C:\\laragon\\www\\DigitalWatermarking\\app\\Http\\Middleware\\TrimStrings.php"
2026-09-29T10:42:47.950036Z  INFO tailwindcss_oxide::scanner: Reading "C:\\laragon\\www\\DigitalWatermarking\\app\\Http\\Middleware\\TrustProxies.php"
2026-09-29T10:42:47.950072Z  INFO tailwindcss_oxide::scanner: Reading "C:\\laragon\\www\\DigitalWatermarking\\python-engine\\app\\metrics.py"
2026-09-29T10:42:47.950317Z  INFO tailwindcss_oxide::scanner: Reading "C:\\laragon\\www\\DigitalWatermarking\\app\\Http\\Middleware\\ValidatePostSize.php"
2026-09-29T10:42:47.950448Z  INFO tailwindcss_oxide::scanner: Reading "C:\\laragon\\www\\DigitalWatermarking\\python-engine\\app\\pipeline.py"
2026-09-29T10:42:47.950606Z  INFO tailwindcss_oxide::scanner: Reading "C:\\laragon\\www\\DigitalWatermarking\\python-engine\\app\\watermark.py"
2026-09-29T10:42:47.950639Z  INFO tailwindcss_oxide::scanner: Reading "C:\\laragon\\www\\DigitalWatermarking\\app\\Http\\Middleware\\ValidateSignature.php"
2026-09-29T10:42:47.950724Z  INFO tailwindcss_oxide::scanner: Reading "C:\\laragon\\www\\DigitalWatermarking\\python-engine\\app\\__init__.py"
2026-09-29T10:42:47.950881Z  INFO tailwindcss_oxide::scanner: Reading "C:\\laragon\\www\\DigitalWatermarking\\python-engine\\attack_simulation.py"
2026-09-29T10:42:47.950949Z  INFO tailwindcss_oxide::scanner: Reading "C:\\laragon\\www\\DigitalWatermarking\\app\\Http\\Middleware\\VerifyCsrfToken.php"
2026-09-29T10:42:47.951013Z  INFO tailwindcss_oxide::scanner: Reading "C:\\laragon\\www\\DigitalWatermarking\\python-engine\\main.py"
2026-09-29T10:42:47.951198Z  INFO tailwindcss_oxide::scanner: Reading "C:\\laragon\\www\\DigitalWatermarking\\python-engine\\requirements.txt"
2026-09-29T10:42:47.951221Z  INFO tailwindcss_oxide::scanner: Reading "C:\\laragon\\www\\DigitalWatermarking\\app\\Http\\Requests\\Settings\\PasswordUpdateRequest.php"
2026-09-29T10:42:47.951373Z  INFO tailwindcss_oxide::scanner: Reading "C:\\laragon\\www\\DigitalWatermarking\\python-engine\\test_full_flow.py"
2026-09-29T10:42:47.951412Z  INFO tailwindcss_oxide::scanner: Reading "C:\\laragon\\www\\DigitalWatermarking\\app\\Http\\Requests\\Settings\\ProfileDeleteRequest.php"
2026-09-29T10:42:47.951558Z  INFO tailwindcss_oxide::scanner: Reading "C:\\laragon\\www\\DigitalWatermarking\\python-engine\\web_bridge.py"
2026-09-29T10:42:47.951705Z  INFO tailwindcss_oxide::scanner: Reading "C:\\laragon\\www\\DigitalWatermarking\\app\\Http\\Requests\\Settings\\ProfileUpdateRequest.php"
2026-09-29T10:42:47.951795Z  INFO tailwindcss_oxide::scanner: Reading "C:\\laragon\\www\\DigitalWatermarking\\README.md"
2026-09-29T10:42:47.951889Z  INFO tailwindcss_oxide::scanner: Reading "C:\\laragon\\www\\DigitalWatermarking\\app\\Http\\Requests\\Settings\\TwoFactorAuthenticationRequest.php"
2026-09-29T10:42:47.952343Z  INFO tailwindcss_oxide::scanner: Reading "C:\\laragon\\www\\DigitalWatermarking\\resources\\js\\app.js"
2026-09-29T10:42:47.952525Z  INFO tailwindcss_oxide::scanner: Reading "C:\\laragon\\www\\DigitalWatermarking\\resources\\js\\layouts\\app\\AppHeaderLayout.vue"
2026-09-29T10:42:47.952813Z  INFO tailwindcss_oxide::scanner: Reading "C:\\laragon\\www\\DigitalWatermarking\\app\\Http\\Responses\\TwoFactorLoginResponse.php"
2026-09-29T10:42:47.953012Z  INFO tailwindcss_oxide::scanner: Reading "C:\\laragon\\www\\DigitalWatermarking\\app\\Http\\Responses\\VerifyEmailResponse.php"
2026-09-29T10:42:47.953191Z  INFO tailwindcss_oxide::scanner: Reading "C:\\laragon\\www\\DigitalWatermarking\\app\\Models\\User.php"
2026-09-29T10:42:47.953348Z  INFO tailwindcss_oxide::scanner: Reading "C:\\laragon\\www\\DigitalWatermarking\\app\\Providers\\AppServiceProvider.php"
2026-09-29T10:42:47.953438Z  INFO tailwindcss_oxide::scanner: Reading "C:\\laragon\\www\\DigitalWatermarking\\app\\Http\\Requests\\Teams\\CreateTeamInvitationRequest.php"
2026-09-29T10:42:47.953734Z  INFO tailwindcss_oxide::scanner: Reading "C:\\laragon\\www\\DigitalWatermarking\\app\\Services\\PythonEngineException.php"
2026-09-29T10:42:47.953670Z  INFO tailwindcss_oxide::scanner: Reading "C:\\laragon\\www\\DigitalWatermarking\\app\\Http\\Requests\\Teams\\DeleteTeamRequest.php"
2026-09-29T10:42:47.953938Z  INFO tailwindcss_oxide::scanner: Reading "C:\\laragon\\www\\DigitalWatermarking\\app\\Services\\PythonWatermarkEngine.php"
2026-09-29T10:42:47.954057Z  INFO tailwindcss_oxide::scanner: Reading "C:\\laragon\\www\\DigitalWatermarking\\app\\Http\\Requests\\Teams\\RespondToTeamInvitationRequest.php"
2026-09-29T10:42:47.954193Z  INFO tailwindcss_oxide::scanner: Reading "C:\\laragon\\www\\DigitalWatermarking\\app\\Services\\WatermarkStorageService.php"
2026-09-29T10:42:47.954323Z  INFO tailwindcss_oxide::scanner: Reading "C:\\laragon\\www\\DigitalWatermarking\\app\\Http\\Requests\\Teams\\SaveTeamRequest.php"
2026-09-29T10:42:47.954432Z  INFO tailwindcss_oxide::scanner: Reading "C:\\laragon\\www\\DigitalWatermarking\\artisan"
2026-09-29T10:42:47.954513Z  INFO tailwindcss_oxide::scanner: Reading "C:\\laragon\\www\\DigitalWatermarking\\app\\Http\\Requests\\Teams\\UpdateTeamMemberRequest.php"
2026-09-29T10:42:47.954630Z  INFO tailwindcss_oxide::scanner: Reading "C:\\laragon\\www\\DigitalWatermarking\\bootstrap\\app.php"
2026-09-29T10:42:47.954702Z  INFO tailwindcss_oxide::scanner: Reading "C:\\laragon\\www\\DigitalWatermarking\\app\\Http\\Responses\\Concerns\\RedirectsToCurrentTeam.php"
2026-09-29T10:42:47.954879Z  INFO tailwindcss_oxide::scanner: Reading "C:\\laragon\\www\\DigitalWatermarking\\app\\Http\\Responses\\LoginResponse.php"
2026-09-29T10:42:47.954929Z  INFO tailwindcss_oxide::scanner: Reading "C:\\laragon\\www\\DigitalWatermarking\\bootstrap\\providers.php"
2026-09-29T10:42:47.955133Z  INFO tailwindcss_oxide::scanner: Reading "C:\\laragon\\www\\DigitalWatermarking\\app\\Http\\Responses\\PasskeyLoginResponse.php"
2026-09-29T10:42:47.955476Z  INFO tailwindcss_oxide::scanner: Reading "C:\\laragon\\www\\DigitalWatermarking\\app\\Http\\Responses\\RegisterResponse.php"
2026-09-29T10:42:47.955512Z  INFO tailwindcss_oxide::scanner: Reading "C:\\laragon\\www\\DigitalWatermarking\\composer.json"
2026-09-29T10:42:47.955639Z  INFO tailwindcss_oxide::scanner: Reading "C:\\laragon\\www\\DigitalWatermarking\\config\\cache.php"
2026-09-29T10:42:47.955771Z  INFO tailwindcss_oxide::scanner: Reading "C:\\laragon\\www\\DigitalWatermarking\\config\\database.php"
2026-09-29T10:42:47.955826Z  INFO tailwindcss_oxide::scanner: Reading "C:\\laragon\\www\\DigitalWatermarking\\config\\app.php"
2026-09-29T10:42:47.955878Z  INFO tailwindcss_oxide::scanner: Reading "C:\\laragon\\www\\DigitalWatermarking\\config\\filesystems.php"
2026-09-29T10:42:47.955984Z  INFO tailwindcss_oxide::scanner: Reading "C:\\laragon\\www\\DigitalWatermarking\\config\\logging.php"
2026-09-29T10:42:47.955991Z  INFO tailwindcss_oxide::scanner: Reading "C:\\laragon\\www\\DigitalWatermarking\\config\\auth.php"
2026-09-29T10:42:47.956130Z  INFO tailwindcss_oxide::scanner: Reading "C:\\laragon\\www\\DigitalWatermarking\\config\\mail.php"
2026-09-29T10:42:47.956203Z  INFO tailwindcss_oxide::scanner: Reading "C:\\laragon\\www\\DigitalWatermarking\\app\\Http\\Controllers\\EmbeddingController.php"
2026-09-29T10:42:47.956255Z  INFO tailwindcss_oxide::scanner: Reading "C:\\laragon\\www\\DigitalWatermarking\\app\\Http\\Middleware\\EnsureEmailIsVerified.php"
2026-09-29T10:42:47.956357Z  INFO tailwindcss_oxide::scanner: Reading "C:\\laragon\\www\\DigitalWatermarking\\app\\Http\\Middleware\\HandleCors.php"
2026-09-29T10:42:47.956357Z  INFO tailwindcss_oxide::scanner: Reading "C:\\laragon\\www\\DigitalWatermarking\\app\\Http\\Controllers\\EvaluationController.php"
2026-09-29T10:42:47.956466Z  INFO tailwindcss_oxide::scanner: Reading "C:\\laragon\\www\\DigitalWatermarking\\app\\Http\\Middleware\\RedirectIfAuthenticated.php"
2026-09-29T10:42:47.956492Z  INFO tailwindcss_oxide::scanner: Reading "C:\\laragon\\www\\DigitalWatermarking\\app\\Http\\Controllers\\ExtractionController.php"
2026-09-29T10:42:47.956579Z  INFO tailwindcss_oxide::scanner: Reading "C:\\laragon\\www\\DigitalWatermarking\\app\\Http\\Middleware\\RequirePassword.php"
2026-09-29T10:42:47.956687Z  INFO tailwindcss_oxide::scanner: Reading "C:\\laragon\\www\\DigitalWatermarking\\app\\Http\\Middleware\\SetCacheHeaders.php"
2026-09-29T10:42:47.956691Z  INFO tailwindcss_oxide::scanner: Reading "C:\\laragon\\www\\DigitalWatermarking\\app\\Http\\Kernel.php"
2026-09-29T10:42:47.956797Z  INFO tailwindcss_oxide::scanner: Reading "C:\\laragon\\www\\DigitalWatermarking\\app\\Http\\Middleware\\ShareErrorsFromSession.php"
2026-09-29T10:42:47.956824Z  INFO tailwindcss_oxide::scanner: Reading "C:\\laragon\\www\\DigitalWatermarking\\app\\Http\\Middleware\\Authenticate.php"
2026-09-29T10:42:47.956915Z  INFO tailwindcss_oxide::scanner: Reading "C:\\laragon\\www\\DigitalWatermarking\\app\\Http\\Middleware\\StartSession.php"
2026-09-29T10:42:47.956956Z  INFO tailwindcss_oxide::scanner: Reading "C:\\laragon\\www\\DigitalWatermarking\\app\\Http\\Middleware\\AuthenticateWithBasicAuth.php"
2026-09-29T10:42:47.957023Z  INFO tailwindcss_oxide::scanner: Reading "C:\\laragon\\www\\DigitalWatermarking\\app\\Http\\Middleware\\SubstituteBindings.php"
2026-09-29T10:42:47.957098Z  INFO tailwindcss_oxide::scanner: Reading "C:\\laragon\\www\\DigitalWatermarking\\app\\Http\\Middleware\\Authorize.php"
2026-09-29T10:42:47.957145Z  INFO tailwindcss_oxide::scanner: Reading "C:\\laragon\\www\\DigitalWatermarking\\app\\Http\\Middleware\\ThrottleRequests.php"
2026-09-29T10:42:47.957219Z  INFO tailwindcss_oxide::scanner: Reading "C:\\laragon\\www\\DigitalWatermarking\\app\\Http\\Middleware\\ConvertEmptyStringsToNull.php"
2026-09-29T10:42:47.957257Z  INFO tailwindcss_oxide::scanner: Reading "C:\\laragon\\www\\DigitalWatermarking\\app\\Concerns\\ProfileValidationRules.php"
2026-09-29T10:42:47.957350Z  INFO tailwindcss_oxide::scanner: Reading "C:\\laragon\\www\\DigitalWatermarking\\app\\Http\\Middleware\\EncryptCookies.php"
2026-09-29T10:42:47.957393Z  INFO tailwindcss_oxide::scanner: Reading "C:\\laragon\\www\\DigitalWatermarking\\app\\Data\\TeamPermissions.php"
2026-09-29T10:42:47.957475Z  INFO tailwindcss_oxide::scanner: Reading "C:\\laragon\\www\\DigitalWatermarking\\app\\Actions\\Teams\\CreateTeam.php"
2026-09-29T10:42:47.957513Z  INFO tailwindcss_oxide::scanner: Reading "C:\\laragon\\www\\DigitalWatermarking\\app\\Data\\UserTeam.php"
2026-09-29T10:42:47.957593Z  INFO tailwindcss_oxide::scanner: Reading "C:\\laragon\\www\\DigitalWatermarking\\app\\Concerns\\GeneratesUniqueTeamSlugs.php"
2026-09-29T10:42:47.957624Z  INFO tailwindcss_oxide::scanner: Reading "C:\\laragon\\www\\DigitalWatermarking\\app\\Enums\\TeamPermission.php"
2026-09-29T10:42:47.957732Z  INFO tailwindcss_oxide::scanner: Reading "C:\\laragon\\www\\DigitalWatermarking\\app\\Enums\\TeamRole.php"
2026-09-29T10:42:47.957744Z  INFO tailwindcss_oxide::scanner: Reading "C:\\laragon\\www\\DigitalWatermarking\\app\\Concerns\\HasTeams.php"
2026-09-29T10:42:47.957843Z  INFO tailwindcss_oxide::scanner: Reading "C:\\laragon\\www\\DigitalWatermarking\\app\\Exceptions\\Handler.php"
2026-09-29T10:42:47.957871Z  INFO tailwindcss_oxide::scanner: Reading "C:\\laragon\\www\\DigitalWatermarking\\app\\Concerns\\PasswordValidationRules.php"
2026-09-29T10:42:47.957953Z  INFO tailwindcss_oxide::scanner: Reading "C:\\laragon\\www\\DigitalWatermarking\\app\\Http\\Controllers\\ArtifactController.php"
2026-09-29T10:42:47.957989Z  INFO tailwindcss_oxide::scanner: Reading "C:\\laragon\\www\\DigitalWatermarking\\app\\Http\\Controllers\\AttackController.php"
2026-09-29T10:42:47.958072Z  INFO tailwindcss_oxide::scanner: Reading "C:\\laragon\\www\\DigitalWatermarking\\resources\\js\\layouts\\AuthLayout.vue"
2026-09-29T10:42:47.958127Z  INFO tailwindcss_oxide::scanner: Reading "C:\\laragon\\www\\DigitalWatermarking\\app\\Http\\Controllers\\Controller.php"
2026-09-29T10:42:47.958242Z  INFO tailwindcss_oxide::scanner: Reading "C:\\laragon\\www\\DigitalWatermarking\\resources\\js\\layouts\\app\\AppSidebarLayout.vue"
2026-09-29T10:42:47.958925Z  INFO tailwindcss_oxide::scanner: Reading "C:\\laragon\\www\\DigitalWatermarking\\.github\\workflows\\tests.yml"
2026-09-29T10:42:47.959152Z  INFO tailwindcss_oxide::scanner: Reading "C:\\laragon\\www\\DigitalWatermarking\\app\\Actions\\Fortify\\CreateNewUser.php"
2026-09-29T10:42:47.960355Z  INFO tailwindcss_oxide::scanner: Reading "C:\\laragon\\www\\DigitalWatermarking\\app\\Actions\\Fortify\\ResetUserPassword.php"
2026-09-29T10:42:47.960573Z  INFO tailwindcss_oxide::scanner: Reading "C:\\laragon\\www\\DigitalWatermarking\\resources\\js\\layouts\\auth\\AuthCardLayout.vue"
2026-09-29T10:42:47.965753Z  INFO tailwindcss_oxide::scanner: Reading "C:\\laragon\\www\\DigitalWatermarking\\resources\\js\\layouts\\auth\\AuthSimpleLayout.vue"
2026-09-29T10:42:47.966068Z  INFO tailwindcss_oxide::scanner: Reading "C:\\laragon\\www\\DigitalWatermarking\\resources\\js\\layouts\\AppLayout.vue"
2026-09-29T10:42:47.966083Z  INFO tailwindcss_oxide::scanner: Reading "C:\\laragon\\www\\DigitalWatermarking\\resources\\js\\layouts\\auth\\AuthSplitLayout.vue"
2026-09-29T10:42:47.966267Z  INFO tailwindcss_oxide::scanner: Reading "C:\\laragon\\www\\DigitalWatermarking\\resources\\views\\layouts\\app.blade.php"
2026-09-29T10:42:47.966451Z  INFO tailwindcss_oxide::scanner: Reading "C:\\laragon\\www\\DigitalWatermarking\\routes\\console.php"
2026-09-29T10:42:47.966657Z  INFO tailwindcss_oxide::scanner: Reading "C:\\laragon\\www\\DigitalWatermarking\\resources\\js\\layouts\\settings\\Layout.vue"
2026-09-29T10:42:47.966690Z  INFO tailwindcss_oxide::scanner: Reading "C:\\laragon\\www\\DigitalWatermarking\\routes\\web.php"
2026-09-29T10:42:47.965760Z  INFO tailwindcss_oxide::scanner: Reading "C:\\laragon\\www\\DigitalWatermarking\\resources\\js\\routes\\two-factor\\login\\index.ts"
2026-09-29T10:42:47.967017Z  INFO tailwindcss_oxide::scanner: Reading "C:\\laragon\\www\\DigitalWatermarking\\resources\\js\\routes\\appearance\\index.ts"
2026-09-29T10:42:47.967230Z  INFO tailwindcss_oxide::scanner: Reading "C:\\laragon\\www\\DigitalWatermarking\\resources\\js\\routes\\index.ts"
2026-09-29T10:42:47.967245Z  INFO tailwindcss_oxide::scanner: Reading "C:\\laragon\\www\\DigitalWatermarking\\resources\\js\\routes\\user-password\\index.ts"
2026-09-29T10:42:47.967400Z  INFO tailwindcss_oxide::scanner: Reading "C:\\laragon\\www\\DigitalWatermarking\\resources\\js\\routes\\invitations\\index.ts"
2026-09-29T10:42:47.967736Z  INFO tailwindcss_oxide::scanner: Reading "C:\\laragon\\www\\DigitalWatermarking\\resources\\js\\routes\\verification\\index.ts"
2026-09-29T10:42:47.967783Z  INFO tailwindcss_oxide::scanner: Reading "C:\\laragon\\www\\DigitalWatermarking\\tests\\Feature\\WatermarkingTest.php"
2026-09-29T10:42:47.967900Z  INFO tailwindcss_oxide::scanner: Reading "C:\\laragon\\www\\DigitalWatermarking\\resources\\js\\routes\\login\\index.ts"
2026-09-29T10:42:47.967978Z  INFO tailwindcss_oxide::scanner: Reading "C:\\laragon\\www\\DigitalWatermarking\\tests\\Pest.php"
2026-09-29T10:42:47.968012Z  INFO tailwindcss_oxide::scanner: Reading "C:\\laragon\\www\\DigitalWatermarking\\resources\\js\\routes\\well-known\\index.ts"
2026-09-29T10:42:47.968131Z  INFO tailwindcss_oxide::scanner: Reading "C:\\laragon\\www\\DigitalWatermarking\\tests\\TestCase.php"
2026-09-29T10:42:47.968142Z  INFO tailwindcss_oxide::scanner: Reading "C:\\laragon\\www\\DigitalWatermarking\\resources\\js\\routes\\passkey\\index.ts"
2026-09-29T10:42:47.968260Z  INFO tailwindcss_oxide::scanner: Reading "C:\\laragon\\www\\DigitalWatermarking\\resources\\views\\attack.blade.php"
2026-09-29T10:42:47.968287Z  INFO tailwindcss_oxide::scanner: Reading "C:\\laragon\\www\\DigitalWatermarking\\tests\\CreatesApplication.php"
2026-09-29T10:42:47.968366Z  INFO tailwindcss_oxide::scanner: Reading "C:\\laragon\\www\\DigitalWatermarking\\resources\\js\\routes\\password\\confirm\\index.ts"
2026-09-29T10:42:47.968447Z  INFO tailwindcss_oxide::scanner: Reading "C:\\laragon\\www\\DigitalWatermarking\\resources\\views\\embedding.blade.php"
2026-09-29T10:42:47.968577Z  INFO tailwindcss_oxide::scanner: Reading "C:\\laragon\\www\\DigitalWatermarking\\resources\\js\\routes\\password\\index.ts"
2026-09-29T10:42:47.968623Z  INFO tailwindcss_oxide::scanner: Reading "C:\\laragon\\www\\DigitalWatermarking\\vite.config.js"
2026-09-29T10:42:47.968411Z  INFO tailwindcss_oxide::scanner: Reading "C:\\laragon\\www\\DigitalWatermarking\\resources\\js\\routes\\profile\\index.ts"
2026-09-29T10:42:47.968706Z  INFO tailwindcss_oxide::scanner: Reading "C:\\laragon\\www\\DigitalWatermarking\\resources\\views\\evaluation.blade.php"
2026-09-29T10:42:47.968820Z  INFO tailwindcss_oxide::scanner: Reading "C:\\laragon\\www\\DigitalWatermarking\\resources\\views\\extraction.blade.php"
2026-09-29T10:42:47.968867Z  INFO tailwindcss_oxide::scanner: Reading "C:\\laragon\\www\\DigitalWatermarking\\resources\\js\\routes\\register\\index.ts"
2026-09-29T10:42:47.969002Z  INFO tailwindcss_oxide::scanner: Reading "C:\\laragon\\www\\DigitalWatermarking\\resources\\views\\index.blade.php"
2026-09-29T10:42:47.969134Z  INFO tailwindcss_oxide::scanner: Reading "C:\\laragon\\www\\DigitalWatermarking\\resources\\js\\routes\\storage\\index.ts"
2026-09-29T10:42:47.969161Z  INFO tailwindcss_oxide::scanner: Reading "C:\\laragon\\www\\DigitalWatermarking\\resources\\js\\routes\\storage\\local\\index.ts"
2026-09-29T10:42:47.969250Z  INFO tailwindcss_oxide::scanner: Reading "C:\\laragon\\www\\DigitalWatermarking\\resources\\js\\routes\\teams\\invitations\\index.ts"
2026-09-29T10:42:47.969254Z  INFO tailwindcss_oxide::scanner: Reading "C:\\laragon\\www\\DigitalWatermarking\\resources\\js\\routes\\security\\index.ts"
2026-09-29T10:42:47.969363Z  INFO tailwindcss_oxide::scanner: Reading "C:\\laragon\\www\\DigitalWatermarking\\resources\\js\\routes\\teams\\members\\index.ts"
2026-09-29T10:42:47.969404Z  INFO tailwindcss_oxide::scanner: Reading "C:\\laragon\\www\\DigitalWatermarking\\resources\\js\\routes\\teams\\index.ts"
2026-09-29T10:42:47.969521Z  INFO tailwindcss_oxide::scanner: Reading "C:\\laragon\\www\\DigitalWatermarking\\vite.config.ts"
2026-09-29T10:42:47.969540Z  INFO tailwindcss_oxide::scanner: Reading "C:\\laragon\\www\\DigitalWatermarking\\resources\\js\\routes\\two-factor\\index.ts"
2026-09-29T10:42:47.971212Z  INFO get_files:discover_sources: tailwindcss_oxide::scanner: exit
2026-09-29T10:42:47.971552Z  INFO get_files: tailwindcss_oxide::scanner: exit
2026-09-29T10:42:47.971683Z  INFO get_globs: tailwindcss_oxide::scanner: enter
2026-09-29T10:42:47.971697Z  INFO get_globs:discover_sources: tailwindcss_oxide::scanner: enter
2026-09-29T10:42:47.971708Z  INFO get_globs:discover_sources: tailwindcss_oxide::scanner: exit
2026-09-29T10:42:50.969201Z  INFO get_globs: tailwindcss_oxide::scanner: exit
