2026-09-29T08:25:07.796457Z  INFO tailwindcss_oxide::scanner: Provided sources:
2026-09-29T08:25:07.796633Z  INFO tailwindcss_oxide::scanner: Source: PublicSourceEntry { base: "c:\\laragon\\www\\DigitalWatermarking\\vendor\\laravel\\framework\\src\\Illuminate\\Foundation\\resources\\exceptions\\renderer", pattern: "**/*", negated: false }
2026-09-29T08:25:07.799861Z  INFO tailwindcss_oxide::scanner: Optimized sources:
2026-09-29T08:25:07.799921Z  INFO tailwindcss_oxide::scanner: Source: External { base: "C:\\laragon\\www\\DigitalWatermarking\\vendor\\laravel\\framework\\src\\Illuminate\\Foundation\\resources\\exceptions\\renderer" }
2026-09-29T08:25:07.806080Z  INFO get_files: tailwindcss_oxide::scanner: enter
2026-09-29T08:25:07.806114Z  INFO get_files:discover_sources: tailwindcss_oxide::scanner: enter
2026-09-29T08:25:07.806121Z  INFO get_files:discover_sources:walk_synchronous: tailwindcss_oxide::scanner: enter
2026-09-29T08:25:07.813988Z  INFO get_files:discover_sources:walk_synchronous: tailwindcss_oxide::scanner: exit
2026-09-29T08:25:07.827433Z  INFO tailwindcss_oxide::scanner: Reading "C:\\laragon\\www\\DigitalWatermarking\\vendor\\laravel\\framework\\src\\Illuminate\\Foundation\\resources\\exceptions\\renderer\\components\\icons\\chevron-right.blade.php"
2026-09-29T08:25:07.827588Z  INFO tailwindcss_oxide::scanner: Reading "C:\\laragon\\www\\DigitalWatermarking\\vendor\\laravel\\framework\\src\\Illuminate\\Foundation\\resources\\exceptions\\renderer\\components\\syntax-highlight.blade.php"
2026-09-29T08:25:07.832342Z  INFO tailwindcss_oxide::scanner: Reading "C:\\laragon\\www\\DigitalWatermarking\\vendor\\laravel\\framework\\src\\Illuminate\\Foundation\\resources\\exceptions\\renderer\\components\\laravel-ascii-spotlight.blade.php"
2026-09-29T08:25:07.836303Z  INFO tailwindcss_oxide::scanner: Reading "C:\\laragon\\www\\DigitalWatermarking\\vendor\\laravel\\framework\\src\\Illuminate\\Foundation\\resources\\exceptions\\renderer\\components\\badge.blade.php"
2026-09-29T08:25:07.839845Z  INFO tailwindcss_oxide::scanner: Reading "C:\\laragon\\www\\DigitalWatermarking\\vendor\\laravel\\framework\\src\\Illuminate\\Foundation\\resources\\exceptions\\renderer\\components\\icons\\chevrons-down-up.blade.php"
2026-09-29T08:25:07.851013Z  INFO tailwindcss_oxide::scanner: Reading "C:\\laragon\\www\\DigitalWatermarking\\vendor\\laravel\\framework\\src\\Illuminate\\Foundation\\resources\\exceptions\\renderer\\components\\empty-state.blade.php"
2026-09-29T08:25:07.854739Z  INFO tailwindcss_oxide::scanner: Reading "C:\\laragon\\www\\DigitalWatermarking\\vendor\\laravel\\framework\\src\\Illuminate\\Foundation\\resources\\exceptions\\renderer\\components\\icons\\chevrons-left.blade.php"
2026-09-29T08:25:07.865907Z  INFO tailwindcss_oxide::scanner: Reading "C:\\laragon\\www\\DigitalWatermarking\\vendor\\laravel\\framework\\src\\Illuminate\\Foundation\\resources\\exceptions\\renderer\\components\\layout.blade.php"
2026-09-29T08:25:07.866583Z  INFO tailwindcss_oxide::scanner: Reading "C:\\laragon\\www\\DigitalWatermarking\\vendor\\laravel\\framework\\src\\Illuminate\\Foundation\\resources\\exceptions\\renderer\\components\\icons\\chevrons-right.blade.php"
2026-09-29T08:25:07.867160Z  INFO tailwindcss_oxide::scanner: Reading "C:\\laragon\\www\\DigitalWatermarking\\vendor\\laravel\\framework\\src\\Illuminate\\Foundation\\resources\\exceptions\\renderer\\components\\file-with-line.blade.php"
2026-09-29T08:25:07.868095Z  INFO tailwindcss_oxide::scanner: Reading "C:\\laragon\\www\\DigitalWatermarking\\vendor\\laravel\\framework\\src\\Illuminate\\Foundation\\resources\\exceptions\\renderer\\components\\icons\\chevrons-up-down.blade.php"
2026-09-29T08:25:07.881393Z  INFO tailwindcss_oxide::scanner: Reading "C:\\laragon\\www\\DigitalWatermarking\\vendor\\laravel\\framework\\src\\Illuminate\\Foundation\\resources\\exceptions\\renderer\\components\\formatted-source.blade.php"
2026-09-29T08:25:07.881596Z  INFO tailwindcss_oxide::scanner: Reading "C:\\laragon\\www\\DigitalWatermarking\\vendor\\laravel\\framework\\src\\Illuminate\\Foundation\\resources\\exceptions\\renderer\\components\\icons\\copy.blade.php"
2026-09-29T08:25:07.891344Z  INFO tailwindcss_oxide::scanner: Reading "C:\\laragon\\www\\DigitalWatermarking\\vendor\\laravel\\framework\\src\\Illuminate\\Foundation\\resources\\exceptions\\renderer\\components\\frame-code.blade.php"
2026-09-29T08:25:07.891946Z  INFO tailwindcss_oxide::scanner: Reading "C:\\laragon\\www\\DigitalWatermarking\\vendor\\laravel\\framework\\src\\Illuminate\\Foundation\\resources\\exceptions\\renderer\\components\\previous-exceptions.blade.php"
2026-09-29T08:25:07.892631Z  INFO tailwindcss_oxide::scanner: Reading "C:\\laragon\\www\\DigitalWatermarking\\vendor\\laravel\\framework\\src\\Illuminate\\Foundation\\resources\\exceptions\\renderer\\components\\topbar.blade.php"
2026-09-29T08:25:07.894438Z  INFO tailwindcss_oxide::scanner: Reading "C:\\laragon\\www\\DigitalWatermarking\\vendor\\laravel\\framework\\src\\Illuminate\\Foundation\\resources\\exceptions\\renderer\\components\\icons\\database.blade.php"
2026-09-29T08:25:07.896284Z  INFO tailwindcss_oxide::scanner: Reading "C:\\laragon\\www\\DigitalWatermarking\\vendor\\laravel\\framework\\src\\Illuminate\\Foundation\\resources\\exceptions\\renderer\\components\\icons\\folder-open.blade.php"
2026-09-29T08:25:07.907636Z  INFO tailwindcss_oxide::scanner: Reading "C:\\laragon\\www\\DigitalWatermarking\\vendor\\laravel\\framework\\src\\Illuminate\\Foundation\\resources\\exceptions\\renderer\\components\\icons\\folder.blade.php"
2026-09-29T08:25:07.909386Z  INFO tailwindcss_oxide::scanner: Reading "C:\\laragon\\www\\DigitalWatermarking\\vendor\\laravel\\framework\\src\\Illuminate\\Foundation\\resources\\exceptions\\renderer\\components\\frame.blade.php"
2026-09-29T08:25:07.912051Z  INFO tailwindcss_oxide::scanner: Reading "C:\\laragon\\www\\DigitalWatermarking\\vendor\\laravel\\framework\\src\\Illuminate\\Foundation\\resources\\exceptions\\renderer\\components\\trace.blade.php"
2026-09-29T08:25:07.912774Z  INFO tailwindcss_oxide::scanner: Reading "C:\\laragon\\www\\DigitalWatermarking\\vendor\\laravel\\framework\\src\\Illuminate\\Foundation\\resources\\exceptions\\renderer\\components\\query.blade.php"
2026-09-29T08:25:07.918616Z  INFO tailwindcss_oxide::scanner: Reading "C:\\laragon\\www\\DigitalWatermarking\\vendor\\laravel\\framework\\src\\Illuminate\\Foundation\\resources\\exceptions\\renderer\\components\\icons\\globe.blade.php"
2026-09-29T08:25:07.921845Z  INFO tailwindcss_oxide::scanner: Reading "C:\\laragon\\www\\DigitalWatermarking\\vendor\\laravel\\framework\\src\\Illuminate\\Foundation\\resources\\exceptions\\renderer\\components\\header.blade.php"
2026-09-29T08:25:07.931718Z  INFO tailwindcss_oxide::scanner: Reading "C:\\laragon\\www\\DigitalWatermarking\\vendor\\laravel\\framework\\src\\Illuminate\\Foundation\\resources\\exceptions\\renderer\\components\\icons\\info.blade.php"
2026-09-29T08:25:07.932051Z  INFO tailwindcss_oxide::scanner: Reading "C:\\laragon\\www\\DigitalWatermarking\\vendor\\laravel\\framework\\src\\Illuminate\\Foundation\\resources\\exceptions\\renderer\\components\\vendor-frame.blade.php"
2026-09-29T08:25:07.937059Z  INFO tailwindcss_oxide::scanner: Reading "C:\\laragon\\www\\DigitalWatermarking\\vendor\\laravel\\framework\\src\\Illuminate\\Foundation\\resources\\exceptions\\renderer\\components\\http-method.blade.php"
2026-09-29T08:25:07.948859Z  INFO tailwindcss_oxide::scanner: Reading "C:\\laragon\\www\\DigitalWatermarking\\vendor\\laravel\\framework\\src\\Illuminate\\Foundation\\resources\\exceptions\\renderer\\components\\icons\\alert.blade.php"
2026-09-29T08:25:07.949564Z  INFO tailwindcss_oxide::scanner: Reading "C:\\laragon\\www\\DigitalWatermarking\\vendor\\laravel\\framework\\src\\Illuminate\\Foundation\\resources\\exceptions\\renderer\\components\\vendor-frames.blade.php"
2026-09-29T08:25:07.950491Z  INFO tailwindcss_oxide::scanner: Reading "C:\\laragon\\www\\DigitalWatermarking\\vendor\\laravel\\framework\\src\\Illuminate\\Foundation\\resources\\exceptions\\renderer\\components\\icons\\check.blade.php"
2026-09-29T08:25:07.951068Z  INFO tailwindcss_oxide::scanner: Reading "C:\\laragon\\www\\DigitalWatermarking\\vendor\\laravel\\framework\\src\\Illuminate\\Foundation\\resources\\exceptions\\renderer\\components\\request-body.blade.php"
2026-09-29T08:25:07.963102Z  INFO tailwindcss_oxide::scanner: Reading "C:\\laragon\\www\\DigitalWatermarking\\vendor\\laravel\\framework\\src\\Illuminate\\Foundation\\resources\\exceptions\\renderer\\components\\icons\\chevron-left.blade.php"
2026-09-29T08:25:07.963819Z  INFO tailwindcss_oxide::scanner: Reading "C:\\laragon\\www\\DigitalWatermarking\\vendor\\laravel\\framework\\src\\Illuminate\\Foundation\\resources\\exceptions\\renderer\\components\\icons\\laravel-ascii.blade.php"
2026-09-29T08:25:07.972973Z  INFO tailwindcss_oxide::scanner: Reading "C:\\laragon\\www\\DigitalWatermarking\\vendor\\laravel\\framework\\src\\Illuminate\\Foundation\\resources\\exceptions\\renderer\\components\\request-header.blade.php"
2026-09-29T08:25:07.981454Z  INFO tailwindcss_oxide::scanner: Reading "C:\\laragon\\www\\DigitalWatermarking\\vendor\\laravel\\framework\\src\\Illuminate\\Foundation\\resources\\exceptions\\renderer\\markdown.blade.php"
2026-09-29T08:25:07.995459Z  INFO tailwindcss_oxide::scanner: Reading "C:\\laragon\\www\\DigitalWatermarking\\vendor\\laravel\\framework\\src\\Illuminate\\Foundation\\resources\\exceptions\\renderer\\components\\request-url.blade.php"
2026-09-29T08:25:07.995731Z  INFO tailwindcss_oxide::scanner: Reading "C:\\laragon\\www\\DigitalWatermarking\\vendor\\laravel\\framework\\src\\Illuminate\\Foundation\\resources\\exceptions\\renderer\\scripts.js"
2026-09-29T08:25:07.999836Z  INFO tailwindcss_oxide::scanner: Reading "C:\\laragon\\www\\DigitalWatermarking\\vendor\\laravel\\framework\\src\\Illuminate\\Foundation\\resources\\exceptions\\renderer\\package-lock.json"
2026-09-29T08:25:08.000207Z  INFO tailwindcss_oxide::scanner: Reading "C:\\laragon\\www\\DigitalWatermarking\\vendor\\laravel\\framework\\src\\Illuminate\\Foundation\\resources\\exceptions\\renderer\\package.json"
2026-09-29T08:25:08.001324Z  INFO tailwindcss_oxide::scanner: Reading "C:\\laragon\\www\\DigitalWatermarking\\vendor\\laravel\\framework\\src\\Illuminate\\Foundation\\resources\\exceptions\\renderer\\components\\routing-parameter.blade.php"
2026-09-29T08:25:08.017621Z  INFO tailwindcss_oxide::scanner: Reading "C:\\laragon\\www\\DigitalWatermarking\\vendor\\laravel\\framework\\src\\Illuminate\\Foundation\\resources\\exceptions\\renderer\\show.blade.php"
2026-09-29T08:25:08.018361Z  INFO tailwindcss_oxide::scanner: Reading "C:\\laragon\\www\\DigitalWatermarking\\vendor\\laravel\\framework\\src\\Illuminate\\Foundation\\resources\\exceptions\\renderer\\vite.config.js"
2026-09-29T08:25:08.022723Z  INFO tailwindcss_oxide::scanner: Reading "C:\\laragon\\www\\DigitalWatermarking\\vendor\\laravel\\framework\\src\\Illuminate\\Foundation\\resources\\exceptions\\renderer\\components\\routing.blade.php"
2026-09-29T08:25:08.028195Z  INFO tailwindcss_oxide::scanner: Reading "C:\\laragon\\www\\DigitalWatermarking\\vendor\\laravel\\framework\\src\\Illuminate\\Foundation\\resources\\exceptions\\renderer\\components\\section-container.blade.php"
2026-09-29T08:25:08.029352Z  INFO tailwindcss_oxide::scanner: Reading "C:\\laragon\\www\\DigitalWatermarking\\vendor\\laravel\\framework\\src\\Illuminate\\Foundation\\resources\\exceptions\\renderer\\components\\separator.blade.php"
2026-09-29T08:25:08.103772Z  INFO tailwindcss_oxide::scanner: Reading "C:\\laragon\\www\\DigitalWatermarking\\vendor\\laravel\\framework\\src\\Illuminate\\Foundation\\resources\\exceptions\\renderer\\dist\\scripts.js"
2026-09-29T08:25:08.103946Z  INFO get_files:discover_sources: tailwindcss_oxide::scanner: exit
2026-09-29T08:25:08.104237Z  INFO get_files: tailwindcss_oxide::scanner: exit
2026-09-29T08:25:08.104376Z  INFO get_globs: tailwindcss_oxide::scanner: enter
2026-09-29T08:25:08.104392Z  INFO get_globs:discover_sources: tailwindcss_oxide::scanner: enter
2026-09-29T08:25:08.104404Z  INFO get_globs:discover_sources: tailwindcss_oxide::scanner: exit
2026-09-29T08:25:08.108071Z  INFO get_globs: tailwindcss_oxide::scanner: exit
2026-09-29T08:25:08.111758Z  INFO tailwindcss_oxide::scanner: Provided sources:
2026-09-29T08:25:08.111835Z  INFO tailwindcss_oxide::scanner: Source: PublicSourceEntry { base: "c:\\laragon\\www\\DigitalWatermarking", pattern: "**/*", negated: false }
2026-09-29T08:25:08.113588Z  INFO tailwindcss_oxide::scanner: Optimized sources:
2026-09-29T08:25:08.113621Z  INFO tailwindcss_oxide::scanner: Source: Auto { base: "C:\\laragon\\www\\DigitalWatermarking" }
2026-09-29T08:25:08.113761Z  INFO get_files: tailwindcss_oxide::scanner: enter
2026-09-29T08:25:08.113785Z  INFO get_files:discover_sources: tailwindcss_oxide::scanner: enter
2026-09-29T08:25:08.113800Z  INFO get_files:discover_sources:walk_synchronous: tailwindcss_oxide::scanner: enter
2026-09-29T08:25:08.173885Z  INFO get_files:discover_sources:walk_synchronous: tailwindcss_oxide::scanner: exit
2026-09-29T08:25:08.174683Z  INFO tailwindcss_oxide::scanner: Reading "C:\\laragon\\www\\DigitalWatermarking\\app\\Http\\Middleware\\TrimStrings.php"
2026-09-29T08:25:08.174882Z  INFO tailwindcss_oxide::scanner: Reading "C:\\laragon\\www\\DigitalWatermarking\\app\\Http\\Middleware\\TrustProxies.php"
2026-09-29T08:25:08.174888Z  INFO tailwindcss_oxide::scanner: Reading "C:\\laragon\\www\\DigitalWatermarking\\config\\queue.php"
2026-09-29T08:25:08.175045Z  INFO tailwindcss_oxide::scanner: Reading "C:\\laragon\\www\\DigitalWatermarking\\app\\Http\\Middleware\\ValidatePostSize.php"
2026-09-29T08:25:08.175198Z  INFO tailwindcss_oxide::scanner: Reading "C:\\laragon\\www\\DigitalWatermarking\\app\\Http\\Middleware\\ValidateSignature.php"
2026-09-29T08:25:08.175348Z  INFO tailwindcss_oxide::scanner: Reading "C:\\laragon\\www\\DigitalWatermarking\\config\\services.php"
2026-09-29T08:25:08.175352Z  INFO tailwindcss_oxide::scanner: Reading "C:\\laragon\\www\\DigitalWatermarking\\app\\Http\\Middleware\\VerifyCsrfToken.php"
2026-09-29T08:25:08.175627Z  INFO tailwindcss_oxide::scanner: Reading "C:\\laragon\\www\\DigitalWatermarking\\app\\Http\\Controllers\\EmbeddingController.php"
2026-09-29T08:25:08.175673Z  INFO tailwindcss_oxide::scanner: Reading "C:\\laragon\\www\\DigitalWatermarking\\config\\session.php"
2026-09-29T08:25:08.175907Z  INFO tailwindcss_oxide::scanner: Reading "C:\\laragon\\www\\DigitalWatermarking\\app\\Http\\Controllers\\EvaluationController.php"
2026-09-29T08:25:08.175917Z  INFO tailwindcss_oxide::scanner: Reading "C:\\laragon\\www\\DigitalWatermarking\\app\\Http\\Requests\\Settings\\PasswordUpdateRequest.php"
2026-09-29T08:25:08.176125Z  INFO tailwindcss_oxide::scanner: Reading "C:\\laragon\\www\\DigitalWatermarking\\app\\Http\\Requests\\Settings\\ProfileDeleteRequest.php"
2026-09-29T08:25:08.176150Z  INFO tailwindcss_oxide::scanner: Reading "C:\\laragon\\www\\DigitalWatermarking\\config\\watermark.php"
2026-09-29T08:25:08.176271Z  INFO tailwindcss_oxide::scanner: Reading "C:\\laragon\\www\\DigitalWatermarking\\app\\Http\\Requests\\Settings\\ProfileUpdateRequest.php"
2026-09-29T08:25:08.176434Z  INFO tailwindcss_oxide::scanner: Reading "C:\\laragon\\www\\DigitalWatermarking\\app\\Http\\Requests\\Settings\\TwoFactorAuthenticationRequest.php"
2026-09-29T08:25:08.176587Z  INFO tailwindcss_oxide::scanner: Reading "C:\\laragon\\www\\DigitalWatermarking\\database\\factories\\UserFactory.php"
2026-09-29T08:25:08.176723Z  INFO tailwindcss_oxide::scanner: Reading "C:\\laragon\\www\\DigitalWatermarking\\app\\Http\\Requests\\Teams\\CreateTeamInvitationRequest.php"
2026-09-29T08:25:08.176839Z  INFO tailwindcss_oxide::scanner: Reading "C:\\laragon\\www\\DigitalWatermarking\\app\\Http\\Controllers\\ExtractionController.php"
2026-09-29T08:25:08.176992Z  INFO tailwindcss_oxide::scanner: Reading "C:\\laragon\\www\\DigitalWatermarking\\database\\migrations\\0001_01_01_000000_create_users_table.php"
2026-09-29T08:25:08.177121Z  INFO tailwindcss_oxide::scanner: Reading "C:\\laragon\\www\\DigitalWatermarking\\app\\Http\\Requests\\Teams\\DeleteTeamRequest.php"
2026-09-29T08:25:08.177323Z  INFO tailwindcss_oxide::scanner: Reading "C:\\laragon\\www\\DigitalWatermarking\\app\\Http\\Kernel.php"
2026-09-29T08:25:08.177370Z  INFO tailwindcss_oxide::scanner: Reading "C:\\laragon\\www\\DigitalWatermarking\\database\\migrations\\0001_01_01_000001_create_cache_table.php"
2026-09-29T08:25:08.177578Z  INFO tailwindcss_oxide::scanner: Reading "C:\\laragon\\www\\DigitalWatermarking\\app\\Http\\Middleware\\Authenticate.php"
2026-09-29T08:25:08.177669Z  INFO tailwindcss_oxide::scanner: Reading "C:\\laragon\\www\\DigitalWatermarking\\app\\Http\\Requests\\Teams\\RespondToTeamInvitationRequest.php"
2026-09-29T08:25:08.177754Z  INFO tailwindcss_oxide::scanner: Reading "C:\\laragon\\www\\DigitalWatermarking\\app\\Http\\Middleware\\AuthenticateWithBasicAuth.php"
2026-09-29T08:25:08.177916Z  INFO tailwindcss_oxide::scanner: Reading "C:\\laragon\\www\\DigitalWatermarking\\app\\Http\\Requests\\Teams\\SaveTeamRequest.php"
2026-09-29T08:25:08.177923Z  INFO tailwindcss_oxide::scanner: Reading "C:\\laragon\\www\\DigitalWatermarking\\app\\Http\\Middleware\\Authorize.php"
2026-09-29T08:25:08.178079Z  INFO tailwindcss_oxide::scanner: Reading "C:\\laragon\\www\\DigitalWatermarking\\app\\Http\\Middleware\\ConvertEmptyStringsToNull.php"
2026-09-29T08:25:08.178108Z  INFO tailwindcss_oxide::scanner: Reading "C:\\laragon\\www\\DigitalWatermarking\\app\\Http\\Requests\\Teams\\UpdateTeamMemberRequest.php"
2026-09-29T08:25:08.178270Z  INFO tailwindcss_oxide::scanner: Reading "C:\\laragon\\www\\DigitalWatermarking\\database\\migrations\\0001_01_01_000002_create_jobs_table.php"
2026-09-29T08:25:08.178498Z  INFO tailwindcss_oxide::scanner: Reading "C:\\laragon\\www\\DigitalWatermarking\\app\\Http\\Middleware\\EncryptCookies.php"
2026-09-29T08:25:08.178576Z  INFO tailwindcss_oxide::scanner: Reading "C:\\laragon\\www\\DigitalWatermarking\\app\\Http\\Responses\\Concerns\\RedirectsToCurrentTeam.php"
2026-09-29T08:25:08.178681Z  INFO tailwindcss_oxide::scanner: Reading "C:\\laragon\\www\\DigitalWatermarking\\app\\Http\\Middleware\\EnsureEmailIsVerified.php"
2026-09-29T08:25:08.178500Z  INFO tailwindcss_oxide::scanner: Reading "C:\\laragon\\www\\DigitalWatermarking\\database\\seeders\\DatabaseSeeder.php"
2026-09-29T08:25:08.178812Z  INFO tailwindcss_oxide::scanner: Reading "C:\\laragon\\www\\DigitalWatermarking\\package.json"
2026-09-29T08:25:08.178837Z  INFO tailwindcss_oxide::scanner: Reading "C:\\laragon\\www\\DigitalWatermarking\\app\\Http\\Middleware\\HandleCors.php"
2026-09-29T08:25:08.178945Z  INFO tailwindcss_oxide::scanner: Reading "C:\\laragon\\www\\DigitalWatermarking\\phpunit.xml"
2026-09-29T08:25:08.178997Z  INFO tailwindcss_oxide::scanner: Reading "C:\\laragon\\www\\DigitalWatermarking\\app\\Http\\Middleware\\RedirectIfAuthenticated.php"
2026-09-29T08:25:08.179186Z  INFO tailwindcss_oxide::scanner: Reading "C:\\laragon\\www\\DigitalWatermarking\\app\\Http\\Middleware\\RequirePassword.php"
2026-09-29T08:25:08.179188Z  INFO tailwindcss_oxide::scanner: Reading "C:\\laragon\\www\\DigitalWatermarking\\app\\Http\\Responses\\LoginResponse.php"
2026-09-29T08:25:08.179360Z  INFO tailwindcss_oxide::scanner: Reading "C:\\laragon\\www\\DigitalWatermarking\\app\\Http\\Middleware\\SetCacheHeaders.php"
2026-09-29T08:25:08.179518Z  INFO tailwindcss_oxide::scanner: Reading "C:\\laragon\\www\\DigitalWatermarking\\app\\Http\\Middleware\\ShareErrorsFromSession.php"
2026-09-29T08:25:08.179647Z  INFO tailwindcss_oxide::scanner: Reading "C:\\laragon\\www\\DigitalWatermarking\\app\\Http\\Responses\\PasskeyLoginResponse.php"
2026-09-29T08:25:08.179675Z  INFO tailwindcss_oxide::scanner: Reading "C:\\laragon\\www\\DigitalWatermarking\\app\\Http\\Middleware\\StartSession.php"
2026-09-29T08:25:08.179850Z  INFO tailwindcss_oxide::scanner: Reading "C:\\laragon\\www\\DigitalWatermarking\\app\\Http\\Middleware\\SubstituteBindings.php"
2026-09-29T08:25:08.180040Z  INFO tailwindcss_oxide::scanner: Reading "C:\\laragon\\www\\DigitalWatermarking\\app\\Http\\Middleware\\ThrottleRequests.php"
2026-09-29T08:25:08.180043Z  INFO tailwindcss_oxide::scanner: Reading "C:\\laragon\\www\\DigitalWatermarking\\app\\Http\\Responses\\RegisterResponse.php"
2026-09-29T08:25:08.180460Z  INFO tailwindcss_oxide::scanner: Reading "C:\\laragon\\www\\DigitalWatermarking\\app\\Concerns\\ProfileValidationRules.php"
2026-09-29T08:25:08.180691Z  INFO tailwindcss_oxide::scanner: Reading "C:\\laragon\\www\\DigitalWatermarking\\app\\Data\\TeamPermissions.php"
2026-09-29T08:25:08.180885Z  INFO tailwindcss_oxide::scanner: Reading "C:\\laragon\\www\\DigitalWatermarking\\app\\Data\\UserTeam.php"
2026-09-29T08:25:08.181069Z  INFO tailwindcss_oxide::scanner: Reading "C:\\laragon\\www\\DigitalWatermarking\\app\\Enums\\TeamPermission.php"
2026-09-29T08:25:08.181352Z  INFO tailwindcss_oxide::scanner: Reading "C:\\laragon\\www\\DigitalWatermarking\\app\\Http\\Responses\\TwoFactorLoginResponse.php"
2026-09-29T08:25:08.181660Z  INFO tailwindcss_oxide::scanner: Reading "C:\\laragon\\www\\DigitalWatermarking\\app\\Enums\\TeamRole.php"
2026-09-29T08:25:08.181847Z  INFO tailwindcss_oxide::scanner: Reading "C:\\laragon\\www\\DigitalWatermarking\\app\\Exceptions\\Handler.php"
2026-09-29T08:25:08.182044Z  INFO tailwindcss_oxide::scanner: Reading "C:\\laragon\\www\\DigitalWatermarking\\app\\Http\\Responses\\VerifyEmailResponse.php"
2026-09-29T08:25:08.182222Z  INFO tailwindcss_oxide::scanner: Reading "C:\\laragon\\www\\DigitalWatermarking\\app\\Models\\User.php"
2026-09-29T08:25:08.182408Z  INFO tailwindcss_oxide::scanner: Reading "C:\\laragon\\www\\DigitalWatermarking\\app\\Http\\Controllers\\ArtifactController.php"
2026-09-29T08:25:08.182621Z  INFO tailwindcss_oxide::scanner: Reading "C:\\laragon\\www\\DigitalWatermarking\\app\\Providers\\AppServiceProvider.php"
2026-09-29T08:25:08.182814Z  INFO tailwindcss_oxide::scanner: Reading "C:\\laragon\\www\\DigitalWatermarking\\app\\Services\\PythonEngineException.php"
2026-09-29T08:25:08.182998Z  INFO tailwindcss_oxide::scanner: Reading "C:\\laragon\\www\\DigitalWatermarking\\app\\Http\\Controllers\\AttackController.php"
2026-09-29T08:25:08.183198Z  INFO tailwindcss_oxide::scanner: Reading "C:\\laragon\\www\\DigitalWatermarking\\app\\Http\\Controllers\\Controller.php"
2026-09-29T08:25:08.183407Z  INFO tailwindcss_oxide::scanner: Reading "C:\\laragon\\www\\DigitalWatermarking\\app\\Services\\PythonWatermarkEngine.php"
2026-09-29T08:25:08.186245Z  INFO tailwindcss_oxide::scanner: Reading "C:\\laragon\\www\\DigitalWatermarking\\app\\Services\\WatermarkStorageService.php"
2026-09-29T08:25:08.186886Z  INFO tailwindcss_oxide::scanner: Reading "C:\\laragon\\www\\DigitalWatermarking\\.github\\dependabot.yml"
2026-09-29T08:25:08.195572Z  INFO tailwindcss_oxide::scanner: Reading "C:\\laragon\\www\\DigitalWatermarking\\artisan"
2026-09-29T08:25:08.195826Z  INFO tailwindcss_oxide::scanner: Reading "C:\\laragon\\www\\DigitalWatermarking\\bootstrap\\app.php"
2026-09-29T08:25:08.196021Z  INFO tailwindcss_oxide::scanner: Reading "C:\\laragon\\www\\DigitalWatermarking\\bootstrap\\providers.php"
2026-09-29T08:25:08.196419Z  INFO tailwindcss_oxide::scanner: Reading "C:\\laragon\\www\\DigitalWatermarking\\public\\.htaccess"
2026-09-29T08:25:08.200572Z  INFO tailwindcss_oxide::scanner: Reading "C:\\laragon\\www\\DigitalWatermarking\\composer.json"
2026-09-29T08:25:08.200839Z  INFO tailwindcss_oxide::scanner: Reading "C:\\laragon\\www\\DigitalWatermarking\\config\\app.php"
2026-09-29T08:25:08.201216Z  INFO tailwindcss_oxide::scanner: Reading "C:\\laragon\\www\\DigitalWatermarking\\.github\\workflows\\tests.yml"
2026-09-29T08:25:08.201589Z  INFO tailwindcss_oxide::scanner: Reading "C:\\laragon\\www\\DigitalWatermarking\\config\\auth.php"
2026-09-29T08:25:08.201879Z  INFO tailwindcss_oxide::scanner: Reading "C:\\laragon\\www\\DigitalWatermarking\\app\\Actions\\Fortify\\CreateNewUser.php"
2026-09-29T08:25:08.202162Z  INFO tailwindcss_oxide::scanner: Reading "C:\\laragon\\www\\DigitalWatermarking\\config\\cache.php"
2026-09-29T08:25:08.202434Z  INFO tailwindcss_oxide::scanner: Reading "C:\\laragon\\www\\DigitalWatermarking\\app\\Actions\\Fortify\\ResetUserPassword.php"
2026-09-29T08:25:08.202684Z  INFO tailwindcss_oxide::scanner: Reading "C:\\laragon\\www\\DigitalWatermarking\\config\\database.php"
2026-09-29T08:25:08.202913Z  INFO tailwindcss_oxide::scanner: Reading "C:\\laragon\\www\\DigitalWatermarking\\config\\filesystems.php"
2026-09-29T08:25:08.203162Z  INFO tailwindcss_oxide::scanner: Reading "C:\\laragon\\www\\DigitalWatermarking\\app\\Actions\\Teams\\CreateTeam.php"
2026-09-29T08:25:08.203448Z  INFO tailwindcss_oxide::scanner: Reading "C:\\laragon\\www\\DigitalWatermarking\\config\\logging.php"
2026-09-29T08:25:08.203665Z  INFO tailwindcss_oxide::scanner: Reading "C:\\laragon\\www\\DigitalWatermarking\\config\\mail.php"
2026-09-29T08:25:08.204265Z  INFO tailwindcss_oxide::scanner: Reading "C:\\laragon\\www\\DigitalWatermarking\\app\\Concerns\\GeneratesUniqueTeamSlugs.php"
2026-09-29T08:25:08.205240Z  INFO tailwindcss_oxide::scanner: Reading "C:\\laragon\\www\\DigitalWatermarking\\app\\Concerns\\HasTeams.php"
2026-09-29T08:25:08.205663Z  INFO tailwindcss_oxide::scanner: Reading "C:\\laragon\\www\\DigitalWatermarking\\app\\Concerns\\PasswordValidationRules.php"
2026-09-29T08:25:08.219420Z  INFO tailwindcss_oxide::scanner: Reading "C:\\laragon\\www\\DigitalWatermarking\\python-engine\\app\\key.py"
2026-09-29T08:25:08.220277Z  INFO tailwindcss_oxide::scanner: Reading "C:\\laragon\\www\\DigitalWatermarking\\python-engine\\web_bridge.py"
2026-09-29T08:25:08.222622Z  INFO tailwindcss_oxide::scanner: Reading "C:\\laragon\\www\\DigitalWatermarking\\README.md"
2026-09-29T08:25:08.222872Z  INFO tailwindcss_oxide::scanner: Reading "C:\\laragon\\www\\DigitalWatermarking\\resources\\js\\app.js"
2026-09-29T08:25:08.224416Z  INFO tailwindcss_oxide::scanner: Reading "C:\\laragon\\www\\DigitalWatermarking\\resources\\js\\layouts\\AuthLayout.vue"
2026-09-29T08:25:08.225900Z  INFO tailwindcss_oxide::scanner: Reading "C:\\laragon\\www\\DigitalWatermarking\\public\\assets\\js\\common.js"
2026-09-29T08:25:08.233277Z  INFO tailwindcss_oxide::scanner: Reading "C:\\laragon\\www\\DigitalWatermarking\\python-engine\\app\\metrics.py"
2026-09-29T08:25:08.241995Z  INFO tailwindcss_oxide::scanner: Reading "C:\\laragon\\www\\DigitalWatermarking\\resources\\js\\layouts\\app\\AppHeaderLayout.vue"
2026-09-29T08:25:08.249273Z  INFO tailwindcss_oxide::scanner: Reading "C:\\laragon\\www\\DigitalWatermarking\\python-engine\\app\\pipeline.py"
2026-09-29T08:25:08.256715Z  INFO tailwindcss_oxide::scanner: Reading "C:\\laragon\\www\\DigitalWatermarking\\resources\\js\\layouts\\settings\\Layout.vue"
2026-09-29T08:25:08.259674Z  INFO tailwindcss_oxide::scanner: Reading "C:\\laragon\\www\\DigitalWatermarking\\public\\assets\\js\\index.js"
2026-09-29T08:25:08.264514Z  INFO tailwindcss_oxide::scanner: Reading "C:\\laragon\\www\\DigitalWatermarking\\python-engine\\app\\watermark.py"
2026-09-29T08:25:08.266931Z  INFO tailwindcss_oxide::scanner: Reading "C:\\laragon\\www\\DigitalWatermarking\\resources\\js\\layouts\\app\\AppSidebarLayout.vue"
2026-09-29T08:25:08.276091Z  INFO tailwindcss_oxide::scanner: Reading "C:\\laragon\\www\\DigitalWatermarking\\python-engine\\app\\__init__.py"
2026-09-29T08:25:08.288998Z  INFO tailwindcss_oxide::scanner: Reading "C:\\laragon\\www\\DigitalWatermarking\\public\\assets\\js\\storage.js"
2026-09-29T08:25:08.289006Z  INFO tailwindcss_oxide::scanner: Reading "C:\\laragon\\www\\DigitalWatermarking\\resources\\js\\routes\\appearance\\index.ts"
2026-09-29T08:25:08.289403Z  INFO tailwindcss_oxide::scanner: Reading "C:\\laragon\\www\\DigitalWatermarking\\resources\\js\\layouts\\AppLayout.vue"
2026-09-29T08:25:08.290726Z  INFO tailwindcss_oxide::scanner: Reading "C:\\laragon\\www\\DigitalWatermarking\\python-engine\\attack_simulation.py"
2026-09-29T08:25:08.304121Z  INFO tailwindcss_oxide::scanner: Reading "C:\\laragon\\www\\DigitalWatermarking\\python-engine\\main.py"
2026-09-29T08:25:08.310924Z  INFO tailwindcss_oxide::scanner: Reading "C:\\laragon\\www\\DigitalWatermarking\\public\\favicon.svg"
2026-09-29T08:25:08.311296Z  INFO tailwindcss_oxide::scanner: Reading "C:\\laragon\\www\\DigitalWatermarking\\public\\index.php"
2026-09-29T08:25:08.315013Z  INFO tailwindcss_oxide::scanner: Reading "C:\\laragon\\www\\DigitalWatermarking\\python-engine\\requirements.txt"
2026-09-29T08:25:08.315016Z  INFO tailwindcss_oxide::scanner: Reading "C:\\laragon\\www\\DigitalWatermarking\\resources\\js\\routes\\index.ts"
2026-09-29T08:25:08.316259Z  INFO tailwindcss_oxide::scanner: Reading "C:\\laragon\\www\\DigitalWatermarking\\resources\\js\\layouts\\auth\\AuthCardLayout.vue"
2026-09-29T08:25:08.324680Z  INFO tailwindcss_oxide::scanner: Reading "C:\\laragon\\www\\DigitalWatermarking\\python-engine\\app\\dct.py"
2026-09-29T08:25:08.328275Z  INFO tailwindcss_oxide::scanner: Reading "C:\\laragon\\www\\DigitalWatermarking\\python-engine\\test_full_flow.py"
2026-09-29T08:25:08.336977Z  INFO tailwindcss_oxide::scanner: Reading "C:\\laragon\\www\\DigitalWatermarking\\resources\\js\\layouts\\auth\\AuthSimpleLayout.vue"
2026-09-29T08:25:08.339831Z  INFO tailwindcss_oxide::scanner: Reading "C:\\laragon\\www\\DigitalWatermarking\\resources\\js\\routes\\invitations\\index.ts"
2026-09-29T08:25:08.348715Z  INFO tailwindcss_oxide::scanner: Reading "C:\\laragon\\www\\DigitalWatermarking\\resources\\js\\routes\\two-factor\\login\\index.ts"
2026-09-29T08:25:08.355164Z  INFO tailwindcss_oxide::scanner: Reading "C:\\laragon\\www\\DigitalWatermarking\\resources\\js\\routes\\profile\\index.ts"
2026-09-29T08:25:08.360311Z  INFO tailwindcss_oxide::scanner: Reading "C:\\laragon\\www\\DigitalWatermarking\\resources\\js\\layouts\\auth\\AuthSplitLayout.vue"
2026-09-29T08:25:08.360571Z  INFO tailwindcss_oxide::scanner: Reading "C:\\laragon\\www\\DigitalWatermarking\\resources\\js\\routes\\login\\index.ts"
2026-09-29T08:25:08.370599Z  INFO tailwindcss_oxide::scanner: Reading "C:\\laragon\\www\\DigitalWatermarking\\resources\\js\\routes\\user-password\\index.ts"
2026-09-29T08:25:08.376878Z  INFO tailwindcss_oxide::scanner: Reading "C:\\laragon\\www\\DigitalWatermarking\\resources\\js\\routes\\register\\index.ts"
2026-09-29T08:25:08.378762Z  INFO tailwindcss_oxide::scanner: Reading "C:\\laragon\\www\\DigitalWatermarking\\resources\\js\\routes\\storage\\local\\index.ts"
2026-09-29T08:25:08.383927Z  INFO tailwindcss_oxide::scanner: Reading "C:\\laragon\\www\\DigitalWatermarking\\resources\\js\\routes\\passkey\\index.ts"
2026-09-29T08:25:08.385652Z  INFO tailwindcss_oxide::scanner: Reading "C:\\laragon\\www\\DigitalWatermarking\\resources\\js\\routes\\password\\confirm\\index.ts"
2026-09-29T08:25:08.395650Z  INFO tailwindcss_oxide::scanner: Reading "C:\\laragon\\www\\DigitalWatermarking\\resources\\js\\routes\\verification\\index.ts"
2026-09-29T08:25:08.398808Z  INFO tailwindcss_oxide::scanner: Reading "C:\\laragon\\www\\DigitalWatermarking\\resources\\js\\routes\\security\\index.ts"
2026-09-29T08:25:08.414341Z  INFO tailwindcss_oxide::scanner: Reading "C:\\laragon\\www\\DigitalWatermarking\\resources\\js\\routes\\well-known\\index.ts"
2026-09-29T08:25:08.414955Z  INFO tailwindcss_oxide::scanner: Reading "C:\\laragon\\www\\DigitalWatermarking\\resources\\views\\attack.blade.php"
2026-09-29T08:25:08.414987Z  INFO tailwindcss_oxide::scanner: Reading "C:\\laragon\\www\\DigitalWatermarking\\resources\\js\\routes\\teams\\index.ts"
2026-09-29T08:25:08.415154Z  INFO tailwindcss_oxide::scanner: Reading "C:\\laragon\\www\\DigitalWatermarking\\resources\\js\\routes\\password\\index.ts"
2026-09-29T08:25:08.415571Z  INFO tailwindcss_oxide::scanner: Reading "C:\\laragon\\www\\DigitalWatermarking\\resources\\views\\embedding.blade.php"
2026-09-29T08:25:08.415684Z  INFO tailwindcss_oxide::scanner: Reading "C:\\laragon\\www\\DigitalWatermarking\\resources\\views\\layouts\\app.blade.php"
2026-09-29T08:25:08.415970Z  INFO tailwindcss_oxide::scanner: Reading "C:\\laragon\\www\\DigitalWatermarking\\routes\\console.php"
2026-09-29T08:25:08.416432Z  INFO tailwindcss_oxide::scanner: Reading "C:\\laragon\\www\\DigitalWatermarking\\routes\\web.php"
2026-09-29T08:25:08.416434Z  INFO tailwindcss_oxide::scanner: Reading "C:\\laragon\\www\\DigitalWatermarking\\resources\\views\\evaluation.blade.php"
2026-09-29T08:25:08.416733Z  INFO tailwindcss_oxide::scanner: Reading "C:\\laragon\\www\\DigitalWatermarking\\tests\\CreatesApplication.php"
2026-09-29T08:25:08.416885Z  INFO tailwindcss_oxide::scanner: Reading "C:\\laragon\\www\\DigitalWatermarking\\resources\\views\\extraction.blade.php"
2026-09-29T08:25:08.417336Z  INFO tailwindcss_oxide::scanner: Reading "C:\\laragon\\www\\DigitalWatermarking\\tests\\Feature\\WatermarkingTest.php"
2026-09-29T08:25:08.417381Z  INFO tailwindcss_oxide::scanner: Reading "C:\\laragon\\www\\DigitalWatermarking\\resources\\views\\index.blade.php"
2026-09-29T08:25:08.417583Z  INFO tailwindcss_oxide::scanner: Reading "C:\\laragon\\www\\DigitalWatermarking\\tests\\Pest.php"
2026-09-29T08:25:08.417770Z  INFO tailwindcss_oxide::scanner: Reading "C:\\laragon\\www\\DigitalWatermarking\\tests\\TestCase.php"
2026-09-29T08:25:08.418279Z  INFO tailwindcss_oxide::scanner: Reading "C:\\laragon\\www\\DigitalWatermarking\\vite.config.js"
2026-09-29T08:25:08.439931Z  INFO tailwindcss_oxide::scanner: Reading "C:\\laragon\\www\\DigitalWatermarking\\vite.config.ts"
2026-09-29T08:25:08.443909Z  INFO tailwindcss_oxide::scanner: Reading "C:\\laragon\\www\\DigitalWatermarking\\resources\\js\\routes\\storage\\index.ts"
2026-09-29T08:25:08.445901Z  INFO tailwindcss_oxide::scanner: Reading "C:\\laragon\\www\\DigitalWatermarking\\resources\\js\\routes\\teams\\members\\index.ts"
2026-09-29T08:25:08.451529Z  INFO tailwindcss_oxide::scanner: Reading "C:\\laragon\\www\\DigitalWatermarking\\resources\\js\\routes\\teams\\invitations\\index.ts"
2026-09-29T08:25:08.472388Z  INFO tailwindcss_oxide::scanner: Reading "C:\\laragon\\www\\DigitalWatermarking\\resources\\js\\routes\\two-factor\\index.ts"
2026-09-29T08:25:08.472565Z  INFO get_files:discover_sources: tailwindcss_oxide::scanner: exit
2026-09-29T08:25:08.472982Z  INFO get_files: tailwindcss_oxide::scanner: exit
2026-09-29T08:25:08.473137Z  INFO get_globs: tailwindcss_oxide::scanner: enter
2026-09-29T08:25:08.473154Z  INFO get_globs:discover_sources: tailwindcss_oxide::scanner: enter
2026-09-29T08:25:08.473162Z  INFO get_globs:discover_sources: tailwindcss_oxide::scanner: exit
2026-09-29T08:25:09.374050Z  INFO get_globs: tailwindcss_oxide::scanner: exit
