2026-09-29T08:25:09.615636Z  INFO tailwindcss_oxide::scanner: Provided sources:
2026-09-29T08:25:09.615800Z  INFO tailwindcss_oxide::scanner: Source: PublicSourceEntry { base: "c:\\laragon\\www\\DigitalWatermarking", pattern: "**/*", negated: false }
2026-09-29T08:25:09.617373Z  INFO tailwindcss_oxide::scanner: Optimized sources:
2026-09-29T08:25:09.617408Z  INFO tailwindcss_oxide::scanner: Source: Auto { base: "C:\\laragon\\www\\DigitalWatermarking" }
2026-09-29T08:25:09.619974Z  INFO get_files: tailwindcss_oxide::scanner: enter
2026-09-29T08:25:09.620009Z  INFO get_files:discover_sources: tailwindcss_oxide::scanner: enter
2026-09-29T08:25:09.620200Z  INFO get_files:discover_sources:walk_synchronous: tailwindcss_oxide::scanner: enter
2026-09-29T08:25:09.654771Z  INFO get_files:discover_sources:walk_synchronous: tailwindcss_oxide::scanner: exit
2026-09-29T08:25:09.655568Z  INFO tailwindcss_oxide::scanner: Reading "C:\\laragon\\www\\DigitalWatermarking\\config\\queue.php"
2026-09-29T08:25:09.655568Z  INFO tailwindcss_oxide::scanner: Reading "C:\\laragon\\www\\DigitalWatermarking\\.github\\dependabot.yml"
2026-09-29T08:25:09.655699Z  INFO tailwindcss_oxide::scanner: Reading "C:\\laragon\\www\\DigitalWatermarking\\app\\Http\\Middleware\\TrimStrings.php"
2026-09-29T08:25:09.655732Z  INFO tailwindcss_oxide::scanner: Reading "C:\\laragon\\www\\DigitalWatermarking\\config\\services.php"
2026-09-29T08:25:09.655817Z  INFO tailwindcss_oxide::scanner: Reading "C:\\laragon\\www\\DigitalWatermarking\\.github\\workflows\\tests.yml"
2026-09-29T08:25:09.655840Z  INFO tailwindcss_oxide::scanner: Reading "C:\\laragon\\www\\DigitalWatermarking\\config\\session.php"
2026-09-29T08:25:09.655845Z  INFO tailwindcss_oxide::scanner: Reading "C:\\laragon\\www\\DigitalWatermarking\\app\\Http\\Middleware\\TrustProxies.php"
2026-09-29T08:25:09.655951Z  INFO tailwindcss_oxide::scanner: Reading "C:\\laragon\\www\\DigitalWatermarking\\config\\watermark.php"
2026-09-29T08:25:09.655953Z  INFO tailwindcss_oxide::scanner: Reading "C:\\laragon\\www\\DigitalWatermarking\\app\\Actions\\Fortify\\CreateNewUser.php"
2026-09-29T08:25:09.655990Z  INFO tailwindcss_oxide::scanner: Reading "C:\\laragon\\www\\DigitalWatermarking\\app\\Http\\Middleware\\ValidatePostSize.php"
2026-09-29T08:25:09.656053Z  INFO tailwindcss_oxide::scanner: Reading "C:\\laragon\\www\\DigitalWatermarking\\database\\factories\\UserFactory.php"
2026-09-29T08:25:09.656084Z  INFO tailwindcss_oxide::scanner: Reading "C:\\laragon\\www\\DigitalWatermarking\\app\\Actions\\Fortify\\ResetUserPassword.php"
2026-09-29T08:25:09.656094Z  INFO tailwindcss_oxide::scanner: Reading "C:\\laragon\\www\\DigitalWatermarking\\app\\Http\\Middleware\\ValidateSignature.php"
2026-09-29T08:25:09.656149Z  INFO tailwindcss_oxide::scanner: Reading "C:\\laragon\\www\\DigitalWatermarking\\database\\migrations\\0001_01_01_000000_create_users_table.php"
2026-09-29T08:25:09.656200Z  INFO tailwindcss_oxide::scanner: Reading "C:\\laragon\\www\\DigitalWatermarking\\app\\Http\\Middleware\\VerifyCsrfToken.php"
2026-09-29T08:25:09.656206Z  INFO tailwindcss_oxide::scanner: Reading "C:\\laragon\\www\\DigitalWatermarking\\app\\Actions\\Teams\\CreateTeam.php"
2026-09-29T08:25:09.656256Z  INFO tailwindcss_oxide::scanner: Reading "C:\\laragon\\www\\DigitalWatermarking\\database\\migrations\\0001_01_01_000001_create_cache_table.php"
2026-09-29T08:25:09.656317Z  INFO tailwindcss_oxide::scanner: Reading "C:\\laragon\\www\\DigitalWatermarking\\app\\Concerns\\GeneratesUniqueTeamSlugs.php"
2026-09-29T08:25:09.656355Z  INFO tailwindcss_oxide::scanner: Reading "C:\\laragon\\www\\DigitalWatermarking\\app\\Http\\Responses\\TwoFactorLoginResponse.php"
2026-09-29T08:25:09.656366Z  INFO tailwindcss_oxide::scanner: Reading "C:\\laragon\\www\\DigitalWatermarking\\database\\migrations\\0001_01_01_000002_create_jobs_table.php"
2026-09-29T08:25:09.656434Z  INFO tailwindcss_oxide::scanner: Reading "C:\\laragon\\www\\DigitalWatermarking\\app\\Concerns\\HasTeams.php"
2026-09-29T08:25:09.656470Z  INFO tailwindcss_oxide::scanner: Reading "C:\\laragon\\www\\DigitalWatermarking\\app\\Http\\Responses\\VerifyEmailResponse.php"
2026-09-29T08:25:09.656474Z  INFO tailwindcss_oxide::scanner: Reading "C:\\laragon\\www\\DigitalWatermarking\\database\\seeders\\DatabaseSeeder.php"
2026-09-29T08:25:09.656511Z  INFO tailwindcss_oxide::scanner: Reading "C:\\laragon\\www\\DigitalWatermarking\\app\\Http\\Requests\\Settings\\PasswordUpdateRequest.php"
2026-09-29T08:25:09.656534Z  INFO tailwindcss_oxide::scanner: Reading "C:\\laragon\\www\\DigitalWatermarking\\app\\Concerns\\PasswordValidationRules.php"
2026-09-29T08:25:09.656687Z  INFO tailwindcss_oxide::scanner: Reading "C:\\laragon\\www\\DigitalWatermarking\\package.json"
2026-09-29T08:25:09.656699Z  INFO tailwindcss_oxide::scanner: Reading "C:\\laragon\\www\\DigitalWatermarking\\app\\Http\\Requests\\Settings\\ProfileDeleteRequest.php"
2026-09-29T08:25:09.656712Z  INFO tailwindcss_oxide::scanner: Reading "C:\\laragon\\www\\DigitalWatermarking\\app\\Concerns\\ProfileValidationRules.php"
2026-09-29T08:25:09.656794Z  INFO tailwindcss_oxide::scanner: Reading "C:\\laragon\\www\\DigitalWatermarking\\phpunit.xml"
2026-09-29T08:25:09.656805Z  INFO tailwindcss_oxide::scanner: Reading "C:\\laragon\\www\\DigitalWatermarking\\app\\Http\\Requests\\Settings\\ProfileUpdateRequest.php"
2026-09-29T08:25:09.656807Z  INFO tailwindcss_oxide::scanner: Reading "C:\\laragon\\www\\DigitalWatermarking\\app\\Data\\TeamPermissions.php"
2026-09-29T08:25:09.656890Z  INFO tailwindcss_oxide::scanner: Reading "C:\\laragon\\www\\DigitalWatermarking\\public\\.htaccess"
2026-09-29T08:25:09.656916Z  INFO tailwindcss_oxide::scanner: Reading "C:\\laragon\\www\\DigitalWatermarking\\app\\Data\\UserTeam.php"
2026-09-29T08:25:09.656977Z  INFO tailwindcss_oxide::scanner: Reading "C:\\laragon\\www\\DigitalWatermarking\\app\\Http\\Requests\\Settings\\TwoFactorAuthenticationRequest.php"
2026-09-29T08:25:09.656989Z  INFO tailwindcss_oxide::scanner: Reading "C:\\laragon\\www\\DigitalWatermarking\\public\\assets\\js\\common.js"
2026-09-29T08:25:09.657015Z  INFO tailwindcss_oxide::scanner: Reading "C:\\laragon\\www\\DigitalWatermarking\\app\\Enums\\TeamPermission.php"
2026-09-29T08:25:09.657088Z  INFO tailwindcss_oxide::scanner: Reading "C:\\laragon\\www\\DigitalWatermarking\\app\\Http\\Requests\\Teams\\CreateTeamInvitationRequest.php"
2026-09-29T08:25:09.657135Z  INFO tailwindcss_oxide::scanner: Reading "C:\\laragon\\www\\DigitalWatermarking\\app\\Enums\\TeamRole.php"
2026-09-29T08:25:09.657226Z  INFO tailwindcss_oxide::scanner: Reading "C:\\laragon\\www\\DigitalWatermarking\\public\\assets\\js\\index.js"
2026-09-29T08:25:09.657259Z  INFO tailwindcss_oxide::scanner: Reading "C:\\laragon\\www\\DigitalWatermarking\\app\\Http\\Requests\\Teams\\DeleteTeamRequest.php"
2026-09-29T08:25:09.657258Z  INFO tailwindcss_oxide::scanner: Reading "C:\\laragon\\www\\DigitalWatermarking\\app\\Exceptions\\Handler.php"
2026-09-29T08:25:09.657352Z  INFO tailwindcss_oxide::scanner: Reading "C:\\laragon\\www\\DigitalWatermarking\\public\\assets\\js\\storage.js"
2026-09-29T08:25:09.657369Z  INFO tailwindcss_oxide::scanner: Reading "C:\\laragon\\www\\DigitalWatermarking\\app\\Http\\Requests\\Teams\\RespondToTeamInvitationRequest.php"
2026-09-29T08:25:09.657373Z  INFO tailwindcss_oxide::scanner: Reading "C:\\laragon\\www\\DigitalWatermarking\\app\\Http\\Controllers\\ArtifactController.php"
2026-09-29T08:25:09.657524Z  INFO tailwindcss_oxide::scanner: Reading "C:\\laragon\\www\\DigitalWatermarking\\public\\favicon.svg"
2026-09-29T08:25:09.657530Z  INFO tailwindcss_oxide::scanner: Reading "C:\\laragon\\www\\DigitalWatermarking\\app\\Http\\Controllers\\AttackController.php"
2026-09-29T08:25:09.657541Z  INFO tailwindcss_oxide::scanner: Reading "C:\\laragon\\www\\DigitalWatermarking\\app\\Http\\Requests\\Teams\\SaveTeamRequest.php"
2026-09-29T08:25:09.657377Z  INFO tailwindcss_oxide::scanner: Reading "C:\\laragon\\www\\DigitalWatermarking\\app\\Models\\User.php"
2026-09-29T08:25:09.657629Z  INFO tailwindcss_oxide::scanner: Reading "C:\\laragon\\www\\DigitalWatermarking\\public\\index.php"
2026-09-29T08:25:09.657635Z  INFO tailwindcss_oxide::scanner: Reading "C:\\laragon\\www\\DigitalWatermarking\\app\\Http\\Controllers\\Controller.php"
2026-09-29T08:25:09.657650Z  INFO tailwindcss_oxide::scanner: Reading "C:\\laragon\\www\\DigitalWatermarking\\app\\Http\\Requests\\Teams\\UpdateTeamMemberRequest.php"
2026-09-29T08:25:09.657687Z  INFO tailwindcss_oxide::scanner: Reading "C:\\laragon\\www\\DigitalWatermarking\\app\\Providers\\AppServiceProvider.php"
2026-09-29T08:25:09.657746Z  INFO tailwindcss_oxide::scanner: Reading "C:\\laragon\\www\\DigitalWatermarking\\python-engine\\app\\dct.py"
2026-09-29T08:25:09.657821Z  INFO tailwindcss_oxide::scanner: Reading "C:\\laragon\\www\\DigitalWatermarking\\app\\Http\\Controllers\\EmbeddingController.php"
2026-09-29T08:25:09.657841Z  INFO tailwindcss_oxide::scanner: Reading "C:\\laragon\\www\\DigitalWatermarking\\app\\Http\\Responses\\Concerns\\RedirectsToCurrentTeam.php"
2026-09-29T08:25:09.657859Z  INFO tailwindcss_oxide::scanner: Reading "C:\\laragon\\www\\DigitalWatermarking\\app\\Services\\PythonEngineException.php"
2026-09-29T08:25:09.657863Z  INFO tailwindcss_oxide::scanner: Reading "C:\\laragon\\www\\DigitalWatermarking\\python-engine\\app\\key.py"
2026-09-29T08:25:09.657926Z  INFO tailwindcss_oxide::scanner: Reading "C:\\laragon\\www\\DigitalWatermarking\\app\\Http\\Controllers\\EvaluationController.php"
2026-09-29T08:25:09.657946Z  INFO tailwindcss_oxide::scanner: Reading "C:\\laragon\\www\\DigitalWatermarking\\app\\Http\\Responses\\LoginResponse.php"
2026-09-29T08:25:09.657968Z  INFO tailwindcss_oxide::scanner: Reading "C:\\laragon\\www\\DigitalWatermarking\\app\\Services\\PythonWatermarkEngine.php"
2026-09-29T08:25:09.657978Z  INFO tailwindcss_oxide::scanner: Reading "C:\\laragon\\www\\DigitalWatermarking\\python-engine\\app\\metrics.py"
2026-09-29T08:25:09.658033Z  INFO tailwindcss_oxide::scanner: Reading "C:\\laragon\\www\\DigitalWatermarking\\app\\Http\\Controllers\\ExtractionController.php"
2026-09-29T08:25:09.658049Z  INFO tailwindcss_oxide::scanner: Reading "C:\\laragon\\www\\DigitalWatermarking\\app\\Http\\Responses\\PasskeyLoginResponse.php"
2026-09-29T08:25:09.658084Z  INFO tailwindcss_oxide::scanner: Reading "C:\\laragon\\www\\DigitalWatermarking\\app\\Services\\WatermarkStorageService.php"
2026-09-29T08:25:09.658098Z  INFO tailwindcss_oxide::scanner: Reading "C:\\laragon\\www\\DigitalWatermarking\\python-engine\\app\\pipeline.py"
2026-09-29T08:25:09.658133Z  INFO tailwindcss_oxide::scanner: Reading "C:\\laragon\\www\\DigitalWatermarking\\app\\Http\\Kernel.php"
2026-09-29T08:25:09.658149Z  INFO tailwindcss_oxide::scanner: Reading "C:\\laragon\\www\\DigitalWatermarking\\app\\Http\\Responses\\RegisterResponse.php"
2026-09-29T08:25:09.658188Z  INFO tailwindcss_oxide::scanner: Reading "C:\\laragon\\www\\DigitalWatermarking\\artisan"
2026-09-29T08:25:09.658214Z  INFO tailwindcss_oxide::scanner: Reading "C:\\laragon\\www\\DigitalWatermarking\\python-engine\\app\\watermark.py"
2026-09-29T08:25:09.658235Z  INFO tailwindcss_oxide::scanner: Reading "C:\\laragon\\www\\DigitalWatermarking\\app\\Http\\Middleware\\Authenticate.php"
2026-09-29T08:25:09.658299Z  INFO tailwindcss_oxide::scanner: Reading "C:\\laragon\\www\\DigitalWatermarking\\bootstrap\\app.php"
2026-09-29T08:25:09.658320Z  INFO tailwindcss_oxide::scanner: Reading "C:\\laragon\\www\\DigitalWatermarking\\python-engine\\app\\__init__.py"
2026-09-29T08:25:09.658329Z  INFO tailwindcss_oxide::scanner: Reading "C:\\laragon\\www\\DigitalWatermarking\\bootstrap\\providers.php"
2026-09-29T08:25:09.658336Z  INFO tailwindcss_oxide::scanner: Reading "C:\\laragon\\www\\DigitalWatermarking\\app\\Http\\Middleware\\AuthenticateWithBasicAuth.php"
2026-09-29T08:25:09.658405Z  INFO tailwindcss_oxide::scanner: Reading "C:\\laragon\\www\\DigitalWatermarking\\app\\Http\\Middleware\\EnsureEmailIsVerified.php"
2026-09-29T08:25:09.658439Z  INFO tailwindcss_oxide::scanner: Reading "C:\\laragon\\www\\DigitalWatermarking\\composer.json"
2026-09-29T08:25:09.658438Z  INFO tailwindcss_oxide::scanner: Reading "C:\\laragon\\www\\DigitalWatermarking\\python-engine\\attack_simulation.py"
2026-09-29T08:25:09.658444Z  INFO tailwindcss_oxide::scanner: Reading "C:\\laragon\\www\\DigitalWatermarking\\app\\Http\\Middleware\\Authorize.php"
2026-09-29T08:25:09.658513Z  INFO tailwindcss_oxide::scanner: Reading "C:\\laragon\\www\\DigitalWatermarking\\app\\Http\\Middleware\\HandleCors.php"
2026-09-29T08:25:09.658549Z  INFO tailwindcss_oxide::scanner: Reading "C:\\laragon\\www\\DigitalWatermarking\\config\\app.php"
2026-09-29T08:25:09.658565Z  INFO tailwindcss_oxide::scanner: Reading "C:\\laragon\\www\\DigitalWatermarking\\python-engine\\main.py"
2026-09-29T08:25:09.658584Z  INFO tailwindcss_oxide::scanner: Reading "C:\\laragon\\www\\DigitalWatermarking\\app\\Http\\Middleware\\ConvertEmptyStringsToNull.php"
2026-09-29T08:25:09.658619Z  INFO tailwindcss_oxide::scanner: Reading "C:\\laragon\\www\\DigitalWatermarking\\app\\Http\\Middleware\\RedirectIfAuthenticated.php"
2026-09-29T08:25:09.658665Z  INFO tailwindcss_oxide::scanner: Reading "C:\\laragon\\www\\DigitalWatermarking\\config\\auth.php"
2026-09-29T08:25:09.658675Z  INFO tailwindcss_oxide::scanner: Reading "C:\\laragon\\www\\DigitalWatermarking\\python-engine\\requirements.txt"
2026-09-29T08:25:09.658690Z  INFO tailwindcss_oxide::scanner: Reading "C:\\laragon\\www\\DigitalWatermarking\\app\\Http\\Middleware\\EncryptCookies.php"
2026-09-29T08:25:09.658723Z  INFO tailwindcss_oxide::scanner: Reading "C:\\laragon\\www\\DigitalWatermarking\\app\\Http\\Middleware\\RequirePassword.php"
2026-09-29T08:25:09.658769Z  INFO tailwindcss_oxide::scanner: Reading "C:\\laragon\\www\\DigitalWatermarking\\config\\cache.php"
2026-09-29T08:25:09.658774Z  INFO tailwindcss_oxide::scanner: Reading "C:\\laragon\\www\\DigitalWatermarking\\python-engine\\test_full_flow.py"
2026-09-29T08:25:09.658798Z  INFO tailwindcss_oxide::scanner: Reading "C:\\laragon\\www\\DigitalWatermarking\\app\\Http\\Middleware\\SetCacheHeaders.php"
2026-09-29T08:25:09.658826Z  INFO tailwindcss_oxide::scanner: Reading "C:\\laragon\\www\\DigitalWatermarking\\app\\Http\\Middleware\\StartSession.php"
2026-09-29T08:25:09.658868Z  INFO tailwindcss_oxide::scanner: Reading "C:\\laragon\\www\\DigitalWatermarking\\config\\database.php"
2026-09-29T08:25:09.658882Z  INFO tailwindcss_oxide::scanner: Reading "C:\\laragon\\www\\DigitalWatermarking\\python-engine\\web_bridge.py"
2026-09-29T08:25:09.658914Z  INFO tailwindcss_oxide::scanner: Reading "C:\\laragon\\www\\DigitalWatermarking\\app\\Http\\Middleware\\ShareErrorsFromSession.php"
2026-09-29T08:25:09.658925Z  INFO tailwindcss_oxide::scanner: Reading "C:\\laragon\\www\\DigitalWatermarking\\app\\Http\\Middleware\\SubstituteBindings.php"
2026-09-29T08:25:09.658979Z  INFO tailwindcss_oxide::scanner: Reading "C:\\laragon\\www\\DigitalWatermarking\\config\\filesystems.php"
2026-09-29T08:25:09.658996Z  INFO tailwindcss_oxide::scanner: Reading "C:\\laragon\\www\\DigitalWatermarking\\README.md"
2026-09-29T08:25:09.659016Z  INFO tailwindcss_oxide::scanner: Reading "C:\\laragon\\www\\DigitalWatermarking\\config\\logging.php"
2026-09-29T08:25:09.659016Z  INFO tailwindcss_oxide::scanner: Reading "C:\\laragon\\www\\DigitalWatermarking\\app\\Http\\Middleware\\ThrottleRequests.php"
2026-09-29T08:25:09.659089Z  INFO tailwindcss_oxide::scanner: Reading "C:\\laragon\\www\\DigitalWatermarking\\config\\mail.php"
2026-09-29T08:25:09.659122Z  INFO tailwindcss_oxide::scanner: Reading "C:\\laragon\\www\\DigitalWatermarking\\resources\\js\\app.js"
2026-09-29T08:25:09.659134Z  INFO tailwindcss_oxide::scanner: Reading "C:\\laragon\\www\\DigitalWatermarking\\resources\\js\\routes\\two-factor\\login\\index.ts"
2026-09-29T08:25:09.659144Z  INFO tailwindcss_oxide::scanner: Reading "C:\\laragon\\www\\DigitalWatermarking\\resources\\js\\layouts\\AuthLayout.vue"
2026-09-29T08:25:09.659205Z  INFO tailwindcss_oxide::scanner: Reading "C:\\laragon\\www\\DigitalWatermarking\\resources\\views\\layouts\\app.blade.php"
2026-09-29T08:25:09.659221Z  INFO tailwindcss_oxide::scanner: Reading "C:\\laragon\\www\\DigitalWatermarking\\resources\\js\\layouts\\app\\AppHeaderLayout.vue"
2026-09-29T08:25:09.659251Z  INFO tailwindcss_oxide::scanner: Reading "C:\\laragon\\www\\DigitalWatermarking\\resources\\js\\routes\\user-password\\index.ts"
2026-09-29T08:25:09.659329Z  INFO tailwindcss_oxide::scanner: Reading "C:\\laragon\\www\\DigitalWatermarking\\routes\\console.php"
2026-09-29T08:25:09.659464Z  INFO tailwindcss_oxide::scanner: Reading "C:\\laragon\\www\\DigitalWatermarking\\resources\\js\\routes\\verification\\index.ts"
2026-09-29T08:25:09.659471Z  INFO tailwindcss_oxide::scanner: Reading "C:\\laragon\\www\\DigitalWatermarking\\routes\\web.php"
2026-09-29T08:25:09.659585Z  INFO tailwindcss_oxide::scanner: Reading "C:\\laragon\\www\\DigitalWatermarking\\resources\\js\\routes\\well-known\\index.ts"
2026-09-29T08:25:09.659589Z  INFO tailwindcss_oxide::scanner: Reading "C:\\laragon\\www\\DigitalWatermarking\\tests\\CreatesApplication.php"
2026-09-29T08:25:09.659706Z  INFO tailwindcss_oxide::scanner: Reading "C:\\laragon\\www\\DigitalWatermarking\\tests\\Feature\\WatermarkingTest.php"
2026-09-29T08:25:09.659708Z  INFO tailwindcss_oxide::scanner: Reading "C:\\laragon\\www\\DigitalWatermarking\\resources\\views\\attack.blade.php"
2026-09-29T08:25:09.659816Z  INFO tailwindcss_oxide::scanner: Reading "C:\\laragon\\www\\DigitalWatermarking\\tests\\Pest.php"
2026-09-29T08:25:09.659845Z  INFO tailwindcss_oxide::scanner: Reading "C:\\laragon\\www\\DigitalWatermarking\\resources\\views\\embedding.blade.php"
2026-09-29T08:25:09.659918Z  INFO tailwindcss_oxide::scanner: Reading "C:\\laragon\\www\\DigitalWatermarking\\tests\\TestCase.php"
2026-09-29T08:25:09.660025Z  INFO tailwindcss_oxide::scanner: Reading "C:\\laragon\\www\\DigitalWatermarking\\vite.config.js"
2026-09-29T08:25:09.660050Z  INFO tailwindcss_oxide::scanner: Reading "C:\\laragon\\www\\DigitalWatermarking\\resources\\js\\layouts\\settings\\Layout.vue"
2026-09-29T08:25:09.660055Z  INFO tailwindcss_oxide::scanner: Reading "C:\\laragon\\www\\DigitalWatermarking\\resources\\js\\layouts\\app\\AppSidebarLayout.vue"
2026-09-29T08:25:09.660128Z  INFO tailwindcss_oxide::scanner: Reading "C:\\laragon\\www\\DigitalWatermarking\\vite.config.ts"
2026-09-29T08:25:09.660169Z  INFO tailwindcss_oxide::scanner: Reading "C:\\laragon\\www\\DigitalWatermarking\\resources\\js\\routes\\appearance\\index.ts"
2026-09-29T08:25:09.660292Z  INFO tailwindcss_oxide::scanner: Reading "C:\\laragon\\www\\DigitalWatermarking\\resources\\js\\routes\\index.ts"
2026-09-29T08:25:09.660316Z  INFO tailwindcss_oxide::scanner: Reading "C:\\laragon\\www\\DigitalWatermarking\\resources\\views\\extraction.blade.php"
2026-09-29T08:25:09.660407Z  INFO tailwindcss_oxide::scanner: Reading "C:\\laragon\\www\\DigitalWatermarking\\resources\\js\\routes\\invitations\\index.ts"
2026-09-29T08:25:09.660453Z  INFO tailwindcss_oxide::scanner: Reading "C:\\laragon\\www\\DigitalWatermarking\\resources\\views\\evaluation.blade.php"
2026-09-29T08:25:09.660462Z  INFO tailwindcss_oxide::scanner: Reading "C:\\laragon\\www\\DigitalWatermarking\\resources\\views\\index.blade.php"
2026-09-29T08:25:09.660469Z  INFO tailwindcss_oxide::scanner: Reading "C:\\laragon\\www\\DigitalWatermarking\\resources\\js\\layouts\\AppLayout.vue"
2026-09-29T08:25:09.660511Z  INFO tailwindcss_oxide::scanner: Reading "C:\\laragon\\www\\DigitalWatermarking\\resources\\js\\routes\\login\\index.ts"
2026-09-29T08:25:09.660570Z  INFO tailwindcss_oxide::scanner: Reading "C:\\laragon\\www\\DigitalWatermarking\\resources\\js\\routes\\profile\\index.ts"
2026-09-29T08:25:09.660586Z  INFO tailwindcss_oxide::scanner: Reading "C:\\laragon\\www\\DigitalWatermarking\\resources\\js\\layouts\\auth\\AuthCardLayout.vue"
2026-09-29T08:25:09.660591Z  INFO tailwindcss_oxide::scanner: Reading "C:\\laragon\\www\\DigitalWatermarking\\resources\\js\\routes\\passkey\\index.ts"
2026-09-29T08:25:09.660621Z  INFO tailwindcss_oxide::scanner: Reading "C:\\laragon\\www\\DigitalWatermarking\\resources\\js\\routes\\storage\\local\\index.ts"
2026-09-29T08:25:09.660688Z  INFO tailwindcss_oxide::scanner: Reading "C:\\laragon\\www\\DigitalWatermarking\\resources\\js\\routes\\register\\index.ts"
2026-09-29T08:25:09.660708Z  INFO tailwindcss_oxide::scanner: Reading "C:\\laragon\\www\\DigitalWatermarking\\resources\\js\\layouts\\auth\\AuthSimpleLayout.vue"
2026-09-29T08:25:09.660760Z  INFO tailwindcss_oxide::scanner: Reading "C:\\laragon\\www\\DigitalWatermarking\\resources\\js\\routes\\password\\confirm\\index.ts"
2026-09-29T08:25:09.660771Z  INFO tailwindcss_oxide::scanner: Reading "C:\\laragon\\www\\DigitalWatermarking\\resources\\js\\routes\\teams\\index.ts"
2026-09-29T08:25:09.660816Z  INFO tailwindcss_oxide::scanner: Reading "C:\\laragon\\www\\DigitalWatermarking\\resources\\js\\routes\\security\\index.ts"
2026-09-29T08:25:09.660836Z  INFO tailwindcss_oxide::scanner: Reading "C:\\laragon\\www\\DigitalWatermarking\\resources\\js\\layouts\\auth\\AuthSplitLayout.vue"
2026-09-29T08:25:09.660882Z  INFO tailwindcss_oxide::scanner: Reading "C:\\laragon\\www\\DigitalWatermarking\\resources\\js\\routes\\password\\index.ts"
2026-09-29T08:25:09.660887Z  INFO tailwindcss_oxide::scanner: Reading "C:\\laragon\\www\\DigitalWatermarking\\resources\\js\\routes\\teams\\invitations\\index.ts"
2026-09-29T08:25:09.660927Z  INFO tailwindcss_oxide::scanner: Reading "C:\\laragon\\www\\DigitalWatermarking\\resources\\js\\routes\\storage\\index.ts"
2026-09-29T08:25:09.660952Z  INFO tailwindcss_oxide::scanner: Reading "C:\\laragon\\www\\DigitalWatermarking\\resources\\js\\routes\\teams\\members\\index.ts"
2026-09-29T08:25:09.661009Z  INFO tailwindcss_oxide::scanner: Reading "C:\\laragon\\www\\DigitalWatermarking\\resources\\js\\routes\\two-factor\\index.ts"
2026-09-29T08:25:09.661290Z  INFO get_files:discover_sources: tailwindcss_oxide::scanner: exit
2026-09-29T08:25:09.661744Z  INFO get_files: tailwindcss_oxide::scanner: exit
2026-09-29T08:25:09.661908Z  INFO get_globs: tailwindcss_oxide::scanner: enter
2026-09-29T08:25:09.661923Z  INFO get_globs:discover_sources: tailwindcss_oxide::scanner: enter
2026-09-29T08:25:09.661933Z  INFO get_globs:discover_sources: tailwindcss_oxide::scanner: exit
2026-09-29T08:25:10.308473Z  INFO get_globs: tailwindcss_oxide::scanner: exit
