2026-09-29T03:36:50.662506Z  INFO tailwindcss_oxide::scanner: Provided sources:
2026-09-29T03:36:50.663611Z  INFO tailwindcss_oxide::scanner: Source: PublicSourceEntry { base: "c:\\laragon\\www\\DigitalWatermarking", pattern: "**/*", negated: false }
2026-09-29T03:36:50.664050Z  INFO tailwindcss_oxide::scanner: Source: PublicSourceEntry { base: "c:/laragon/www/DigitalWatermarking/resources/css", pattern: "../../vendor/laravel/framework/src/Illuminate/Pagination/resources/views/*.blade.php", negated: false }
2026-09-29T03:36:50.664074Z  INFO tailwindcss_oxide::scanner: Source: PublicSourceEntry { base: "c:/laragon/www/DigitalWatermarking/resources/css", pattern: "../../storage/framework/views/*.php", negated: false }
2026-09-29T03:36:50.676787Z  INFO tailwindcss_oxide::scanner: Optimized sources:
2026-09-29T03:36:50.676815Z  INFO tailwindcss_oxide::scanner: Source: Auto { base: "C:\\laragon\\www\\DigitalWatermarking" }
2026-09-29T03:36:50.676833Z  INFO tailwindcss_oxide::scanner: Source: Pattern { base: "C:\\laragon\\www\\DigitalWatermarking\\vendor\\laravel\\framework\\src\\Illuminate\\Pagination\\resources\\views", pattern: "/*.blade.php" }
2026-09-29T03:36:50.676847Z  INFO tailwindcss_oxide::scanner: Source: Pattern { base: "C:\\laragon\\www\\DigitalWatermarking\\storage\\framework\\views", pattern: "/*.php" }
2026-09-29T03:36:50.682971Z  INFO get_files: tailwindcss_oxide::scanner: enter
2026-09-29T03:36:50.683004Z  INFO get_files:discover_sources: tailwindcss_oxide::scanner: enter
2026-09-29T03:36:50.683015Z  INFO get_files:discover_sources:walk_synchronous: tailwindcss_oxide::scanner: enter
2026-09-29T03:36:50.829587Z  INFO get_files:discover_sources:walk_synchronous: tailwindcss_oxide::scanner: exit
2026-09-29T03:36:50.832080Z  INFO tailwindcss_oxide::scanner: Reading "C:\\laragon\\www\\DigitalWatermarking\\resources\\js\\components\\ui\\tooltip\\TooltipTrigger.vue"
2026-09-29T03:36:50.832083Z  INFO tailwindcss_oxide::scanner: Reading "C:\\laragon\\www\\DigitalWatermarking\\resources\\js\\components\\ui\\dropdown-menu\\DropdownMenuRadioGroup.vue"
2026-09-29T03:36:50.832268Z  INFO tailwindcss_oxide::scanner: Reading "C:\\laragon\\www\\DigitalWatermarking\\.editorconfig"
2026-09-29T03:36:50.832395Z  INFO tailwindcss_oxide::scanner: Reading "C:\\laragon\\www\\DigitalWatermarking\\resources\\js\\components\\ui\\sheet\\SheetClose.vue"
2026-09-29T03:36:50.832488Z  INFO tailwindcss_oxide::scanner: Reading "C:\\laragon\\www\\DigitalWatermarking\\.gitattributes"
2026-09-29T03:36:50.832675Z  INFO tailwindcss_oxide::scanner: Reading "C:\\laragon\\www\\DigitalWatermarking\\.github\\dependabot.yml"
2026-09-29T03:36:50.833612Z  INFO tailwindcss_oxide::scanner: Reading "C:\\laragon\\www\\DigitalWatermarking\\.github\\workflows\\tests.yml"
2026-09-29T03:36:50.833846Z  INFO tailwindcss_oxide::scanner: Reading "C:\\laragon\\www\\DigitalWatermarking\\app\\Actions\\Fortify\\CreateNewUser.php"
2026-09-29T03:36:50.834006Z  INFO tailwindcss_oxide::scanner: Reading "C:\\laragon\\www\\DigitalWatermarking\\app\\Actions\\Fortify\\ResetUserPassword.php"
2026-09-29T03:36:50.834139Z  INFO tailwindcss_oxide::scanner: Reading "C:\\laragon\\www\\DigitalWatermarking\\app\\Actions\\Teams\\CreateTeam.php"
2026-09-29T03:36:50.834388Z  INFO tailwindcss_oxide::scanner: Reading "C:\\laragon\\www\\DigitalWatermarking\\app\\Concerns\\GeneratesUniqueTeamSlugs.php"
2026-09-29T03:36:50.834546Z  INFO tailwindcss_oxide::scanner: Reading "C:\\laragon\\www\\DigitalWatermarking\\app\\Concerns\\HasTeams.php"
2026-09-29T03:36:50.834707Z  INFO tailwindcss_oxide::scanner: Reading "C:\\laragon\\www\\DigitalWatermarking\\app\\Concerns\\PasswordValidationRules.php"
2026-09-29T03:36:50.834965Z  INFO tailwindcss_oxide::scanner: Reading "C:\\laragon\\www\\DigitalWatermarking\\app\\Concerns\\ProfileValidationRules.php"
2026-09-29T03:36:50.835190Z  INFO tailwindcss_oxide::scanner: Reading "C:\\laragon\\www\\DigitalWatermarking\\app\\Data\\TeamPermissions.php"
2026-09-29T03:36:50.835420Z  INFO tailwindcss_oxide::scanner: Reading "C:\\laragon\\www\\DigitalWatermarking\\app\\Data\\UserTeam.php"
2026-09-29T03:36:50.836368Z  INFO tailwindcss_oxide::scanner: Reading "C:\\laragon\\www\\DigitalWatermarking\\app\\Enums\\TeamPermission.php"
2026-09-29T03:36:50.836619Z  INFO tailwindcss_oxide::scanner: Reading "C:\\laragon\\www\\DigitalWatermarking\\app\\Enums\\TeamRole.php"
2026-09-29T03:36:50.836814Z  INFO tailwindcss_oxide::scanner: Reading "C:\\laragon\\www\\DigitalWatermarking\\app\\Http\\Controllers\\ArtifactController.php"
2026-09-29T03:36:50.837015Z  INFO tailwindcss_oxide::scanner: Reading "C:\\laragon\\www\\DigitalWatermarking\\app\\Http\\Controllers\\AttackController.php"
2026-09-29T03:36:50.837193Z  INFO tailwindcss_oxide::scanner: Reading "C:\\laragon\\www\\DigitalWatermarking\\app\\Http\\Controllers\\Controller.php"
2026-09-29T03:36:50.837436Z  INFO tailwindcss_oxide::scanner: Reading "C:\\laragon\\www\\DigitalWatermarking\\app\\Http\\Controllers\\EmbeddingController.php"
2026-09-29T03:36:50.837628Z  INFO tailwindcss_oxide::scanner: Reading "C:\\laragon\\www\\DigitalWatermarking\\app\\Http\\Controllers\\EvaluationController.php"
2026-09-29T03:36:50.837819Z  INFO tailwindcss_oxide::scanner: Reading "C:\\laragon\\www\\DigitalWatermarking\\app\\Http\\Controllers\\ExtractionController.php"
2026-09-29T03:36:50.837975Z  INFO tailwindcss_oxide::scanner: Reading "C:\\laragon\\www\\DigitalWatermarking\\app\\Http\\Middleware\\EnsureTeamMembership.php"
2026-09-29T03:36:50.838110Z  INFO tailwindcss_oxide::scanner: Reading "C:\\laragon\\www\\DigitalWatermarking\\app\\Http\\Middleware\\HandleAppearance.php"
2026-09-29T03:36:50.838255Z  INFO tailwindcss_oxide::scanner: Reading "C:\\laragon\\www\\DigitalWatermarking\\app\\Http\\Middleware\\HandleInertiaRequests.php"
2026-09-29T03:36:50.838385Z  INFO tailwindcss_oxide::scanner: Reading "C:\\laragon\\www\\DigitalWatermarking\\app\\Http\\Middleware\\SetTeamUrlDefaults.php"
2026-09-29T03:36:50.838525Z  INFO tailwindcss_oxide::scanner: Reading "C:\\laragon\\www\\DigitalWatermarking\\app\\Http\\Requests\\Settings\\PasswordUpdateRequest.php"
2026-09-29T03:36:50.838656Z  INFO tailwindcss_oxide::scanner: Reading "C:\\laragon\\www\\DigitalWatermarking\\app\\Http\\Requests\\Settings\\ProfileDeleteRequest.php"
2026-09-29T03:36:50.838794Z  INFO tailwindcss_oxide::scanner: Reading "C:\\laragon\\www\\DigitalWatermarking\\app\\Http\\Requests\\Settings\\ProfileUpdateRequest.php"
2026-09-29T03:36:50.838949Z  INFO tailwindcss_oxide::scanner: Reading "C:\\laragon\\www\\DigitalWatermarking\\app\\Http\\Requests\\Settings\\TwoFactorAuthenticationRequest.php"
2026-09-29T03:36:50.838959Z  INFO tailwindcss_oxide::scanner: Reading "C:\\laragon\\www\\DigitalWatermarking\\resources\\js\\components\\UserInfo.vue"
2026-09-29T03:36:50.839083Z  INFO tailwindcss_oxide::scanner: Reading "C:\\laragon\\www\\DigitalWatermarking\\app\\Http\\Requests\\Teams\\CreateTeamInvitationRequest.php"
2026-09-29T03:36:50.839237Z  INFO tailwindcss_oxide::scanner: Reading "C:\\laragon\\www\\DigitalWatermarking\\app\\Http\\Requests\\Teams\\DeleteTeamRequest.php"
2026-09-29T03:36:50.839258Z  INFO tailwindcss_oxide::scanner: Reading "C:\\laragon\\www\\DigitalWatermarking\\resources\\js\\components\\ui\\dropdown-menu\\DropdownMenuRadioItem.vue"
2026-09-29T03:36:50.839368Z  INFO tailwindcss_oxide::scanner: Reading "C:\\laragon\\www\\DigitalWatermarking\\app\\Http\\Requests\\Teams\\RespondToTeamInvitationRequest.php"
2026-09-29T03:36:50.839494Z  INFO tailwindcss_oxide::scanner: Reading "C:\\laragon\\www\\DigitalWatermarking\\app\\Http\\Requests\\Teams\\SaveTeamRequest.php"
2026-09-29T03:36:50.839647Z  INFO tailwindcss_oxide::scanner: Reading "C:\\laragon\\www\\DigitalWatermarking\\app\\Http\\Requests\\Teams\\UpdateTeamMemberRequest.php"
2026-09-29T03:36:50.839722Z  INFO tailwindcss_oxide::scanner: Reading "C:\\laragon\\www\\DigitalWatermarking\\resources\\js\\components\\UserMenuContent.vue"
2026-09-29T03:36:50.839804Z  INFO tailwindcss_oxide::scanner: Reading "C:\\laragon\\www\\DigitalWatermarking\\app\\Http\\Responses\\Concerns\\RedirectsToCurrentTeam.php"
2026-09-29T03:36:50.839934Z  INFO tailwindcss_oxide::scanner: Reading "C:\\laragon\\www\\DigitalWatermarking\\app\\Http\\Responses\\LoginResponse.php"
2026-09-29T03:36:50.840264Z  INFO tailwindcss_oxide::scanner: Reading "C:\\laragon\\www\\DigitalWatermarking\\app\\Http\\Responses\\PasskeyLoginResponse.php"
2026-09-29T03:36:50.840533Z  INFO tailwindcss_oxide::scanner: Reading "C:\\laragon\\www\\DigitalWatermarking\\app\\Http\\Responses\\RegisterResponse.php"
2026-09-29T03:36:50.840711Z  INFO tailwindcss_oxide::scanner: Reading "C:\\laragon\\www\\DigitalWatermarking\\app\\Http\\Responses\\TwoFactorLoginResponse.php"
2026-09-29T03:36:50.840860Z  INFO tailwindcss_oxide::scanner: Reading "C:\\laragon\\www\\DigitalWatermarking\\app\\Http\\Responses\\VerifyEmailResponse.php"
2026-09-29T03:36:50.840883Z  INFO tailwindcss_oxide::scanner: Reading "C:\\laragon\\www\\DigitalWatermarking\\resources\\js\\components\\ui\\dropdown-menu\\DropdownMenuSeparator.vue"
2026-09-29T03:36:50.840987Z  INFO tailwindcss_oxide::scanner: Reading "C:\\laragon\\www\\DigitalWatermarking\\app\\Models\\Membership.php"
2026-09-29T03:36:50.841130Z  INFO tailwindcss_oxide::scanner: Reading "C:\\laragon\\www\\DigitalWatermarking\\app\\Providers\\AppServiceProvider.php"
2026-09-29T03:36:50.841196Z  INFO tailwindcss_oxide::scanner: Reading "C:\\laragon\\www\\DigitalWatermarking\\resources\\js\\components\\ui\\dropdown-menu\\DropdownMenuShortcut.vue"
2026-09-29T03:36:50.841256Z  INFO tailwindcss_oxide::scanner: Reading "C:\\laragon\\www\\DigitalWatermarking\\app\\Services\\PythonEngineException.php"
2026-09-29T03:36:50.841399Z  INFO tailwindcss_oxide::scanner: Reading "C:\\laragon\\www\\DigitalWatermarking\\app\\Services\\PythonWatermarkEngine.php"
2026-09-29T03:36:50.841436Z  INFO tailwindcss_oxide::scanner: Reading "C:\\laragon\\www\\DigitalWatermarking\\resources\\js\\components\\ui\\dropdown-menu\\DropdownMenuSub.vue"
2026-09-29T03:36:50.841529Z  INFO tailwindcss_oxide::scanner: Reading "C:\\laragon\\www\\DigitalWatermarking\\app\\Services\\WatermarkStorageService.php"
2026-09-29T03:36:50.841728Z  INFO tailwindcss_oxide::scanner: Reading "C:\\laragon\\www\\DigitalWatermarking\\artisan"
2026-09-29T03:36:50.839948Z  INFO tailwindcss_oxide::scanner: Reading "C:\\laragon\\www\\DigitalWatermarking\\resources\\js\\components\\ui\\sheet\\SheetContent.vue"
2026-09-29T03:36:50.842902Z  INFO tailwindcss_oxide::scanner: Reading "C:\\laragon\\www\\DigitalWatermarking\\resources\\js\\components\\ui\\dropdown-menu\\DropdownMenuSubContent.vue"
2026-09-29T03:36:50.844437Z  INFO tailwindcss_oxide::scanner: Reading "C:\\laragon\\www\\DigitalWatermarking\\bootstrap\\app.php"
2026-09-29T03:36:50.844790Z  INFO tailwindcss_oxide::scanner: Reading "C:\\laragon\\www\\DigitalWatermarking\\bootstrap\\providers.php"
2026-09-29T03:36:50.845033Z  INFO tailwindcss_oxide::scanner: Reading "C:\\laragon\\www\\DigitalWatermarking\\resources\\js\\components\\ui\\dropdown-menu\\DropdownMenuSubTrigger.vue"
2026-09-29T03:36:50.845480Z  INFO tailwindcss_oxide::scanner: Reading "C:\\laragon\\www\\DigitalWatermarking\\resources\\js\\components\\ui\\sheet\\SheetDescription.vue"
2026-09-29T03:36:50.845476Z  INFO tailwindcss_oxide::scanner: Reading "C:\\laragon\\www\\DigitalWatermarking\\resources\\js\\composables\\useAppearance.ts"
2026-09-29T03:36:50.845540Z  INFO tailwindcss_oxide::scanner: Reading "C:\\laragon\\www\\DigitalWatermarking\\resources\\js\\components\\ui\\dropdown-menu\\DropdownMenuTrigger.vue"
2026-09-29T03:36:50.846006Z  INFO tailwindcss_oxide::scanner: Reading "C:\\laragon\\www\\DigitalWatermarking\\composer.json"
2026-09-29T03:36:50.846675Z  INFO tailwindcss_oxide::scanner: Reading "C:\\laragon\\www\\DigitalWatermarking\\resources\\js\\components\\ui\\sheet\\SheetFooter.vue"
2026-09-29T03:36:50.847260Z  INFO tailwindcss_oxide::scanner: Reading "C:\\laragon\\www\\DigitalWatermarking\\resources\\js\\composables\\useCurrentUrl.ts"
2026-09-29T03:36:50.847284Z  INFO tailwindcss_oxide::scanner: Reading "C:\\laragon\\www\\DigitalWatermarking\\resources\\js\\components\\ui\\dropdown-menu\\index.ts"
2026-09-29T03:36:50.847329Z  INFO tailwindcss_oxide::scanner: Reading "C:\\laragon\\www\\DigitalWatermarking\\config\\app.php"
2026-09-29T03:36:50.847568Z  INFO tailwindcss_oxide::scanner: Reading "C:\\laragon\\www\\DigitalWatermarking\\resources\\js\\components\\ui\\input\\index.ts"
2026-09-29T03:36:50.847594Z  INFO tailwindcss_oxide::scanner: Reading "C:\\laragon\\www\\DigitalWatermarking\\resources\\js\\components\\ui\\sheet\\SheetHeader.vue"
2026-09-29T03:36:50.847846Z  INFO tailwindcss_oxide::scanner: Reading "C:\\laragon\\www\\DigitalWatermarking\\resources\\js\\composables\\useInitials.ts"
2026-09-29T03:36:50.847922Z  INFO tailwindcss_oxide::scanner: Reading "C:\\laragon\\www\\DigitalWatermarking\\config\\auth.php"
2026-09-29T03:36:50.848163Z  INFO tailwindcss_oxide::scanner: Reading "C:\\laragon\\www\\DigitalWatermarking\\resources\\js\\components\\ui\\input\\Input.vue"
2026-09-29T03:36:50.848180Z  INFO tailwindcss_oxide::scanner: Reading "C:\\laragon\\www\\DigitalWatermarking\\resources\\js\\composables\\useTwoFactorAuth.ts"
2026-09-29T03:36:50.848352Z  INFO tailwindcss_oxide::scanner: Reading "C:\\laragon\\www\\DigitalWatermarking\\resources\\js\\components\\ui\\sheet\\SheetOverlay.vue"
2026-09-29T03:36:50.848478Z  INFO tailwindcss_oxide::scanner: Reading "C:\\laragon\\www\\DigitalWatermarking\\resources\\js\\components\\ui\\input-otp\\index.ts"
2026-09-29T03:36:50.848749Z  INFO tailwindcss_oxide::scanner: Reading "C:\\laragon\\www\\DigitalWatermarking\\config\\cache.php"
2026-09-29T03:36:50.849046Z  INFO tailwindcss_oxide::scanner: Reading "C:\\laragon\\www\\DigitalWatermarking\\resources\\js\\components\\ui\\input-otp\\InputOTP.vue"
2026-09-29T03:36:50.849202Z  INFO tailwindcss_oxide::scanner: Reading "C:\\laragon\\www\\DigitalWatermarking\\resources\\js\\layouts\\app\\AppHeaderLayout.vue"
2026-09-29T03:36:50.849046Z  INFO tailwindcss_oxide::scanner: Reading "C:\\laragon\\www\\DigitalWatermarking\\resources\\js\\components\\ui\\sheet\\SheetTitle.vue"
2026-09-29T03:36:50.849307Z  INFO tailwindcss_oxide::scanner: Reading "C:\\laragon\\www\\DigitalWatermarking\\resources\\js\\components\\ui\\input-otp\\InputOTPGroup.vue"
2026-09-29T03:36:50.849478Z  INFO tailwindcss_oxide::scanner: Reading "C:\\laragon\\www\\DigitalWatermarking\\config\\database.php"
2026-09-29T03:36:50.849698Z  INFO tailwindcss_oxide::scanner: Reading "C:\\laragon\\www\\DigitalWatermarking\\resources\\js\\components\\ui\\input-otp\\InputOTPSeparator.vue"
2026-09-29T03:36:50.849859Z  INFO tailwindcss_oxide::scanner: Reading "C:\\laragon\\www\\DigitalWatermarking\\resources\\js\\components\\ui\\sheet\\SheetTrigger.vue"
2026-09-29T03:36:50.849881Z  INFO tailwindcss_oxide::scanner: Reading "C:\\laragon\\www\\DigitalWatermarking\\resources\\js\\layouts\\app\\AppSidebarLayout.vue"
2026-09-29T03:36:50.850087Z  INFO tailwindcss_oxide::scanner: Reading "C:\\laragon\\www\\DigitalWatermarking\\config\\filesystems.php"
2026-09-29T03:36:50.850126Z  INFO tailwindcss_oxide::scanner: Reading "C:\\laragon\\www\\DigitalWatermarking\\resources\\js\\layouts\\AppLayout.vue"
2026-09-29T03:36:50.850361Z  INFO tailwindcss_oxide::scanner: Reading "C:\\laragon\\www\\DigitalWatermarking\\resources\\js\\components\\ui\\input-otp\\InputOTPSlot.vue"
2026-09-29T03:36:50.850379Z  INFO tailwindcss_oxide::scanner: Reading "C:\\laragon\\www\\DigitalWatermarking\\resources\\js\\components\\ui\\sidebar\\index.ts"
2026-09-29T03:36:50.850512Z  INFO tailwindcss_oxide::scanner: Reading "C:\\laragon\\www\\DigitalWatermarking\\config\\fortify.php"
2026-09-29T03:36:50.851002Z  INFO tailwindcss_oxide::scanner: Reading "C:\\laragon\\www\\DigitalWatermarking\\resources\\js\\components\\ui\\label\\index.ts"
2026-09-29T03:36:50.851043Z  INFO tailwindcss_oxide::scanner: Reading "C:\\laragon\\www\\DigitalWatermarking\\resources\\js\\layouts\\auth\\AuthCardLayout.vue"
2026-09-29T03:36:50.851330Z  INFO tailwindcss_oxide::scanner: Reading "C:\\laragon\\www\\DigitalWatermarking\\resources\\js\\components\\ui\\sidebar\\Sidebar.vue"
2026-09-29T03:36:50.851455Z  INFO tailwindcss_oxide::scanner: Reading "C:\\laragon\\www\\DigitalWatermarking\\resources\\js\\components\\ui\\label\\Label.vue"
2026-09-29T03:36:50.851479Z  INFO tailwindcss_oxide::scanner: Reading "C:\\laragon\\www\\DigitalWatermarking\\config\\inertia.php"
2026-09-29T03:36:50.851805Z  INFO tailwindcss_oxide::scanner: Reading "C:\\laragon\\www\\DigitalWatermarking\\resources\\js\\layouts\\auth\\AuthSimpleLayout.vue"
2026-09-29T03:36:50.851931Z  INFO tailwindcss_oxide::scanner: Reading "C:\\laragon\\www\\DigitalWatermarking\\resources\\js\\components\\ui\\sidebar\\SidebarContent.vue"
2026-09-29T03:36:50.852071Z  INFO tailwindcss_oxide::scanner: Reading "C:\\laragon\\www\\DigitalWatermarking\\config\\logging.php"
2026-09-29T03:36:50.852063Z  INFO tailwindcss_oxide::scanner: Reading "C:\\laragon\\www\\DigitalWatermarking\\resources\\js\\components\\ui\\navigation-menu\\index.ts"
2026-09-29T03:36:50.852139Z  INFO tailwindcss_oxide::scanner: Reading "C:\\laragon\\www\\DigitalWatermarking\\resources\\js\\components\\ui\\sidebar\\SidebarFooter.vue"
2026-09-29T03:36:50.852410Z  INFO tailwindcss_oxide::scanner: Reading "C:\\laragon\\www\\DigitalWatermarking\\resources\\js\\layouts\\auth\\AuthSplitLayout.vue"
2026-09-29T03:36:50.852441Z  INFO tailwindcss_oxide::scanner: Reading "C:\\laragon\\www\\DigitalWatermarking\\config\\mail.php"
2026-09-29T03:36:50.852656Z  INFO tailwindcss_oxide::scanner: Reading "C:\\laragon\\www\\DigitalWatermarking\\resources\\js\\layouts\\AuthLayout.vue"
2026-09-29T03:36:50.852721Z  INFO tailwindcss_oxide::scanner: Reading "C:\\laragon\\www\\DigitalWatermarking\\resources\\js\\components\\ui\\sidebar\\SidebarGroup.vue"
2026-09-29T03:36:50.852735Z  INFO tailwindcss_oxide::scanner: Reading "C:\\laragon\\www\\DigitalWatermarking\\resources\\js\\components\\ui\\navigation-menu\\NavigationMenu.vue"
2026-09-29T03:36:50.852900Z  INFO tailwindcss_oxide::scanner: Reading "C:\\laragon\\www\\DigitalWatermarking\\config\\queue.php"
2026-09-29T03:36:50.853294Z  INFO tailwindcss_oxide::scanner: Reading "C:\\laragon\\www\\DigitalWatermarking\\config\\services.php"
2026-09-29T03:36:50.853340Z  INFO tailwindcss_oxide::scanner: Reading "C:\\laragon\\www\\DigitalWatermarking\\resources\\js\\components\\ui\\sidebar\\SidebarGroupAction.vue"
2026-09-29T03:36:50.853353Z  INFO tailwindcss_oxide::scanner: Reading "C:\\laragon\\www\\DigitalWatermarking\\resources\\js\\layouts\\settings\\Layout.vue"
2026-09-29T03:36:50.853620Z  INFO tailwindcss_oxide::scanner: Reading "C:\\laragon\\www\\DigitalWatermarking\\resources\\js\\lib\\flashToast.ts"
2026-09-29T03:36:50.853775Z  INFO tailwindcss_oxide::scanner: Reading "C:\\laragon\\www\\DigitalWatermarking\\resources\\js\\components\\ui\\navigation-menu\\NavigationMenuContent.vue"
2026-09-29T03:36:50.853912Z  INFO tailwindcss_oxide::scanner: Reading "C:\\laragon\\www\\DigitalWatermarking\\resources\\js\\components\\ui\\sidebar\\SidebarGroupContent.vue"
2026-09-29T03:36:50.853918Z  INFO tailwindcss_oxide::scanner: Reading "C:\\laragon\\www\\DigitalWatermarking\\resources\\js\\lib\\utils.ts"
2026-09-29T03:36:50.854031Z  INFO tailwindcss_oxide::scanner: Reading "C:\\laragon\\www\\DigitalWatermarking\\config\\session.php"
2026-09-29T03:36:50.854222Z  INFO tailwindcss_oxide::scanner: Reading "C:\\laragon\\www\\DigitalWatermarking\\config\\watermark.php"
2026-09-29T03:36:50.854321Z  INFO tailwindcss_oxide::scanner: Reading "C:\\laragon\\www\\DigitalWatermarking\\resources\\js\\components\\ui\\navigation-menu\\NavigationMenuIndicator.vue"
2026-09-29T03:36:50.854373Z  INFO tailwindcss_oxide::scanner: Reading "C:\\laragon\\www\\DigitalWatermarking\\database\\migrations\\0001_01_01_000000_create_users_table.php"
2026-09-29T03:36:50.854521Z  INFO tailwindcss_oxide::scanner: Reading "C:\\laragon\\www\\DigitalWatermarking\\database\\migrations\\0001_01_01_000001_create_cache_table.php"
2026-09-29T03:36:50.854530Z  INFO tailwindcss_oxide::scanner: Reading "C:\\laragon\\www\\DigitalWatermarking\\resources\\js\\pages\\auth\\ConfirmPassword.vue"
2026-09-29T03:36:50.854681Z  INFO tailwindcss_oxide::scanner: Reading "C:\\laragon\\www\\DigitalWatermarking\\database\\migrations\\0001_01_01_000002_create_jobs_table.php"
2026-09-29T03:36:50.854856Z  INFO tailwindcss_oxide::scanner: Reading "C:\\laragon\\www\\DigitalWatermarking\\resources\\js\\components\\ui\\sidebar\\SidebarGroupLabel.vue"
2026-09-29T03:36:50.854866Z  INFO tailwindcss_oxide::scanner: Reading "C:\\laragon\\www\\DigitalWatermarking\\database\\seeders\\DatabaseSeeder.php"
2026-09-29T03:36:50.854984Z  INFO tailwindcss_oxide::scanner: Reading "C:\\laragon\\www\\DigitalWatermarking\\package.json"
2026-09-29T03:36:50.855041Z  INFO tailwindcss_oxide::scanner: Reading "C:\\laragon\\www\\DigitalWatermarking\\resources\\js\\components\\ui\\navigation-menu\\NavigationMenuItem.vue"
2026-09-29T03:36:50.855114Z  INFO tailwindcss_oxide::scanner: Reading "C:\\laragon\\www\\DigitalWatermarking\\phpunit.xml"
2026-09-29T03:36:50.855371Z  INFO tailwindcss_oxide::scanner: Reading "C:\\laragon\\www\\DigitalWatermarking\\resources\\js\\components\\ui\\sidebar\\SidebarHeader.vue"
2026-09-29T03:36:50.855756Z  INFO tailwindcss_oxide::scanner: Reading "C:\\laragon\\www\\DigitalWatermarking\\public\\.htaccess"
2026-09-29T03:36:50.855756Z  INFO tailwindcss_oxide::scanner: Reading "C:\\laragon\\www\\DigitalWatermarking\\resources\\js\\components\\ui\\navigation-menu\\NavigationMenuLink.vue"
2026-09-29T03:36:50.855984Z  INFO tailwindcss_oxide::scanner: Reading "C:\\laragon\\www\\DigitalWatermarking\\resources\\js\\components\\ui\\sidebar\\SidebarInput.vue"
2026-09-29T03:36:50.856202Z  INFO tailwindcss_oxide::scanner: Reading "C:\\laragon\\www\\DigitalWatermarking\\resources\\js\\components\\ui\\sidebar\\SidebarInset.vue"
2026-09-29T03:36:50.856266Z  INFO tailwindcss_oxide::scanner: Reading "C:\\laragon\\www\\DigitalWatermarking\\public\\assets\\js\\common.js"
2026-09-29T03:36:50.856543Z  INFO tailwindcss_oxide::scanner: Reading "C:\\laragon\\www\\DigitalWatermarking\\resources\\js\\components\\ui\\navigation-menu\\NavigationMenuList.vue"
2026-09-29T03:36:50.856587Z  INFO tailwindcss_oxide::scanner: Reading "C:\\laragon\\www\\DigitalWatermarking\\resources\\js\\components\\ui\\sidebar\\SidebarMenu.vue"
2026-09-29T03:36:50.857221Z  INFO tailwindcss_oxide::scanner: Reading "C:\\laragon\\www\\DigitalWatermarking\\public\\assets\\js\\index.js"
2026-09-29T03:36:50.858175Z  INFO tailwindcss_oxide::scanner: Reading "C:\\laragon\\www\\DigitalWatermarking\\resources\\js\\components\\ui\\navigation-menu\\NavigationMenuTrigger.vue"
2026-09-29T03:36:50.859098Z  INFO tailwindcss_oxide::scanner: Reading "C:\\laragon\\www\\DigitalWatermarking\\public\\assets\\js\\storage.js"
2026-09-29T03:36:50.859623Z  INFO tailwindcss_oxide::scanner: Reading "C:\\laragon\\www\\DigitalWatermarking\\resources\\js\\components\\ui\\sidebar\\SidebarMenuAction.vue"
2026-09-29T03:36:50.860148Z  INFO tailwindcss_oxide::scanner: Reading "C:\\laragon\\www\\DigitalWatermarking\\resources\\js\\components\\ui\\navigation-menu\\NavigationMenuViewport.vue"
2026-09-29T03:36:50.860383Z  INFO tailwindcss_oxide::scanner: Reading "C:\\laragon\\www\\DigitalWatermarking\\resources\\js\\components\\ui\\sidebar\\SidebarMenuBadge.vue"
2026-09-29T03:36:50.860489Z  INFO tailwindcss_oxide::scanner: Reading "C:\\laragon\\www\\DigitalWatermarking\\public\\favicon.svg"
2026-09-29T03:36:50.860693Z  INFO tailwindcss_oxide::scanner: Reading "C:\\laragon\\www\\DigitalWatermarking\\resources\\js\\components\\ui\\select\\index.ts"
2026-09-29T03:36:50.860780Z  INFO tailwindcss_oxide::scanner: Reading "C:\\laragon\\www\\DigitalWatermarking\\public\\index.php"
2026-09-29T03:36:50.860911Z  INFO tailwindcss_oxide::scanner: Reading "C:\\laragon\\www\\DigitalWatermarking\\resources\\js\\components\\ui\\select\\Select.vue"
2026-09-29T03:36:50.860988Z  INFO tailwindcss_oxide::scanner: Reading "C:\\laragon\\www\\DigitalWatermarking\\public\\robots.txt"
2026-09-29T03:36:50.861016Z  INFO tailwindcss_oxide::scanner: Reading "C:\\laragon\\www\\DigitalWatermarking\\resources\\js\\components\\ui\\sidebar\\SidebarMenuButton.vue"
2026-09-29T03:36:50.861313Z  INFO tailwindcss_oxide::scanner: Reading "C:\\laragon\\www\\DigitalWatermarking\\resources\\js\\components\\ui\\select\\SelectContent.vue"
2026-09-29T03:36:50.861398Z  INFO tailwindcss_oxide::scanner: Reading "C:\\laragon\\www\\DigitalWatermarking\\python-engine\\app\\dct.py"
2026-09-29T03:36:50.861597Z  INFO tailwindcss_oxide::scanner: Reading "C:\\laragon\\www\\DigitalWatermarking\\resources\\js\\components\\ui\\sidebar\\SidebarMenuButtonChild.vue"
2026-09-29T03:36:50.861770Z  INFO tailwindcss_oxide::scanner: Reading "C:\\laragon\\www\\DigitalWatermarking\\python-engine\\app\\key.py"
2026-09-29T03:36:50.861794Z  INFO tailwindcss_oxide::scanner: Reading "C:\\laragon\\www\\DigitalWatermarking\\resources\\js\\components\\ui\\select\\SelectGroup.vue"
2026-09-29T03:36:50.861857Z  INFO tailwindcss_oxide::scanner: Reading "C:\\laragon\\www\\DigitalWatermarking\\resources\\js\\components\\ui\\sidebar\\SidebarMenuItem.vue"
2026-09-29T03:36:50.862195Z  INFO tailwindcss_oxide::scanner: Reading "C:\\laragon\\www\\DigitalWatermarking\\resources\\js\\components\\ui\\select\\SelectItem.vue"
2026-09-29T03:36:50.862214Z  INFO tailwindcss_oxide::scanner: Reading "C:\\laragon\\www\\DigitalWatermarking\\python-engine\\app\\metrics.py"
2026-09-29T03:36:50.862406Z  INFO tailwindcss_oxide::scanner: Reading "C:\\laragon\\www\\DigitalWatermarking\\resources\\js\\components\\ui\\sidebar\\SidebarMenuSkeleton.vue"
2026-09-29T03:36:50.862796Z  INFO tailwindcss_oxide::scanner: Reading "C:\\laragon\\www\\DigitalWatermarking\\python-engine\\app\\pipeline.py"
2026-09-29T03:36:50.862955Z  INFO tailwindcss_oxide::scanner: Reading "C:\\laragon\\www\\DigitalWatermarking\\resources\\js\\components\\ui\\sidebar\\SidebarMenuSub.vue"
2026-09-29T03:36:50.863012Z  INFO tailwindcss_oxide::scanner: Reading "C:\\laragon\\www\\DigitalWatermarking\\resources\\js\\components\\ui\\select\\SelectItemText.vue"
2026-09-29T03:36:50.863057Z  INFO tailwindcss_oxide::scanner: Reading "C:\\laragon\\www\\DigitalWatermarking\\resources\\js\\pages\\auth\\ForgotPassword.vue"
2026-09-29T03:36:50.863350Z  INFO tailwindcss_oxide::scanner: Reading "C:\\laragon\\www\\DigitalWatermarking\\python-engine\\app\\watermark.py"
2026-09-29T03:36:50.863532Z  INFO tailwindcss_oxide::scanner: Reading "C:\\laragon\\www\\DigitalWatermarking\\resources\\js\\components\\ui\\select\\SelectLabel.vue"
2026-09-29T03:36:50.863592Z  INFO tailwindcss_oxide::scanner: Reading "C:\\laragon\\www\\DigitalWatermarking\\resources\\js\\components\\ui\\sidebar\\SidebarMenuSubButton.vue"
2026-09-29T03:36:50.863635Z  INFO tailwindcss_oxide::scanner: Reading "C:\\laragon\\www\\DigitalWatermarking\\python-engine\\app\\__init__.py"
2026-09-29T03:36:50.863730Z  INFO tailwindcss_oxide::scanner: Reading "C:\\laragon\\www\\DigitalWatermarking\\resources\\js\\pages\\auth\\Login.vue"
2026-09-29T03:36:50.863967Z  INFO tailwindcss_oxide::scanner: Reading "C:\\laragon\\www\\DigitalWatermarking\\resources\\js\\components\\ui\\sidebar\\SidebarMenuSubItem.vue"
2026-09-29T03:36:50.864102Z  INFO tailwindcss_oxide::scanner: Reading "C:\\laragon\\www\\DigitalWatermarking\\python-engine\\attack_simulation.py"
2026-09-29T03:36:50.864123Z  INFO tailwindcss_oxide::scanner: Reading "C:\\laragon\\www\\DigitalWatermarking\\resources\\js\\components\\ui\\select\\SelectScrollDownButton.vue"
2026-09-29T03:36:50.864279Z  INFO tailwindcss_oxide::scanner: Reading "C:\\laragon\\www\\DigitalWatermarking\\resources\\js\\pages\\auth\\Register.vue"
2026-09-29T03:36:50.864621Z  INFO tailwindcss_oxide::scanner: Reading "C:\\laragon\\www\\DigitalWatermarking\\resources\\js\\components\\ui\\sidebar\\SidebarProvider.vue"
2026-09-29T03:36:50.864736Z  INFO tailwindcss_oxide::scanner: Reading "C:\\laragon\\www\\DigitalWatermarking\\resources\\js\\pages\\auth\\ResetPassword.vue"
2026-09-29T03:36:50.864779Z  INFO tailwindcss_oxide::scanner: Reading "C:\\laragon\\www\\DigitalWatermarking\\resources\\js\\components\\ui\\select\\SelectScrollUpButton.vue"
2026-09-29T03:36:50.864591Z  INFO tailwindcss_oxide::scanner: Reading "C:\\laragon\\www\\DigitalWatermarking\\python-engine\\main.py"
2026-09-29T03:36:50.865172Z  INFO tailwindcss_oxide::scanner: Reading "C:\\laragon\\www\\DigitalWatermarking\\resources\\js\\components\\ui\\select\\SelectSeparator.vue"
2026-09-29T03:36:50.865238Z  INFO tailwindcss_oxide::scanner: Reading "C:\\laragon\\www\\DigitalWatermarking\\resources\\js\\components\\ui\\sidebar\\SidebarRail.vue"
2026-09-29T03:36:50.865330Z  INFO tailwindcss_oxide::scanner: Reading "C:\\laragon\\www\\DigitalWatermarking\\resources\\js\\pages\\auth\\TwoFactorChallenge.vue"
2026-09-29T03:36:50.865485Z  INFO tailwindcss_oxide::scanner: Reading "C:\\laragon\\www\\DigitalWatermarking\\resources\\js\\components\\ui\\sidebar\\SidebarSeparator.vue"
2026-09-29T03:36:50.865861Z  INFO tailwindcss_oxide::scanner: Reading "C:\\laragon\\www\\DigitalWatermarking\\resources\\js\\components\\ui\\select\\SelectTrigger.vue"
2026-09-29T03:36:50.865996Z  INFO tailwindcss_oxide::scanner: Reading "C:\\laragon\\www\\DigitalWatermarking\\resources\\js\\pages\\auth\\VerifyEmail.vue"
2026-09-29T03:36:50.866124Z  INFO tailwindcss_oxide::scanner: Reading "C:\\laragon\\www\\DigitalWatermarking\\resources\\js\\components\\ui\\sidebar\\SidebarTrigger.vue"
2026-09-29T03:36:50.866164Z  INFO tailwindcss_oxide::scanner: Reading "C:\\laragon\\www\\DigitalWatermarking\\python-engine\\requirements.txt"
2026-09-29T03:36:50.866369Z  INFO tailwindcss_oxide::scanner: Reading "C:\\laragon\\www\\DigitalWatermarking\\resources\\js\\components\\ui\\sidebar\\utils.ts"
2026-09-29T03:36:50.866548Z  INFO tailwindcss_oxide::scanner: Reading "C:\\laragon\\www\\DigitalWatermarking\\resources\\js\\components\\ui\\select\\SelectValue.vue"
2026-09-29T03:36:50.866743Z  INFO tailwindcss_oxide::scanner: Reading "C:\\laragon\\www\\DigitalWatermarking\\resources\\js\\pages\\Dashboard.vue"
2026-09-29T03:36:50.866773Z  INFO tailwindcss_oxide::scanner: Reading "C:\\laragon\\www\\DigitalWatermarking\\python-engine\\web_bridge.py"
2026-09-29T03:36:50.866861Z  INFO tailwindcss_oxide::scanner: Reading "C:\\laragon\\www\\DigitalWatermarking\\resources\\js\\components\\ui\\skeleton\\index.ts"
2026-09-29T03:36:50.867091Z  INFO tailwindcss_oxide::scanner: Reading "C:\\laragon\\www\\DigitalWatermarking\\resources\\js\\components\\ui\\skeleton\\Skeleton.vue"
2026-09-29T03:36:50.867270Z  INFO tailwindcss_oxide::scanner: Reading "C:\\laragon\\www\\DigitalWatermarking\\resources\\js\\components\\ui\\separator\\index.ts"
2026-09-29T03:36:50.867300Z  INFO tailwindcss_oxide::scanner: Reading "C:\\laragon\\www\\DigitalWatermarking\\resources\\js\\components\\ui\\sonner\\index.ts"
2026-09-29T03:36:50.867342Z  INFO tailwindcss_oxide::scanner: Reading "C:\\laragon\\www\\DigitalWatermarking\\resources\\js\\pages\\settings\\Appearance.vue"
2026-09-29T03:36:50.867461Z  INFO tailwindcss_oxide::scanner: Reading "C:\\laragon\\www\\DigitalWatermarking\\README.md"
2026-09-29T03:36:50.867651Z  INFO tailwindcss_oxide::scanner: Reading "C:\\laragon\\www\\DigitalWatermarking\\resources\\js\\app.js"
2026-09-29T03:36:50.867710Z  INFO tailwindcss_oxide::scanner: Reading "C:\\laragon\\www\\DigitalWatermarking\\resources\\js\\components\\ui\\sonner\\Sonner.vue"
2026-09-29T03:36:50.868005Z  INFO tailwindcss_oxide::scanner: Reading "C:\\laragon\\www\\DigitalWatermarking\\resources\\js\\components\\ui\\spinner\\index.ts"
2026-09-29T03:36:50.868209Z  INFO tailwindcss_oxide::scanner: Reading "C:\\laragon\\www\\DigitalWatermarking\\resources\\js\\app.ts"
2026-09-29T03:36:50.868522Z  INFO tailwindcss_oxide::scanner: Reading "C:\\laragon\\www\\DigitalWatermarking\\resources\\js\\components\\ui\\spinner\\Spinner.vue"
2026-09-29T03:36:50.868541Z  INFO tailwindcss_oxide::scanner: Reading "C:\\laragon\\www\\DigitalWatermarking\\resources\\js\\pages\\settings\\Profile.vue"
2026-09-29T03:36:50.868756Z  INFO tailwindcss_oxide::scanner: Reading "C:\\laragon\\www\\DigitalWatermarking\\resources\\js\\components\\ui\\tooltip\\index.ts"
2026-09-29T03:36:50.868878Z  INFO tailwindcss_oxide::scanner: Reading "C:\\laragon\\www\\DigitalWatermarking\\resources\\js\\components\\ui\\separator\\Separator.vue"
2026-09-29T03:36:50.868990Z  INFO tailwindcss_oxide::scanner: Reading "C:\\laragon\\www\\DigitalWatermarking\\resources\\js\\components\\ui\\tooltip\\Tooltip.vue"
2026-09-29T03:36:50.869244Z  INFO tailwindcss_oxide::scanner: Reading "C:\\laragon\\www\\DigitalWatermarking\\resources\\js\\pages\\settings\\Security.vue"
2026-09-29T03:36:50.869775Z  INFO tailwindcss_oxide::scanner: Reading "C:\\laragon\\www\\DigitalWatermarking\\resources\\js\\components\\AlertError.vue"
2026-09-29T03:36:50.869887Z  INFO tailwindcss_oxide::scanner: Reading "C:\\laragon\\www\\DigitalWatermarking\\resources\\js\\components\\ui\\tooltip\\TooltipContent.vue"
2026-09-29T03:36:50.870148Z  INFO tailwindcss_oxide::scanner: Reading "C:\\laragon\\www\\DigitalWatermarking\\resources\\js\\components\\ui\\tooltip\\TooltipProvider.vue"
2026-09-29T03:36:50.870226Z  INFO tailwindcss_oxide::scanner: Reading "C:\\laragon\\www\\DigitalWatermarking\\resources\\js\\components\\ui\\sheet\\index.ts"
2026-09-29T03:36:50.870315Z  INFO tailwindcss_oxide::scanner: Reading "C:\\laragon\\www\\DigitalWatermarking\\resources\\js\\pages\\teams\\Edit.vue"
2026-09-29T03:36:50.870674Z  INFO tailwindcss_oxide::scanner: Reading "C:\\laragon\\www\\DigitalWatermarking\\resources\\js\\components\\ui\\avatar\\index.ts"
2026-09-29T03:36:50.870736Z  INFO tailwindcss_oxide::scanner: Reading "C:\\laragon\\www\\DigitalWatermarking\\resources\\js\\components\\AppContent.vue"
2026-09-29T03:36:50.870791Z  INFO tailwindcss_oxide::scanner: Reading "C:\\laragon\\www\\DigitalWatermarking\\resources\\js\\components\\ui\\sheet\\Sheet.vue"
2026-09-29T03:36:50.870966Z  INFO tailwindcss_oxide::scanner: Reading "C:\\laragon\\www\\DigitalWatermarking\\resources\\js\\pages\\teams\\Index.vue"
2026-09-29T03:36:50.871057Z  INFO tailwindcss_oxide::scanner: Reading "C:\\laragon\\www\\DigitalWatermarking\\resources\\js\\components\\ui\\checkbox\\index.ts"
2026-09-29T03:36:50.871177Z  INFO tailwindcss_oxide::scanner: Reading "C:\\laragon\\www\\DigitalWatermarking\\resources\\js\\components\\ui\\badge\\Badge.vue"
2026-09-29T03:36:50.871301Z  INFO tailwindcss_oxide::scanner: Reading "C:\\laragon\\www\\DigitalWatermarking\\resources\\js\\components\\ui\\collapsible\\Collapsible.vue"
2026-09-29T03:36:50.871526Z  INFO tailwindcss_oxide::scanner: Reading "C:\\laragon\\www\\DigitalWatermarking\\resources\\js\\components\\AppearanceTabs.vue"
2026-09-29T03:36:50.871588Z  INFO tailwindcss_oxide::scanner: Reading "C:\\laragon\\www\\DigitalWatermarking\\resources\\js\\components\\ui\\collapsible\\CollapsibleContent.vue"
2026-09-29T03:36:50.871769Z  INFO tailwindcss_oxide::scanner: Reading "C:\\laragon\\www\\DigitalWatermarking\\resources\\js\\pages\\Welcome.vue"
2026-09-29T03:36:50.871815Z  INFO tailwindcss_oxide::scanner: Reading "C:\\laragon\\www\\DigitalWatermarking\\resources\\js\\components\\ui\\badge\\index.ts"
2026-09-29T03:36:50.872076Z  INFO tailwindcss_oxide::scanner: Reading "C:\\laragon\\www\\DigitalWatermarking\\resources\\js\\components\\ui\\breadcrumb\\Breadcrumb.vue"
2026-09-29T03:36:50.872097Z  INFO tailwindcss_oxide::scanner: Reading "C:\\laragon\\www\\DigitalWatermarking\\resources\\js\\components\\AppHeader.vue"
2026-09-29T03:36:50.872220Z  INFO tailwindcss_oxide::scanner: Reading "C:\\laragon\\www\\DigitalWatermarking\\resources\\js\\components\\ui\\collapsible\\CollapsibleTrigger.vue"
2026-09-29T03:36:50.872373Z  INFO tailwindcss_oxide::scanner: Reading "C:\\laragon\\www\\DigitalWatermarking\\resources\\js\\types\\auth.ts"
2026-09-29T03:36:50.872593Z  INFO tailwindcss_oxide::scanner: Reading "C:\\laragon\\www\\DigitalWatermarking\\resources\\js\\components\\ui\\breadcrumb\\BreadcrumbEllipsis.vue"
2026-09-29T03:36:50.872640Z  INFO tailwindcss_oxide::scanner: Reading "C:\\laragon\\www\\DigitalWatermarking\\resources\\js\\components\\AppLogo.vue"
2026-09-29T03:36:50.872920Z  INFO tailwindcss_oxide::scanner: Reading "C:\\laragon\\www\\DigitalWatermarking\\resources\\js\\components\\ui\\collapsible\\index.ts"
2026-09-29T03:36:50.872965Z  INFO tailwindcss_oxide::scanner: Reading "C:\\laragon\\www\\DigitalWatermarking\\resources\\js\\types\\global.d.ts"
2026-09-29T03:36:50.873103Z  INFO tailwindcss_oxide::scanner: Reading "C:\\laragon\\www\\DigitalWatermarking\\resources\\js\\components\\ui\\breadcrumb\\BreadcrumbItem.vue"
2026-09-29T03:36:50.873177Z  INFO tailwindcss_oxide::scanner: Reading "C:\\laragon\\www\\DigitalWatermarking\\resources\\js\\types\\index.ts"
2026-09-29T03:36:50.873519Z  INFO tailwindcss_oxide::scanner: Reading "C:\\laragon\\www\\DigitalWatermarking\\resources\\js\\components\\AppLogoIcon.vue"
2026-09-29T03:36:50.873886Z  INFO tailwindcss_oxide::scanner: Reading "C:\\laragon\\www\\DigitalWatermarking\\resources\\js\\components\\ui\\dialog\\Dialog.vue"
2026-09-29T03:36:50.873980Z  INFO tailwindcss_oxide::scanner: Reading "C:\\laragon\\www\\DigitalWatermarking\\resources\\js\\types\\navigation.ts"
2026-09-29T03:36:50.874175Z  INFO tailwindcss_oxide::scanner: Reading "C:\\laragon\\www\\DigitalWatermarking\\resources\\js\\components\\ui\\breadcrumb\\BreadcrumbLink.vue"
2026-09-29T03:36:50.874298Z  INFO tailwindcss_oxide::scanner: Reading "C:\\laragon\\www\\DigitalWatermarking\\resources\\js\\components\\AppShell.vue"
2026-09-29T03:36:50.874642Z  INFO tailwindcss_oxide::scanner: Reading "C:\\laragon\\www\\DigitalWatermarking\\resources\\js\\types\\teams.ts"
2026-09-29T03:36:50.874812Z  INFO tailwindcss_oxide::scanner: Reading "C:\\laragon\\www\\DigitalWatermarking\\resources\\js\\components\\ui\\dialog\\DialogClose.vue"
2026-09-29T03:36:50.874892Z  INFO tailwindcss_oxide::scanner: Reading "C:\\laragon\\www\\DigitalWatermarking\\resources\\js\\components\\ui\\breadcrumb\\BreadcrumbList.vue"
2026-09-29T03:36:50.875087Z  INFO tailwindcss_oxide::scanner: Reading "C:\\laragon\\www\\DigitalWatermarking\\resources\\js\\types\\ui.ts"
2026-09-29T03:36:50.875115Z  INFO tailwindcss_oxide::scanner: Reading "C:\\laragon\\www\\DigitalWatermarking\\resources\\js\\components\\AppSidebar.vue"
2026-09-29T03:36:50.875149Z  INFO tailwindcss_oxide::scanner: Reading "C:\\laragon\\www\\DigitalWatermarking\\resources\\js\\components\\ui\\breadcrumb\\BreadcrumbPage.vue"
2026-09-29T03:36:50.875373Z  INFO tailwindcss_oxide::scanner: Reading "C:\\laragon\\www\\DigitalWatermarking\\resources\\js\\types\\vue-shims.d.ts"
2026-09-29T03:36:50.875381Z  INFO tailwindcss_oxide::scanner: Reading "C:\\laragon\\www\\DigitalWatermarking\\resources\\js\\components\\ui\\breadcrumb\\BreadcrumbSeparator.vue"
2026-09-29T03:36:50.875675Z  INFO tailwindcss_oxide::scanner: Reading "C:\\laragon\\www\\DigitalWatermarking\\resources\\js\\components\\ui\\dialog\\DialogContent.vue"
2026-09-29T03:36:50.875793Z  INFO tailwindcss_oxide::scanner: Reading "C:\\laragon\\www\\DigitalWatermarking\\resources\\js\\components\\AppSidebarHeader.vue"
2026-09-29T03:36:50.875949Z  INFO tailwindcss_oxide::scanner: Reading "C:\\laragon\\www\\DigitalWatermarking\\resources\\views\\app.blade.php"
2026-09-29T03:36:50.875958Z  INFO tailwindcss_oxide::scanner: Reading "C:\\laragon\\www\\DigitalWatermarking\\resources\\js\\components\\ui\\breadcrumb\\index.ts"
2026-09-29T03:36:50.876314Z  INFO tailwindcss_oxide::scanner: Reading "C:\\laragon\\www\\DigitalWatermarking\\resources\\js\\components\\ui\\button\\Button.vue"
2026-09-29T03:36:50.876437Z  INFO tailwindcss_oxide::scanner: Reading "C:\\laragon\\www\\DigitalWatermarking\\resources\\views\\attack.blade.php"
2026-09-29T03:36:50.876583Z  INFO tailwindcss_oxide::scanner: Reading "C:\\laragon\\www\\DigitalWatermarking\\resources\\js\\components\\ui\\dialog\\DialogDescription.vue"
2026-09-29T03:36:50.876673Z  INFO tailwindcss_oxide::scanner: Reading "C:\\laragon\\www\\DigitalWatermarking\\resources\\js\\components\\Breadcrumbs.vue"
2026-09-29T03:36:50.877069Z  INFO tailwindcss_oxide::scanner: Reading "C:\\laragon\\www\\DigitalWatermarking\\resources\\js\\components\\ui\\button\\index.ts"
2026-09-29T03:36:50.877098Z  INFO tailwindcss_oxide::scanner: Reading "C:\\laragon\\www\\DigitalWatermarking\\resources\\views\\embedding.blade.php"
2026-09-29T03:36:50.877292Z  INFO tailwindcss_oxide::scanner: Reading "C:\\laragon\\www\\DigitalWatermarking\\resources\\js\\components\\CancelInvitationModal.vue"
2026-09-29T03:36:50.877297Z  INFO tailwindcss_oxide::scanner: Reading "C:\\laragon\\www\\DigitalWatermarking\\resources\\js\\components\\ui\\dialog\\DialogFooter.vue"
2026-09-29T03:36:50.877672Z  INFO tailwindcss_oxide::scanner: Reading "C:\\laragon\\www\\DigitalWatermarking\\resources\\views\\evaluation.blade.php"
2026-09-29T03:36:50.877940Z  INFO tailwindcss_oxide::scanner: Reading "C:\\laragon\\www\\DigitalWatermarking\\resources\\js\\components\\ui\\dialog\\DialogHeader.vue"
2026-09-29T03:36:50.877971Z  INFO tailwindcss_oxide::scanner: Reading "C:\\laragon\\www\\DigitalWatermarking\\resources\\js\\components\\CreateTeamModal.vue"
2026-09-29T03:36:50.878113Z  INFO tailwindcss_oxide::scanner: Reading "C:\\laragon\\www\\DigitalWatermarking\\resources\\views\\extraction.blade.php"
2026-09-29T03:36:50.878644Z  INFO tailwindcss_oxide::scanner: Reading "C:\\laragon\\www\\DigitalWatermarking\\resources\\views\\index.blade.php"
2026-09-29T03:36:50.878667Z  INFO tailwindcss_oxide::scanner: Reading "C:\\laragon\\www\\DigitalWatermarking\\resources\\js\\components\\DeleteTeamModal.vue"
2026-09-29T03:36:50.878933Z  INFO tailwindcss_oxide::scanner: Reading "C:\\laragon\\www\\DigitalWatermarking\\resources\\js\\components\\ui\\dialog\\DialogOverlay.vue"
2026-09-29T03:36:50.879182Z  INFO tailwindcss_oxide::scanner: Reading "C:\\laragon\\www\\DigitalWatermarking\\resources\\views\\layouts\\app.blade.php"
2026-09-29T03:36:50.879400Z  INFO tailwindcss_oxide::scanner: Reading "C:\\laragon\\www\\DigitalWatermarking\\routes\\console.php"
2026-09-29T03:36:50.879469Z  INFO tailwindcss_oxide::scanner: Reading "C:\\laragon\\www\\DigitalWatermarking\\resources\\js\\components\\DeleteUser.vue"
2026-09-29T03:36:50.879583Z  INFO tailwindcss_oxide::scanner: Reading "C:\\laragon\\www\\DigitalWatermarking\\routes\\web.php"
2026-09-29T03:36:50.879983Z  INFO tailwindcss_oxide::scanner: Reading "C:\\laragon\\www\\DigitalWatermarking\\resources\\js\\components\\Heading.vue"
2026-09-29T03:36:50.880150Z  INFO tailwindcss_oxide::scanner: Reading "C:\\laragon\\www\\DigitalWatermarking\\resources\\js\\components\\ui\\dialog\\DialogScrollContent.vue"
2026-09-29T03:36:50.880270Z  INFO tailwindcss_oxide::scanner: Reading "C:\\laragon\\www\\DigitalWatermarking\\storage\\framework\\views\\020ca1aa84707dd5007bcbfaed84ddb8.php"
2026-09-29T03:36:50.880531Z  INFO tailwindcss_oxide::scanner: Reading "C:\\laragon\\www\\DigitalWatermarking\\resources\\js\\components\\InputError.vue"
2026-09-29T03:36:50.880825Z  INFO tailwindcss_oxide::scanner: Reading "C:\\laragon\\www\\DigitalWatermarking\\storage\\framework\\views\\090338bfdc0b7044f24fb63735597fa4.php"
2026-09-29T03:36:50.881032Z  INFO tailwindcss_oxide::scanner: Reading "C:\\laragon\\www\\DigitalWatermarking\\resources\\js\\components\\ui\\dialog\\DialogTitle.vue"
2026-09-29T03:36:50.881198Z  INFO tailwindcss_oxide::scanner: Reading "C:\\laragon\\www\\DigitalWatermarking\\storage\\framework\\views\\0985317a9b4867846076d5203a3cbc15.php"
2026-09-29T03:36:50.881294Z  INFO tailwindcss_oxide::scanner: Reading "C:\\laragon\\www\\DigitalWatermarking\\resources\\js\\components\\ui\\dialog\\DialogTrigger.vue"
2026-09-29T03:36:50.881518Z  INFO tailwindcss_oxide::scanner: Reading "C:\\laragon\\www\\DigitalWatermarking\\resources\\js\\components\\InviteMemberModal.vue"
2026-09-29T03:36:50.881814Z  INFO tailwindcss_oxide::scanner: Reading "C:\\laragon\\www\\DigitalWatermarking\\resources\\js\\components\\ui\\dialog\\index.ts"
2026-09-29T03:36:50.881814Z  INFO tailwindcss_oxide::scanner: Reading "C:\\laragon\\www\\DigitalWatermarking\\storage\\framework\\views\\0fc7bdea80dbeb6cfafef6f5031966e6.php"
2026-09-29T03:36:50.882048Z  INFO tailwindcss_oxide::scanner: Reading "C:\\laragon\\www\\DigitalWatermarking\\storage\\framework\\views\\11e3368420f7541f30330e32990adb65.php"
2026-09-29T03:36:50.882093Z  INFO tailwindcss_oxide::scanner: Reading "C:\\laragon\\www\\DigitalWatermarking\\resources\\js\\components\\ui\\dropdown-menu\\DropdownMenu.vue"
2026-09-29T03:36:50.882490Z  INFO tailwindcss_oxide::scanner: Reading "C:\\laragon\\www\\DigitalWatermarking\\resources\\js\\components\\LeaveTeamModal.vue"
2026-09-29T03:36:50.882611Z  INFO tailwindcss_oxide::scanner: Reading "C:\\laragon\\www\\DigitalWatermarking\\storage\\framework\\views\\13abd48561035b875194d7099a024b59.php"
2026-09-29T03:36:50.882888Z  INFO tailwindcss_oxide::scanner: Reading "C:\\laragon\\www\\DigitalWatermarking\\resources\\js\\components\\ui\\dropdown-menu\\DropdownMenuCheckboxItem.vue"
2026-09-29T03:36:50.883096Z  INFO tailwindcss_oxide::scanner: Reading "C:\\laragon\\www\\DigitalWatermarking\\storage\\framework\\views\\3c42e9560dd2d3dd93439403ba2ee2ef.php"
2026-09-29T03:36:50.883376Z  INFO tailwindcss_oxide::scanner: Reading "C:\\laragon\\www\\DigitalWatermarking\\resources\\js\\components\\ui\\dropdown-menu\\DropdownMenuContent.vue"
2026-09-29T03:36:50.883561Z  INFO tailwindcss_oxide::scanner: Reading "C:\\laragon\\www\\DigitalWatermarking\\resources\\js\\components\\ManagePasskeys.vue"
2026-09-29T03:36:50.883627Z  INFO tailwindcss_oxide::scanner: Reading "C:\\laragon\\www\\DigitalWatermarking\\storage\\framework\\views\\47a9fbbba26f04b709a337cf6b62c4cc.php"
2026-09-29T03:36:50.883662Z  INFO tailwindcss_oxide::scanner: Reading "C:\\laragon\\www\\DigitalWatermarking\\resources\\js\\components\\ui\\dropdown-menu\\DropdownMenuGroup.vue"
2026-09-29T03:36:50.884190Z  INFO tailwindcss_oxide::scanner: Reading "C:\\laragon\\www\\DigitalWatermarking\\storage\\framework\\views\\49f5abcbbddd2d7e91328336b16dcf77.php"
2026-09-29T03:36:50.884308Z  INFO tailwindcss_oxide::scanner: Reading "C:\\laragon\\www\\DigitalWatermarking\\resources\\js\\components\\ManageTwoFactor.vue"
2026-09-29T03:36:50.884493Z  INFO tailwindcss_oxide::scanner: Reading "C:\\laragon\\www\\DigitalWatermarking\\resources\\js\\components\\ui\\dropdown-menu\\DropdownMenuItem.vue"
2026-09-29T03:36:50.884843Z  INFO tailwindcss_oxide::scanner: Reading "C:\\laragon\\www\\DigitalWatermarking\\storage\\framework\\views\\4d913bc224cd86e3e39963e01f602f28.php"
2026-09-29T03:36:50.885012Z  INFO tailwindcss_oxide::scanner: Reading "C:\\laragon\\www\\DigitalWatermarking\\resources\\js\\components\\NavFooter.vue"
2026-09-29T03:36:50.885110Z  INFO tailwindcss_oxide::scanner: Reading "C:\\laragon\\www\\DigitalWatermarking\\resources\\js\\components\\ui\\dropdown-menu\\DropdownMenuLabel.vue"
2026-09-29T03:36:50.885316Z  INFO tailwindcss_oxide::scanner: Reading "C:\\laragon\\www\\DigitalWatermarking\\storage\\framework\\views\\5160513a11deb11c22ca682c319cabd1.php"
2026-09-29T03:36:50.885328Z  INFO tailwindcss_oxide::scanner: Reading "C:\\laragon\\www\\DigitalWatermarking\\storage\\framework\\views\\a82cfd34f208eb681544647ce1a8230f.php"
2026-09-29T03:36:50.885525Z  INFO tailwindcss_oxide::scanner: Reading "C:\\laragon\\www\\DigitalWatermarking\\storage\\framework\\views\\bb1bc9e9279f38a8e1206f824cb1842b.php"
2026-09-29T03:36:50.885799Z  INFO tailwindcss_oxide::scanner: Reading "C:\\laragon\\www\\DigitalWatermarking\\storage\\framework\\views\\51bed743530599cfa96e904601b43d0e.php"
2026-09-29T03:36:50.885979Z  INFO tailwindcss_oxide::scanner: Reading "C:\\laragon\\www\\DigitalWatermarking\\resources\\js\\components\\NavMain.vue"
2026-09-29T03:36:50.886011Z  INFO tailwindcss_oxide::scanner: Reading "C:\\laragon\\www\\DigitalWatermarking\\storage\\framework\\views\\58f6b5ecbad88fc4da15879dbc7f6e69.blade.php"
2026-09-29T03:36:50.886224Z  INFO tailwindcss_oxide::scanner: Reading "C:\\laragon\\www\\DigitalWatermarking\\storage\\framework\\views\\6bf4155e22c5311fa5c15cfdefd49db7.php"
2026-09-29T03:36:50.886423Z  INFO tailwindcss_oxide::scanner: Reading "C:\\laragon\\www\\DigitalWatermarking\\storage\\framework\\views\\be19726b801b4192817a79148f10b6b5.php"
2026-09-29T03:36:50.886630Z  INFO tailwindcss_oxide::scanner: Reading "C:\\laragon\\www\\DigitalWatermarking\\storage\\framework\\views\\c3ba33c988b1f0adeaf0223e3c83b79c.php"
2026-09-29T03:36:50.886639Z  INFO tailwindcss_oxide::scanner: Reading "C:\\laragon\\www\\DigitalWatermarking\\storage\\framework\\views\\7219268c5f1e09825bb89696576645fe.php"
2026-09-29T03:36:50.886894Z  INFO tailwindcss_oxide::scanner: Reading "C:\\laragon\\www\\DigitalWatermarking\\storage\\framework\\views\\c70eec146126eab797518c121a258c98.php"
2026-09-29T03:36:50.886922Z  INFO tailwindcss_oxide::scanner: Reading "C:\\laragon\\www\\DigitalWatermarking\\resources\\js\\components\\NavUser.vue"
2026-09-29T03:36:50.887108Z  INFO tailwindcss_oxide::scanner: Reading "C:\\laragon\\www\\DigitalWatermarking\\storage\\framework\\views\\89b94a61db146fc2d4c155ad400a2743.php"
2026-09-29T03:36:50.887137Z  INFO tailwindcss_oxide::scanner: Reading "C:\\laragon\\www\\DigitalWatermarking\\storage\\framework\\views\\ce92a4a481bbfca3f76062efaa4add75.php"
2026-09-29T03:36:50.887313Z  INFO tailwindcss_oxide::scanner: Reading "C:\\laragon\\www\\DigitalWatermarking\\storage\\framework\\views\\8adf2fad32d70f0fcc5654f554d17914.php"
2026-09-29T03:36:50.887342Z  INFO tailwindcss_oxide::scanner: Reading "C:\\laragon\\www\\DigitalWatermarking\\storage\\framework\\views\\dca1a29b69452d307c2c30a7b9cc0a6e.blade.php"
2026-09-29T03:36:50.887558Z  INFO tailwindcss_oxide::scanner: Reading "C:\\laragon\\www\\DigitalWatermarking\\storage\\framework\\views\\911592fd2f2e0e010d388133db9d4f67.php"
2026-09-29T03:36:50.887720Z  INFO tailwindcss_oxide::scanner: Reading "C:\\laragon\\www\\DigitalWatermarking\\resources\\js\\components\\PasskeyItem.vue"
2026-09-29T03:36:50.887942Z  INFO tailwindcss_oxide::scanner: Reading "C:\\laragon\\www\\DigitalWatermarking\\tests\\Feature\\WatermarkingTest.php"
2026-09-29T03:36:50.887996Z  INFO tailwindcss_oxide::scanner: Reading "C:\\laragon\\www\\DigitalWatermarking\\storage\\framework\\views\\a6387a10ef2d6b975675c6460b8f2cf1.php"
2026-09-29T03:36:50.888222Z  INFO tailwindcss_oxide::scanner: Reading "C:\\laragon\\www\\DigitalWatermarking\\resources\\js\\components\\PasskeyRegister.vue"
2026-09-29T03:36:50.888553Z  INFO tailwindcss_oxide::scanner: Reading "C:\\laragon\\www\\DigitalWatermarking\\tests\\Pest.php"
2026-09-29T03:36:50.888582Z  INFO tailwindcss_oxide::scanner: Reading "C:\\laragon\\www\\DigitalWatermarking\\resources\\js\\components\\ui\\card\\CardDescription.vue"
2026-09-29T03:36:50.888852Z  INFO tailwindcss_oxide::scanner: Reading "C:\\laragon\\www\\DigitalWatermarking\\tests\\TestCase.php"
2026-09-29T03:36:50.889115Z  INFO tailwindcss_oxide::scanner: Reading "C:\\laragon\\www\\DigitalWatermarking\\tests\\Unit\\ExampleTest.php"
2026-09-29T03:36:50.889351Z  INFO tailwindcss_oxide::scanner: Reading "C:\\laragon\\www\\DigitalWatermarking\\resources\\js\\components\\PasskeyVerify.vue"
2026-09-29T03:36:50.889688Z  INFO tailwindcss_oxide::scanner: Reading "C:\\laragon\\www\\DigitalWatermarking\\resources\\js\\components\\ui\\card\\CardFooter.vue"
2026-09-29T03:36:50.890239Z  INFO tailwindcss_oxide::scanner: Reading "C:\\laragon\\www\\DigitalWatermarking\\vite.config.js"
2026-09-29T03:36:50.890659Z  INFO tailwindcss_oxide::scanner: Reading "C:\\laragon\\www\\DigitalWatermarking\\resources\\js\\components\\PasswordInput.vue"
2026-09-29T03:36:50.891083Z  INFO tailwindcss_oxide::scanner: Reading "C:\\laragon\\www\\DigitalWatermarking\\resources\\js\\components\\ui\\card\\CardHeader.vue"
2026-09-29T03:36:50.891739Z  INFO tailwindcss_oxide::scanner: Reading "C:\\laragon\\www\\DigitalWatermarking\\resources\\js\\components\\PendingInvitationsModal.vue"
2026-09-29T03:36:50.891974Z  INFO tailwindcss_oxide::scanner: Reading "C:\\laragon\\www\\DigitalWatermarking\\resources\\js\\components\\ui\\card\\CardTitle.vue"
2026-09-29T03:36:50.892120Z  INFO tailwindcss_oxide::scanner: Reading "C:\\laragon\\www\\DigitalWatermarking\\vite.config.ts"
2026-09-29T03:36:50.892258Z  INFO tailwindcss_oxide::scanner: Reading "C:\\laragon\\www\\DigitalWatermarking\\resources\\js\\components\\ui\\card\\index.ts"
2026-09-29T03:36:50.892814Z  INFO tailwindcss_oxide::scanner: Reading "C:\\laragon\\www\\DigitalWatermarking\\vendor\\laravel\\framework\\src\\Illuminate\\Pagination\\resources\\views\\bootstrap-3.blade.php"
2026-09-29T03:36:50.893262Z  INFO tailwindcss_oxide::scanner: Reading "C:\\laragon\\www\\DigitalWatermarking\\resources\\js\\components\\ui\\checkbox\\Checkbox.vue"
2026-09-29T03:36:50.893406Z  INFO tailwindcss_oxide::scanner: Reading "C:\\laragon\\www\\DigitalWatermarking\\resources\\js\\components\\PlaceholderPattern.vue"
2026-09-29T03:36:50.893750Z  INFO tailwindcss_oxide::scanner: Reading "C:\\laragon\\www\\DigitalWatermarking\\vendor\\laravel\\framework\\src\\Illuminate\\Pagination\\resources\\views\\bootstrap-4.blade.php"
2026-09-29T03:36:50.894176Z  INFO tailwindcss_oxide::scanner: Reading "C:\\laragon\\www\\DigitalWatermarking\\resources\\js\\components\\RemoveMemberModal.vue"
2026-09-29T03:36:50.894260Z  INFO tailwindcss_oxide::scanner: Reading "C:\\laragon\\www\\DigitalWatermarking\\resources\\js\\components\\TeamSwitcher.vue"
2026-09-29T03:36:50.894537Z  INFO tailwindcss_oxide::scanner: Reading "C:\\laragon\\www\\DigitalWatermarking\\vendor\\laravel\\framework\\src\\Illuminate\\Pagination\\resources\\views\\bootstrap-5.blade.php"
2026-09-29T03:36:50.894729Z  INFO tailwindcss_oxide::scanner: Reading "C:\\laragon\\www\\DigitalWatermarking\\resources\\js\\components\\TextLink.vue"
2026-09-29T03:36:50.894927Z  INFO tailwindcss_oxide::scanner: Reading "C:\\laragon\\www\\DigitalWatermarking\\resources\\js\\components\\TeamInvitationAlert.vue"
2026-09-29T03:36:50.895224Z  INFO tailwindcss_oxide::scanner: Reading "C:\\laragon\\www\\DigitalWatermarking\\vendor\\laravel\\framework\\src\\Illuminate\\Pagination\\resources\\views\\semantic-ui.blade.php"
2026-09-29T03:36:50.895696Z  INFO tailwindcss_oxide::scanner: Reading "C:\\laragon\\www\\DigitalWatermarking\\vendor\\laravel\\framework\\src\\Illuminate\\Pagination\\resources\\views\\simple-bootstrap-5.blade.php"
2026-09-29T03:36:50.895698Z  INFO tailwindcss_oxide::scanner: Reading "C:\\laragon\\www\\DigitalWatermarking\\vendor\\laravel\\framework\\src\\Illuminate\\Pagination\\resources\\views\\simple-bootstrap-3.blade.php"
2026-09-29T03:36:50.895888Z  INFO tailwindcss_oxide::scanner: Reading "C:\\laragon\\www\\DigitalWatermarking\\resources\\js\\components\\TwoFactorRecoveryCodes.vue"
2026-09-29T03:36:50.896225Z  INFO tailwindcss_oxide::scanner: Reading "C:\\laragon\\www\\DigitalWatermarking\\vendor\\laravel\\framework\\src\\Illuminate\\Pagination\\resources\\views\\simple-tailwind.blade.php"
2026-09-29T03:36:50.896398Z  INFO tailwindcss_oxide::scanner: Reading "C:\\laragon\\www\\DigitalWatermarking\\vendor\\laravel\\framework\\src\\Illuminate\\Pagination\\resources\\views\\simple-bootstrap-4.blade.php"
2026-09-29T03:36:50.896535Z  INFO tailwindcss_oxide::scanner: Reading "C:\\laragon\\www\\DigitalWatermarking\\resources\\js\\components\\TwoFactorSetupModal.vue"
2026-09-29T03:36:50.896624Z  INFO tailwindcss_oxide::scanner: Reading "C:\\laragon\\www\\DigitalWatermarking\\resources\\js\\components\\ui\\alert\\AlertDescription.vue"
2026-09-29T03:36:50.896784Z  INFO tailwindcss_oxide::scanner: Reading "C:\\laragon\\www\\DigitalWatermarking\\resources\\js\\components\\ui\\alert\\Alert.vue"
2026-09-29T03:36:50.896878Z  INFO tailwindcss_oxide::scanner: Reading "C:\\laragon\\www\\DigitalWatermarking\\vendor\\laravel\\framework\\src\\Illuminate\\Pagination\\resources\\views\\tailwind.blade.php"
2026-09-29T03:36:50.897135Z  INFO tailwindcss_oxide::scanner: Reading "C:\\laragon\\www\\DigitalWatermarking\\resources\\js\\components\\ui\\alert\\AlertTitle.vue"
2026-09-29T03:36:50.897276Z  INFO tailwindcss_oxide::scanner: Reading "C:\\laragon\\www\\DigitalWatermarking\\resources\\js\\components\\ui\\avatar\\Avatar.vue"
2026-09-29T03:36:50.897318Z  INFO tailwindcss_oxide::scanner: Reading "C:\\laragon\\www\\DigitalWatermarking\\resources\\js\\components\\ui\\alert\\index.ts"
2026-09-29T03:36:50.897626Z  INFO tailwindcss_oxide::scanner: Reading "C:\\laragon\\www\\DigitalWatermarking\\resources\\js\\components\\ui\\avatar\\AvatarFallback.vue"
2026-09-29T03:36:50.897769Z  INFO tailwindcss_oxide::scanner: Reading "C:\\laragon\\www\\DigitalWatermarking\\resources\\js\\components\\ui\\avatar\\AvatarImage.vue"
2026-09-29T03:36:50.907432Z  INFO tailwindcss_oxide::scanner: Reading "C:\\laragon\\www\\DigitalWatermarking\\resources\\js\\components\\ui\\card\\Card.vue"
2026-09-29T03:36:50.908111Z  INFO tailwindcss_oxide::scanner: Reading "C:\\laragon\\www\\DigitalWatermarking\\resources\\js\\components\\ui\\card\\CardAction.vue"
2026-09-29T03:36:50.908711Z  INFO tailwindcss_oxide::scanner: Reading "C:\\laragon\\www\\DigitalWatermarking\\resources\\js\\components\\ui\\card\\CardContent.vue"
2026-09-29T03:36:50.916048Z  INFO get_files:discover_sources: tailwindcss_oxide::scanner: exit
2026-09-29T03:36:50.918362Z  INFO get_files: tailwindcss_oxide::scanner: exit
2026-09-29T03:36:50.921528Z  INFO get_globs: tailwindcss_oxide::scanner: enter
2026-09-29T03:36:50.921563Z  INFO get_globs:discover_sources: tailwindcss_oxide::scanner: enter
2026-09-29T03:36:50.921575Z  INFO get_globs:discover_sources: tailwindcss_oxide::scanner: exit
2026-09-29T03:36:53.436679Z ERROR get_globs: tailwindcss_oxide::glob: Failed to resolve glob: Os { code: 3, kind: NotFound, message: "The system cannot find the path specified." }
2026-09-29T03:36:53.438987Z ERROR get_globs: tailwindcss_oxide::glob: Failed to resolve glob: Os { code: 3, kind: NotFound, message: "The system cannot find the path specified." }
2026-09-29T03:36:53.439264Z  INFO get_globs: tailwindcss_oxide::scanner: exit
2026-09-29T03:36:53.442324Z  INFO tailwindcss_oxide::scanner: Provided sources:
2026-09-29T03:36:53.442359Z  INFO tailwindcss_oxide::scanner: Source: PublicSourceEntry { base: "c:\\laragon\\www\\DigitalWatermarking\\vendor\\laravel\\framework\\src\\Illuminate\\Foundation\\resources\\exceptions\\renderer", pattern: "**/*", negated: false }
2026-09-29T03:36:53.442441Z ERROR tailwindcss_oxide::scanner::sources: Failed to resolve base: "c:\\laragon\\www\\DigitalWatermarking\\vendor\\laravel\\framework\\src\\Illuminate\\Foundation\\resources\\exceptions\\renderer"
2026-09-29T03:36:53.442685Z  INFO tailwindcss_oxide::scanner: Optimized sources:
2026-09-29T03:36:53.442704Z  INFO tailwindcss_oxide::scanner: Source: Pattern { base: "c:\\laragon\\www\\DigitalWatermarking\\vendor\\laravel\\framework\\src\\Illuminate\\Foundation\\resources\\exceptions\\renderer", pattern: "**/*" }
2026-09-29T03:36:53.443029Z  INFO get_files: tailwindcss_oxide::scanner: enter
2026-09-29T03:36:53.443049Z  INFO get_files:discover_sources: tailwindcss_oxide::scanner: enter
2026-09-29T03:36:53.443163Z  INFO get_files:discover_sources:walk_synchronous: tailwindcss_oxide::scanner: enter
2026-09-29T03:36:53.443286Z  INFO get_files:discover_sources:walk_synchronous: tailwindcss_oxide::scanner: exit
2026-09-29T03:36:53.443305Z  INFO get_files:discover_sources: tailwindcss_oxide::scanner: exit
2026-09-29T03:36:53.443315Z  INFO get_files: tailwindcss_oxide::scanner: exit
2026-09-29T03:36:53.443338Z  INFO get_globs: tailwindcss_oxide::scanner: enter
2026-09-29T03:36:53.443348Z  INFO get_globs:discover_sources: tailwindcss_oxide::scanner: enter
2026-09-29T03:36:53.443356Z  INFO get_globs:discover_sources: tailwindcss_oxide::scanner: exit
2026-09-29T03:36:53.443399Z ERROR get_globs: tailwindcss_oxide::glob: Failed to resolve glob: Os { code: 3, kind: NotFound, message: "The system cannot find the path specified." }
2026-09-29T03:36:53.443429Z  INFO get_globs: tailwindcss_oxide::scanner: exit
