2026-09-29T08:25:11.399205Z  INFO tailwindcss_oxide::scanner: Provided sources:
2026-09-29T08:25:11.399364Z  INFO tailwindcss_oxide::scanner: Source: PublicSourceEntry { base: "c:\\laragon\\www\\DigitalWatermarking\\vendor\\laravel\\framework\\src\\Illuminate\\Foundation\\resources\\exceptions\\renderer", pattern: "**/*", negated: false }
2026-09-29T08:25:11.401458Z  INFO tailwindcss_oxide::scanner: Optimized sources:
2026-09-29T08:25:11.401496Z  INFO tailwindcss_oxide::scanner: Source: External { base: "C:\\laragon\\www\\DigitalWatermarking\\vendor\\laravel\\framework\\src\\Illuminate\\Foundation\\resources\\exceptions\\renderer" }
2026-09-29T08:25:11.406428Z  INFO get_files: tailwindcss_oxide::scanner: enter
2026-09-29T08:25:11.406459Z  INFO get_files:discover_sources: tailwindcss_oxide::scanner: enter
2026-09-29T08:25:11.406466Z  INFO get_files:discover_sources:walk_synchronous: tailwindcss_oxide::scanner: enter
2026-09-29T08:25:11.413304Z  INFO get_files:discover_sources:walk_synchronous: tailwindcss_oxide::scanner: exit
2026-09-29T08:25:11.413854Z  INFO tailwindcss_oxide::scanner: Reading "C:\\laragon\\www\\DigitalWatermarking\\vendor\\laravel\\framework\\src\\Illuminate\\Foundation\\resources\\exceptions\\renderer\\components\\badge.blade.php"
2026-09-29T08:25:11.413845Z  INFO tailwindcss_oxide::scanner: Reading "C:\\laragon\\www\\DigitalWatermarking\\vendor\\laravel\\framework\\src\\Illuminate\\Foundation\\resources\\exceptions\\renderer\\components\\icons\\chevron-right.blade.php"
2026-09-29T08:25:11.413862Z  INFO tailwindcss_oxide::scanner: Reading "C:\\laragon\\www\\DigitalWatermarking\\vendor\\laravel\\framework\\src\\Illuminate\\Foundation\\resources\\exceptions\\renderer\\components\\syntax-highlight.blade.php"
2026-09-29T08:25:11.413853Z  INFO tailwindcss_oxide::scanner: Reading "C:\\laragon\\www\\DigitalWatermarking\\vendor\\laravel\\framework\\src\\Illuminate\\Foundation\\resources\\exceptions\\renderer\\components\\laravel-ascii-spotlight.blade.php"
2026-09-29T08:25:11.414018Z  INFO tailwindcss_oxide::scanner: Reading "C:\\laragon\\www\\DigitalWatermarking\\vendor\\laravel\\framework\\src\\Illuminate\\Foundation\\resources\\exceptions\\renderer\\components\\topbar.blade.php"
2026-09-29T08:25:11.414018Z  INFO tailwindcss_oxide::scanner: Reading "C:\\laragon\\www\\DigitalWatermarking\\vendor\\laravel\\framework\\src\\Illuminate\\Foundation\\resources\\exceptions\\renderer\\components\\empty-state.blade.php"
2026-09-29T08:25:11.414036Z  INFO tailwindcss_oxide::scanner: Reading "C:\\laragon\\www\\DigitalWatermarking\\vendor\\laravel\\framework\\src\\Illuminate\\Foundation\\resources\\exceptions\\renderer\\components\\layout.blade.php"
2026-09-29T08:25:11.414024Z  INFO tailwindcss_oxide::scanner: Reading "C:\\laragon\\www\\DigitalWatermarking\\vendor\\laravel\\framework\\src\\Illuminate\\Foundation\\resources\\exceptions\\renderer\\components\\icons\\chevrons-down-up.blade.php"
2026-09-29T08:25:11.414142Z  INFO tailwindcss_oxide::scanner: Reading "C:\\laragon\\www\\DigitalWatermarking\\vendor\\laravel\\framework\\src\\Illuminate\\Foundation\\resources\\exceptions\\renderer\\components\\trace.blade.php"
2026-09-29T08:25:11.414173Z  INFO tailwindcss_oxide::scanner: Reading "C:\\laragon\\www\\DigitalWatermarking\\vendor\\laravel\\framework\\src\\Illuminate\\Foundation\\resources\\exceptions\\renderer\\components\\icons\\chevrons-left.blade.php"
2026-09-29T08:25:11.414174Z  INFO tailwindcss_oxide::scanner: Reading "C:\\laragon\\www\\DigitalWatermarking\\vendor\\laravel\\framework\\src\\Illuminate\\Foundation\\resources\\exceptions\\renderer\\components\\previous-exceptions.blade.php"
2026-09-29T08:25:11.414183Z  INFO tailwindcss_oxide::scanner: Reading "C:\\laragon\\www\\DigitalWatermarking\\vendor\\laravel\\framework\\src\\Illuminate\\Foundation\\resources\\exceptions\\renderer\\components\\file-with-line.blade.php"
2026-09-29T08:25:11.414259Z  INFO tailwindcss_oxide::scanner: Reading "C:\\laragon\\www\\DigitalWatermarking\\vendor\\laravel\\framework\\src\\Illuminate\\Foundation\\resources\\exceptions\\renderer\\components\\vendor-frame.blade.php"
2026-09-29T08:25:11.414331Z  INFO tailwindcss_oxide::scanner: Reading "C:\\laragon\\www\\DigitalWatermarking\\vendor\\laravel\\framework\\src\\Illuminate\\Foundation\\resources\\exceptions\\renderer\\components\\query.blade.php"
2026-09-29T08:25:11.414338Z  INFO tailwindcss_oxide::scanner: Reading "C:\\laragon\\www\\DigitalWatermarking\\vendor\\laravel\\framework\\src\\Illuminate\\Foundation\\resources\\exceptions\\renderer\\components\\formatted-source.blade.php"
2026-09-29T08:25:11.414292Z  INFO tailwindcss_oxide::scanner: Reading "C:\\laragon\\www\\DigitalWatermarking\\vendor\\laravel\\framework\\src\\Illuminate\\Foundation\\resources\\exceptions\\renderer\\components\\icons\\chevrons-right.blade.php"
2026-09-29T08:25:11.414452Z  INFO tailwindcss_oxide::scanner: Reading "C:\\laragon\\www\\DigitalWatermarking\\vendor\\laravel\\framework\\src\\Illuminate\\Foundation\\resources\\exceptions\\renderer\\components\\request-body.blade.php"
2026-09-29T08:25:11.414452Z  INFO tailwindcss_oxide::scanner: Reading "C:\\laragon\\www\\DigitalWatermarking\\vendor\\laravel\\framework\\src\\Illuminate\\Foundation\\resources\\exceptions\\renderer\\components\\frame-code.blade.php"
2026-09-29T08:25:11.414466Z  INFO tailwindcss_oxide::scanner: Reading "C:\\laragon\\www\\DigitalWatermarking\\vendor\\laravel\\framework\\src\\Illuminate\\Foundation\\resources\\exceptions\\renderer\\components\\vendor-frames.blade.php"
2026-09-29T08:25:11.414518Z  INFO tailwindcss_oxide::scanner: Reading "C:\\laragon\\www\\DigitalWatermarking\\vendor\\laravel\\framework\\src\\Illuminate\\Foundation\\resources\\exceptions\\renderer\\components\\icons\\chevrons-up-down.blade.php"
2026-09-29T08:25:11.414565Z  INFO tailwindcss_oxide::scanner: Reading "C:\\laragon\\www\\DigitalWatermarking\\vendor\\laravel\\framework\\src\\Illuminate\\Foundation\\resources\\exceptions\\renderer\\components\\request-header.blade.php"
2026-09-29T08:25:11.414565Z  INFO tailwindcss_oxide::scanner: Reading "C:\\laragon\\www\\DigitalWatermarking\\vendor\\laravel\\framework\\src\\Illuminate\\Foundation\\resources\\exceptions\\renderer\\components\\frame.blade.php"
2026-09-29T08:25:11.414649Z  INFO tailwindcss_oxide::scanner: Reading "C:\\laragon\\www\\DigitalWatermarking\\vendor\\laravel\\framework\\src\\Illuminate\\Foundation\\resources\\exceptions\\renderer\\components\\icons\\copy.blade.php"
2026-09-29T08:25:11.414677Z  INFO tailwindcss_oxide::scanner: Reading "C:\\laragon\\www\\DigitalWatermarking\\vendor\\laravel\\framework\\src\\Illuminate\\Foundation\\resources\\exceptions\\renderer\\components\\request-url.blade.php"
2026-09-29T08:25:11.414677Z  INFO tailwindcss_oxide::scanner: Reading "C:\\laragon\\www\\DigitalWatermarking\\vendor\\laravel\\framework\\src\\Illuminate\\Foundation\\resources\\exceptions\\renderer\\components\\header.blade.php"
2026-09-29T08:25:11.414755Z  INFO tailwindcss_oxide::scanner: Reading "C:\\laragon\\www\\DigitalWatermarking\\vendor\\laravel\\framework\\src\\Illuminate\\Foundation\\resources\\exceptions\\renderer\\components\\icons\\database.blade.php"
2026-09-29T08:25:11.414796Z  INFO tailwindcss_oxide::scanner: Reading "C:\\laragon\\www\\DigitalWatermarking\\vendor\\laravel\\framework\\src\\Illuminate\\Foundation\\resources\\exceptions\\renderer\\components\\http-method.blade.php"
2026-09-29T08:25:11.414828Z  INFO tailwindcss_oxide::scanner: Reading "C:\\laragon\\www\\DigitalWatermarking\\vendor\\laravel\\framework\\src\\Illuminate\\Foundation\\resources\\exceptions\\renderer\\components\\routing-parameter.blade.php"
2026-09-29T08:25:11.414880Z  INFO tailwindcss_oxide::scanner: Reading "C:\\laragon\\www\\DigitalWatermarking\\vendor\\laravel\\framework\\src\\Illuminate\\Foundation\\resources\\exceptions\\renderer\\components\\icons\\folder-open.blade.php"
2026-09-29T08:25:11.414921Z  INFO tailwindcss_oxide::scanner: Reading "C:\\laragon\\www\\DigitalWatermarking\\vendor\\laravel\\framework\\src\\Illuminate\\Foundation\\resources\\exceptions\\renderer\\components\\icons\\alert.blade.php"
2026-09-29T08:25:11.415001Z  INFO tailwindcss_oxide::scanner: Reading "C:\\laragon\\www\\DigitalWatermarking\\vendor\\laravel\\framework\\src\\Illuminate\\Foundation\\resources\\exceptions\\renderer\\components\\routing.blade.php"
2026-09-29T08:25:11.415045Z  INFO tailwindcss_oxide::scanner: Reading "C:\\laragon\\www\\DigitalWatermarking\\vendor\\laravel\\framework\\src\\Illuminate\\Foundation\\resources\\exceptions\\renderer\\components\\icons\\folder.blade.php"
2026-09-29T08:25:11.415054Z  INFO tailwindcss_oxide::scanner: Reading "C:\\laragon\\www\\DigitalWatermarking\\vendor\\laravel\\framework\\src\\Illuminate\\Foundation\\resources\\exceptions\\renderer\\components\\icons\\check.blade.php"
2026-09-29T08:25:11.415078Z  INFO tailwindcss_oxide::scanner: Reading "C:\\laragon\\www\\DigitalWatermarking\\vendor\\laravel\\framework\\src\\Illuminate\\Foundation\\resources\\exceptions\\renderer\\dist\\scripts.js"
2026-09-29T08:25:11.415220Z  INFO tailwindcss_oxide::scanner: Reading "C:\\laragon\\www\\DigitalWatermarking\\vendor\\laravel\\framework\\src\\Illuminate\\Foundation\\resources\\exceptions\\renderer\\components\\section-container.blade.php"
2026-09-29T08:25:11.415227Z  INFO tailwindcss_oxide::scanner: Reading "C:\\laragon\\www\\DigitalWatermarking\\vendor\\laravel\\framework\\src\\Illuminate\\Foundation\\resources\\exceptions\\renderer\\components\\icons\\globe.blade.php"
2026-09-29T08:25:11.415255Z  INFO tailwindcss_oxide::scanner: Reading "C:\\laragon\\www\\DigitalWatermarking\\vendor\\laravel\\framework\\src\\Illuminate\\Foundation\\resources\\exceptions\\renderer\\components\\icons\\chevron-left.blade.php"
2026-09-29T08:25:11.415278Z  INFO tailwindcss_oxide::scanner: Reading "C:\\laragon\\www\\DigitalWatermarking\\vendor\\laravel\\framework\\src\\Illuminate\\Foundation\\resources\\exceptions\\renderer\\markdown.blade.php"
2026-09-29T08:25:11.415336Z  INFO tailwindcss_oxide::scanner: Reading "C:\\laragon\\www\\DigitalWatermarking\\vendor\\laravel\\framework\\src\\Illuminate\\Foundation\\resources\\exceptions\\renderer\\components\\separator.blade.php"
2026-09-29T08:25:11.415338Z  INFO tailwindcss_oxide::scanner: Reading "C:\\laragon\\www\\DigitalWatermarking\\vendor\\laravel\\framework\\src\\Illuminate\\Foundation\\resources\\exceptions\\renderer\\components\\icons\\info.blade.php"
2026-09-29T08:25:11.415372Z  INFO tailwindcss_oxide::scanner: Reading "C:\\laragon\\www\\DigitalWatermarking\\vendor\\laravel\\framework\\src\\Illuminate\\Foundation\\resources\\exceptions\\renderer\\components\\icons\\laravel-ascii.blade.php"
2026-09-29T08:25:11.415438Z  INFO tailwindcss_oxide::scanner: Reading "C:\\laragon\\www\\DigitalWatermarking\\vendor\\laravel\\framework\\src\\Illuminate\\Foundation\\resources\\exceptions\\renderer\\package-lock.json"
2026-09-29T08:25:11.415449Z  INFO tailwindcss_oxide::scanner: Reading "C:\\laragon\\www\\DigitalWatermarking\\vendor\\laravel\\framework\\src\\Illuminate\\Foundation\\resources\\exceptions\\renderer\\scripts.js"
2026-09-29T08:25:11.415451Z  INFO tailwindcss_oxide::scanner: Reading "C:\\laragon\\www\\DigitalWatermarking\\vendor\\laravel\\framework\\src\\Illuminate\\Foundation\\resources\\exceptions\\renderer\\package.json"
2026-09-29T08:25:11.415495Z  INFO tailwindcss_oxide::scanner: Reading "C:\\laragon\\www\\DigitalWatermarking\\vendor\\laravel\\framework\\src\\Illuminate\\Foundation\\resources\\exceptions\\renderer\\show.blade.php"
2026-09-29T08:25:11.415572Z  INFO tailwindcss_oxide::scanner: Reading "C:\\laragon\\www\\DigitalWatermarking\\vendor\\laravel\\framework\\src\\Illuminate\\Foundation\\resources\\exceptions\\renderer\\vite.config.js"
2026-09-29T08:25:11.415750Z  INFO get_files:discover_sources: tailwindcss_oxide::scanner: exit
2026-09-29T08:25:11.416105Z  INFO get_files: tailwindcss_oxide::scanner: exit
2026-09-29T08:25:11.416201Z  INFO get_globs: tailwindcss_oxide::scanner: enter
2026-09-29T08:25:11.416213Z  INFO get_globs:discover_sources: tailwindcss_oxide::scanner: enter
2026-09-29T08:25:11.416222Z  INFO get_globs:discover_sources: tailwindcss_oxide::scanner: exit
2026-09-29T08:25:11.419501Z  INFO get_globs: tailwindcss_oxide::scanner: exit
