2026-09-29T03:58:26.464438Z  INFO tailwindcss_oxide::scanner: Provided sources:
2026-09-29T03:58:26.464599Z  INFO tailwindcss_oxide::scanner: Source: PublicSourceEntry { base: "c:\\laragon\\www\\DigitalWatermarking", pattern: "**/*", negated: false }
2026-09-29T03:58:26.466346Z  INFO tailwindcss_oxide::scanner: Optimized sources:
2026-09-29T03:58:26.466401Z  INFO tailwindcss_oxide::scanner: Source: Auto { base: "C:\\laragon\\www\\DigitalWatermarking" }
2026-09-29T03:58:26.471543Z  INFO get_files: tailwindcss_oxide::scanner: enter
2026-09-29T03:58:26.471650Z  INFO get_files:discover_sources: tailwindcss_oxide::scanner: enter
2026-09-29T03:58:26.471895Z  INFO get_files:discover_sources:walk_synchronous: tailwindcss_oxide::scanner: enter
2026-09-29T03:58:26.686642Z  INFO get_files:discover_sources:walk_synchronous: tailwindcss_oxide::scanner: exit
2026-09-29T03:58:26.693464Z  INFO tailwindcss_oxide::scanner: Reading "C:\\laragon\\www\\DigitalWatermarking\\.github\\dependabot.yml"
2026-09-29T03:58:26.693971Z  INFO tailwindcss_oxide::scanner: Reading "C:\\laragon\\www\\DigitalWatermarking\\.github\\workflows\\tests.yml"
2026-09-29T03:58:26.694371Z  INFO tailwindcss_oxide::scanner: Reading "C:\\laragon\\www\\DigitalWatermarking\\app\\Actions\\Fortify\\CreateNewUser.php"
2026-09-29T03:58:26.694714Z  INFO tailwindcss_oxide::scanner: Reading "C:\\laragon\\www\\DigitalWatermarking\\app\\Actions\\Fortify\\ResetUserPassword.php"
2026-09-29T03:58:26.696162Z  INFO tailwindcss_oxide::scanner: Reading "C:\\laragon\\www\\DigitalWatermarking\\app\\Actions\\Teams\\CreateTeam.php"
2026-09-29T03:58:26.696709Z  INFO tailwindcss_oxide::scanner: Reading "C:\\laragon\\www\\DigitalWatermarking\\app\\Concerns\\GeneratesUniqueTeamSlugs.php"
2026-09-29T03:58:26.697176Z  INFO tailwindcss_oxide::scanner: Reading "C:\\laragon\\www\\DigitalWatermarking\\app\\Concerns\\HasTeams.php"
2026-09-29T03:58:26.697567Z  INFO tailwindcss_oxide::scanner: Reading "C:\\laragon\\www\\DigitalWatermarking\\app\\Concerns\\PasswordValidationRules.php"
2026-09-29T03:58:26.697983Z  INFO tailwindcss_oxide::scanner: Reading "C:\\laragon\\www\\DigitalWatermarking\\app\\Concerns\\ProfileValidationRules.php"
2026-09-29T03:58:26.698154Z  INFO tailwindcss_oxide::scanner: Reading "C:\\laragon\\www\\DigitalWatermarking\\app\\Data\\TeamPermissions.php"
2026-09-29T03:58:26.698293Z  INFO tailwindcss_oxide::scanner: Reading "C:\\laragon\\www\\DigitalWatermarking\\app\\Data\\UserTeam.php"
2026-09-29T03:58:26.698429Z  INFO tailwindcss_oxide::scanner: Reading "C:\\laragon\\www\\DigitalWatermarking\\app\\Enums\\TeamPermission.php"
2026-09-29T03:58:26.698753Z  INFO tailwindcss_oxide::scanner: Reading "C:\\laragon\\www\\DigitalWatermarking\\app\\Enums\\TeamRole.php"
2026-09-29T03:58:26.698908Z  INFO tailwindcss_oxide::scanner: Reading "C:\\laragon\\www\\DigitalWatermarking\\app\\Exceptions\\Handler.php"
2026-09-29T03:58:26.699237Z  INFO tailwindcss_oxide::scanner: Reading "C:\\laragon\\www\\DigitalWatermarking\\app\\Http\\Controllers\\ArtifactController.php"
2026-09-29T03:58:26.699291Z  INFO tailwindcss_oxide::scanner: Reading "C:\\laragon\\www\\DigitalWatermarking\\config\\queue.php"
2026-09-29T03:58:26.699726Z  INFO tailwindcss_oxide::scanner: Reading "C:\\laragon\\www\\DigitalWatermarking\\config\\services.php"
2026-09-29T03:58:26.699969Z  INFO tailwindcss_oxide::scanner: Reading "C:\\laragon\\www\\DigitalWatermarking\\app\\Http\\Controllers\\AttackController.php"
2026-09-29T03:58:26.700203Z  INFO tailwindcss_oxide::scanner: Reading "C:\\laragon\\www\\DigitalWatermarking\\app\\Http\\Controllers\\Controller.php"
2026-09-29T03:58:26.700487Z  INFO tailwindcss_oxide::scanner: Reading "C:\\laragon\\www\\DigitalWatermarking\\config\\session.php"
2026-09-29T03:58:26.700570Z  INFO tailwindcss_oxide::scanner: Reading "C:\\laragon\\www\\DigitalWatermarking\\app\\Http\\Controllers\\EmbeddingController.php"
2026-09-29T03:58:26.700689Z  INFO tailwindcss_oxide::scanner: Reading "C:\\laragon\\www\\DigitalWatermarking\\config\\watermark.php"
2026-09-29T03:58:26.700750Z  INFO tailwindcss_oxide::scanner: Reading "C:\\laragon\\www\\DigitalWatermarking\\app\\Http\\Controllers\\EvaluationController.php"
2026-09-29T03:58:26.700820Z  INFO tailwindcss_oxide::scanner: Reading "C:\\laragon\\www\\DigitalWatermarking\\database\\factories\\UserFactory.php"
2026-09-29T03:58:26.701108Z  INFO tailwindcss_oxide::scanner: Reading "C:\\laragon\\www\\DigitalWatermarking\\app\\Http\\Controllers\\ExtractionController.php"
2026-09-29T03:58:26.701145Z  INFO tailwindcss_oxide::scanner: Reading "C:\\laragon\\www\\DigitalWatermarking\\database\\migrations\\0001_01_01_000000_create_users_table.php"
2026-09-29T03:58:26.701440Z  INFO tailwindcss_oxide::scanner: Reading "C:\\laragon\\www\\DigitalWatermarking\\app\\Http\\Kernel.php"
2026-09-29T03:58:26.701454Z  INFO tailwindcss_oxide::scanner: Reading "C:\\laragon\\www\\DigitalWatermarking\\database\\migrations\\0001_01_01_000001_create_cache_table.php"
2026-09-29T03:58:26.701381Z  INFO tailwindcss_oxide::scanner: Reading "C:\\laragon\\www\\DigitalWatermarking\\app\\Http\\Middleware\\TrustProxies.php"
2026-09-29T03:58:26.701594Z  INFO tailwindcss_oxide::scanner: Reading "C:\\laragon\\www\\DigitalWatermarking\\app\\Http\\Middleware\\Authenticate.php"
2026-09-29T03:58:26.701682Z  INFO tailwindcss_oxide::scanner: Reading "C:\\laragon\\www\\DigitalWatermarking\\database\\migrations\\0001_01_01_000002_create_jobs_table.php"
2026-09-29T03:58:26.701766Z  INFO tailwindcss_oxide::scanner: Reading "C:\\laragon\\www\\DigitalWatermarking\\app\\Http\\Middleware\\AuthenticateWithBasicAuth.php"
2026-09-29T03:58:26.701794Z  INFO tailwindcss_oxide::scanner: Reading "C:\\laragon\\www\\DigitalWatermarking\\database\\seeders\\DatabaseSeeder.php"
2026-09-29T03:58:26.701896Z  INFO tailwindcss_oxide::scanner: Reading "C:\\laragon\\www\\DigitalWatermarking\\app\\Http\\Middleware\\Authorize.php"
2026-09-29T03:58:26.701905Z  INFO tailwindcss_oxide::scanner: Reading "C:\\laragon\\www\\DigitalWatermarking\\package.json"
2026-09-29T03:58:26.702038Z  INFO tailwindcss_oxide::scanner: Reading "C:\\laragon\\www\\DigitalWatermarking\\app\\Http\\Middleware\\ConvertEmptyStringsToNull.php"
2026-09-29T03:58:26.702132Z  INFO tailwindcss_oxide::scanner: Reading "C:\\laragon\\www\\DigitalWatermarking\\phpunit.xml"
2026-09-29T03:58:26.702181Z  INFO tailwindcss_oxide::scanner: Reading "C:\\laragon\\www\\DigitalWatermarking\\app\\Http\\Middleware\\EncryptCookies.php"
2026-09-29T03:58:26.702316Z  INFO tailwindcss_oxide::scanner: Reading "C:\\laragon\\www\\DigitalWatermarking\\app\\Http\\Middleware\\EnsureEmailIsVerified.php"
2026-09-29T03:58:26.702332Z  INFO tailwindcss_oxide::scanner: Reading "C:\\laragon\\www\\DigitalWatermarking\\app\\Http\\Middleware\\ValidatePostSize.php"
2026-09-29T03:58:26.702460Z  INFO tailwindcss_oxide::scanner: Reading "C:\\laragon\\www\\DigitalWatermarking\\public\\.htaccess"
2026-09-29T03:58:26.702482Z  INFO tailwindcss_oxide::scanner: Reading "C:\\laragon\\www\\DigitalWatermarking\\app\\Http\\Middleware\\HandleCors.php"
2026-09-29T03:58:26.702630Z  INFO tailwindcss_oxide::scanner: Reading "C:\\laragon\\www\\DigitalWatermarking\\app\\Http\\Middleware\\RedirectIfAuthenticated.php"
2026-09-29T03:58:26.702694Z  INFO tailwindcss_oxide::scanner: Reading "C:\\laragon\\www\\DigitalWatermarking\\app\\Http\\Middleware\\ValidateSignature.php"
2026-09-29T03:58:26.702759Z  INFO tailwindcss_oxide::scanner: Reading "C:\\laragon\\www\\DigitalWatermarking\\app\\Http\\Middleware\\RequirePassword.php"
2026-09-29T03:58:26.702862Z  INFO tailwindcss_oxide::scanner: Reading "C:\\laragon\\www\\DigitalWatermarking\\public\\assets\\js\\common.js"
2026-09-29T03:58:26.702913Z  INFO tailwindcss_oxide::scanner: Reading "C:\\laragon\\www\\DigitalWatermarking\\app\\Http\\Middleware\\SetCacheHeaders.php"
2026-09-29T03:58:26.703043Z  INFO tailwindcss_oxide::scanner: Reading "C:\\laragon\\www\\DigitalWatermarking\\app\\Http\\Middleware\\ShareErrorsFromSession.php"
2026-09-29T03:58:26.703174Z  INFO tailwindcss_oxide::scanner: Reading "C:\\laragon\\www\\DigitalWatermarking\\app\\Http\\Middleware\\StartSession.php"
2026-09-29T03:58:26.703285Z  INFO tailwindcss_oxide::scanner: Reading "C:\\laragon\\www\\DigitalWatermarking\\public\\assets\\js\\index.js"
2026-09-29T03:58:26.703607Z  INFO tailwindcss_oxide::scanner: Reading "C:\\laragon\\www\\DigitalWatermarking\\app\\Http\\Middleware\\SubstituteBindings.php"
2026-09-29T03:58:26.704074Z  INFO tailwindcss_oxide::scanner: Reading "C:\\laragon\\www\\DigitalWatermarking\\app\\Http\\Middleware\\ThrottleRequests.php"
2026-09-29T03:58:26.704330Z  INFO tailwindcss_oxide::scanner: Reading "C:\\laragon\\www\\DigitalWatermarking\\public\\assets\\js\\storage.js"
2026-09-29T03:58:26.704389Z  INFO tailwindcss_oxide::scanner: Reading "C:\\laragon\\www\\DigitalWatermarking\\app\\Http\\Middleware\\TrimStrings.php"
2026-09-29T03:58:26.704766Z  INFO tailwindcss_oxide::scanner: Reading "C:\\laragon\\www\\DigitalWatermarking\\public\\favicon.svg"
2026-09-29T03:58:26.704849Z  INFO tailwindcss_oxide::scanner: Reading "C:\\laragon\\www\\DigitalWatermarking\\resources\\js\\layouts\\settings\\Layout.vue"
2026-09-29T03:58:26.704946Z  INFO tailwindcss_oxide::scanner: Reading "C:\\laragon\\www\\DigitalWatermarking\\public\\index.php"
2026-09-29T03:58:26.705424Z  INFO tailwindcss_oxide::scanner: Reading "C:\\laragon\\www\\DigitalWatermarking\\python-engine\\app\\dct.py"
2026-09-29T03:58:26.705667Z  INFO tailwindcss_oxide::scanner: Reading "C:\\laragon\\www\\DigitalWatermarking\\app\\Http\\Responses\\VerifyEmailResponse.php"
2026-09-29T03:58:26.705833Z  INFO tailwindcss_oxide::scanner: Reading "C:\\laragon\\www\\DigitalWatermarking\\python-engine\\app\\key.py"
2026-09-29T03:58:26.706086Z  INFO tailwindcss_oxide::scanner: Reading "C:\\laragon\\www\\DigitalWatermarking\\app\\Models\\User.php"
2026-09-29T03:58:26.706445Z  INFO tailwindcss_oxide::scanner: Reading "C:\\laragon\\www\\DigitalWatermarking\\app\\Providers\\AppServiceProvider.php"
2026-09-29T03:58:26.706693Z  INFO tailwindcss_oxide::scanner: Reading "C:\\laragon\\www\\DigitalWatermarking\\app\\Services\\PythonEngineException.php"
2026-09-29T03:58:26.706906Z  INFO tailwindcss_oxide::scanner: Reading "C:\\laragon\\www\\DigitalWatermarking\\python-engine\\app\\metrics.py"
2026-09-29T03:58:26.707704Z  INFO tailwindcss_oxide::scanner: Reading "C:\\laragon\\www\\DigitalWatermarking\\app\\Services\\PythonWatermarkEngine.php"
2026-09-29T03:58:26.708070Z  INFO tailwindcss_oxide::scanner: Reading "C:\\laragon\\www\\DigitalWatermarking\\python-engine\\app\\pipeline.py"
2026-09-29T03:58:26.708322Z  INFO tailwindcss_oxide::scanner: Reading "C:\\laragon\\www\\DigitalWatermarking\\app\\Services\\WatermarkStorageService.php"
2026-09-29T03:58:26.708501Z  INFO tailwindcss_oxide::scanner: Reading "C:\\laragon\\www\\DigitalWatermarking\\artisan"
2026-09-29T03:58:26.708705Z  INFO tailwindcss_oxide::scanner: Reading "C:\\laragon\\www\\DigitalWatermarking\\bootstrap\\app.php"
2026-09-29T03:58:26.708897Z  INFO tailwindcss_oxide::scanner: Reading "C:\\laragon\\www\\DigitalWatermarking\\bootstrap\\providers.php"
2026-09-29T03:58:26.708949Z  INFO tailwindcss_oxide::scanner: Reading "C:\\laragon\\www\\DigitalWatermarking\\python-engine\\app\\watermark.py"
2026-09-29T03:58:26.709121Z  INFO tailwindcss_oxide::scanner: Reading "C:\\laragon\\www\\DigitalWatermarking\\python-engine\\app\\__init__.py"
2026-09-29T03:58:26.709367Z  INFO tailwindcss_oxide::scanner: Reading "C:\\laragon\\www\\DigitalWatermarking\\check-readiness.ps1"
2026-09-29T03:58:26.709611Z  INFO tailwindcss_oxide::scanner: Reading "C:\\laragon\\www\\DigitalWatermarking\\python-engine\\attack_simulation.py"
2026-09-29T03:58:26.709956Z  INFO tailwindcss_oxide::scanner: Reading "C:\\laragon\\www\\DigitalWatermarking\\composer.json"
2026-09-29T03:58:26.710213Z  INFO tailwindcss_oxide::scanner: Reading "C:\\laragon\\www\\DigitalWatermarking\\config\\app.php"
2026-09-29T03:58:26.710213Z  INFO tailwindcss_oxide::scanner: Reading "C:\\laragon\\www\\DigitalWatermarking\\python-engine\\main.py"
2026-09-29T03:58:26.710443Z  INFO tailwindcss_oxide::scanner: Reading "C:\\laragon\\www\\DigitalWatermarking\\python-engine\\requirements.txt"
2026-09-29T03:58:26.710562Z  INFO tailwindcss_oxide::scanner: Reading "C:\\laragon\\www\\DigitalWatermarking\\config\\auth.php"
2026-09-29T03:58:26.710867Z  INFO tailwindcss_oxide::scanner: Reading "C:\\laragon\\www\\DigitalWatermarking\\python-engine\\web_bridge.py"
2026-09-29T03:58:26.710948Z  INFO tailwindcss_oxide::scanner: Reading "C:\\laragon\\www\\DigitalWatermarking\\config\\cache.php"
2026-09-29T03:58:26.711065Z  INFO tailwindcss_oxide::scanner: Reading "C:\\laragon\\www\\DigitalWatermarking\\README.md"
2026-09-29T03:58:26.711352Z  INFO tailwindcss_oxide::scanner: Reading "C:\\laragon\\www\\DigitalWatermarking\\config\\database.php"
2026-09-29T03:58:26.712459Z  INFO tailwindcss_oxide::scanner: Reading "C:\\laragon\\www\\DigitalWatermarking\\config\\filesystems.php"
2026-09-29T03:58:26.711338Z  INFO tailwindcss_oxide::scanner: Reading "C:\\laragon\\www\\DigitalWatermarking\\resources\\js\\app.js"
2026-09-29T03:58:26.712764Z  INFO tailwindcss_oxide::scanner: Reading "C:\\laragon\\www\\DigitalWatermarking\\resources\\js\\routes\\appearance\\index.ts"
2026-09-29T03:58:26.712957Z  INFO tailwindcss_oxide::scanner: Reading "C:\\laragon\\www\\DigitalWatermarking\\config\\logging.php"
2026-09-29T03:58:26.712968Z  INFO tailwindcss_oxide::scanner: Reading "C:\\laragon\\www\\DigitalWatermarking\\resources\\js\\layouts\\app\\AppHeaderLayout.vue"
2026-09-29T03:58:26.713140Z  INFO tailwindcss_oxide::scanner: Reading "C:\\laragon\\www\\DigitalWatermarking\\config\\mail.php"
2026-09-29T03:58:26.713247Z  INFO tailwindcss_oxide::scanner: Reading "C:\\laragon\\www\\DigitalWatermarking\\resources\\js\\routes\\index.ts"
2026-09-29T03:58:26.713369Z  INFO tailwindcss_oxide::scanner: Reading "C:\\laragon\\www\\DigitalWatermarking\\resources\\js\\layouts\\app\\AppSidebarLayout.vue"
2026-09-29T03:58:26.713569Z  INFO tailwindcss_oxide::scanner: Reading "C:\\laragon\\www\\DigitalWatermarking\\resources\\js\\layouts\\AppLayout.vue"
2026-09-29T03:58:26.713588Z  INFO tailwindcss_oxide::scanner: Reading "C:\\laragon\\www\\DigitalWatermarking\\resources\\js\\routes\\user-password\\index.ts"
2026-09-29T03:58:26.713769Z  INFO tailwindcss_oxide::scanner: Reading "C:\\laragon\\www\\DigitalWatermarking\\resources\\js\\routes\\invitations\\index.ts"
2026-09-29T03:58:26.713852Z  INFO tailwindcss_oxide::scanner: Reading "C:\\laragon\\www\\DigitalWatermarking\\resources\\js\\routes\\verification\\index.ts"
2026-09-29T03:58:26.714048Z  INFO tailwindcss_oxide::scanner: Reading "C:\\laragon\\www\\DigitalWatermarking\\resources\\js\\layouts\\auth\\AuthCardLayout.vue"
2026-09-29T03:58:26.714061Z  INFO tailwindcss_oxide::scanner: Reading "C:\\laragon\\www\\DigitalWatermarking\\resources\\js\\routes\\login\\index.ts"
2026-09-29T03:58:26.714294Z  INFO tailwindcss_oxide::scanner: Reading "C:\\laragon\\www\\DigitalWatermarking\\resources\\js\\layouts\\auth\\AuthSimpleLayout.vue"
2026-09-29T03:58:26.714294Z  INFO tailwindcss_oxide::scanner: Reading "C:\\laragon\\www\\DigitalWatermarking\\resources\\js\\routes\\well-known\\index.ts"
2026-09-29T03:58:26.714554Z  INFO tailwindcss_oxide::scanner: Reading "C:\\laragon\\www\\DigitalWatermarking\\resources\\js\\routes\\passkey\\index.ts"
2026-09-29T03:58:26.714743Z  INFO tailwindcss_oxide::scanner: Reading "C:\\laragon\\www\\DigitalWatermarking\\resources\\js\\layouts\\auth\\AuthSplitLayout.vue"
2026-09-29T03:58:26.714789Z  INFO tailwindcss_oxide::scanner: Reading "C:\\laragon\\www\\DigitalWatermarking\\resources\\views\\attack.blade.php"
2026-09-29T03:58:26.714894Z  INFO tailwindcss_oxide::scanner: Reading "C:\\laragon\\www\\DigitalWatermarking\\resources\\js\\routes\\password\\confirm\\index.ts"
2026-09-29T03:58:26.714909Z  INFO tailwindcss_oxide::scanner: Reading "C:\\laragon\\www\\DigitalWatermarking\\resources\\js\\layouts\\AuthLayout.vue"
2026-09-29T03:58:26.715087Z  INFO tailwindcss_oxide::scanner: Reading "C:\\laragon\\www\\DigitalWatermarking\\resources\\views\\embedding.blade.php"
2026-09-29T03:58:26.715241Z  INFO tailwindcss_oxide::scanner: Reading "C:\\laragon\\www\\DigitalWatermarking\\app\\Http\\Requests\\Teams\\DeleteTeamRequest.php"
2026-09-29T03:58:26.715476Z  INFO tailwindcss_oxide::scanner: Reading "C:\\laragon\\www\\DigitalWatermarking\\resources\\views\\evaluation.blade.php"
2026-09-29T03:58:26.715554Z  INFO tailwindcss_oxide::scanner: Reading "C:\\laragon\\www\\DigitalWatermarking\\resources\\js\\routes\\password\\index.ts"
2026-09-29T03:58:26.715698Z  INFO tailwindcss_oxide::scanner: Reading "C:\\laragon\\www\\DigitalWatermarking\\app\\Http\\Requests\\Teams\\RespondToTeamInvitationRequest.php"
2026-09-29T03:58:26.715831Z  INFO tailwindcss_oxide::scanner: Reading "C:\\laragon\\www\\DigitalWatermarking\\resources\\views\\extraction.blade.php"
2026-09-29T03:58:26.715849Z  INFO tailwindcss_oxide::scanner: Reading "C:\\laragon\\www\\DigitalWatermarking\\app\\Http\\Requests\\Teams\\SaveTeamRequest.php"
2026-09-29T03:58:26.715978Z  INFO tailwindcss_oxide::scanner: Reading "C:\\laragon\\www\\DigitalWatermarking\\app\\Http\\Requests\\Teams\\UpdateTeamMemberRequest.php"
2026-09-29T03:58:26.716204Z  INFO tailwindcss_oxide::scanner: Reading "C:\\laragon\\www\\DigitalWatermarking\\resources\\js\\routes\\profile\\index.ts"
2026-09-29T03:58:26.716252Z  INFO tailwindcss_oxide::scanner: Reading "C:\\laragon\\www\\DigitalWatermarking\\app\\Http\\Responses\\Concerns\\RedirectsToCurrentTeam.php"
2026-09-29T03:58:26.716439Z  INFO tailwindcss_oxide::scanner: Reading "C:\\laragon\\www\\DigitalWatermarking\\resources\\views\\index.blade.php"
2026-09-29T03:58:26.716618Z  INFO tailwindcss_oxide::scanner: Reading "C:\\laragon\\www\\DigitalWatermarking\\app\\Http\\Responses\\LoginResponse.php"
2026-09-29T03:58:26.716747Z  INFO tailwindcss_oxide::scanner: Reading "C:\\laragon\\www\\DigitalWatermarking\\resources\\views\\layouts\\app.blade.php"
2026-09-29T03:58:26.716791Z  INFO tailwindcss_oxide::scanner: Reading "C:\\laragon\\www\\DigitalWatermarking\\resources\\js\\routes\\register\\index.ts"
2026-09-29T03:58:26.716916Z  INFO tailwindcss_oxide::scanner: Reading "C:\\laragon\\www\\DigitalWatermarking\\routes\\console.php"
2026-09-29T03:58:26.717034Z  INFO tailwindcss_oxide::scanner: Reading "C:\\laragon\\www\\DigitalWatermarking\\app\\Http\\Responses\\PasskeyLoginResponse.php"
2026-09-29T03:58:26.717229Z  INFO tailwindcss_oxide::scanner: Reading "C:\\laragon\\www\\DigitalWatermarking\\resources\\js\\routes\\security\\index.ts"
2026-09-29T03:58:26.717248Z  INFO tailwindcss_oxide::scanner: Reading "C:\\laragon\\www\\DigitalWatermarking\\routes\\web.php"
2026-09-29T03:58:26.717448Z  INFO tailwindcss_oxide::scanner: Reading "C:\\laragon\\www\\DigitalWatermarking\\app\\Http\\Responses\\RegisterResponse.php"
2026-09-29T03:58:26.717496Z  INFO tailwindcss_oxide::scanner: Reading "C:\\laragon\\www\\DigitalWatermarking\\resources\\js\\routes\\storage\\index.ts"
2026-09-29T03:58:26.717579Z  INFO tailwindcss_oxide::scanner: Reading "C:\\laragon\\www\\DigitalWatermarking\\setup-check.ps1"
2026-09-29T03:58:26.717713Z  INFO tailwindcss_oxide::scanner: Reading "C:\\laragon\\www\\DigitalWatermarking\\app\\Http\\Responses\\TwoFactorLoginResponse.php"
2026-09-29T03:58:26.717726Z  INFO tailwindcss_oxide::scanner: Reading "C:\\laragon\\www\\DigitalWatermarking\\tests\\CreatesApplication.php"
2026-09-29T03:58:26.717831Z  INFO tailwindcss_oxide::scanner: Reading "C:\\laragon\\www\\DigitalWatermarking\\resources\\js\\routes\\storage\\local\\index.ts"
2026-09-29T03:58:26.718020Z  INFO tailwindcss_oxide::scanner: Reading "C:\\laragon\\www\\DigitalWatermarking\\app\\Http\\Middleware\\VerifyCsrfToken.php"
2026-09-29T03:58:26.718092Z  INFO tailwindcss_oxide::scanner: Reading "C:\\laragon\\www\\DigitalWatermarking\\tests\\Feature\\WatermarkingTest.php"
2026-09-29T03:58:26.718250Z  INFO tailwindcss_oxide::scanner: Reading "C:\\laragon\\www\\DigitalWatermarking\\resources\\js\\routes\\teams\\members\\index.ts"
2026-09-29T03:58:26.718254Z  INFO tailwindcss_oxide::scanner: Reading "C:\\laragon\\www\\DigitalWatermarking\\resources\\js\\routes\\teams\\index.ts"
2026-09-29T03:58:26.718294Z  INFO tailwindcss_oxide::scanner: Reading "C:\\laragon\\www\\DigitalWatermarking\\tests\\Pest.php"
2026-09-29T03:58:26.718456Z  INFO tailwindcss_oxide::scanner: Reading "C:\\laragon\\www\\DigitalWatermarking\\app\\Http\\Requests\\Settings\\PasswordUpdateRequest.php"
2026-09-29T03:58:26.718510Z  INFO tailwindcss_oxide::scanner: Reading "C:\\laragon\\www\\DigitalWatermarking\\tests\\TestCase.php"
2026-09-29T03:58:26.718571Z  INFO tailwindcss_oxide::scanner: Reading "C:\\laragon\\www\\DigitalWatermarking\\resources\\js\\routes\\teams\\invitations\\index.ts"
2026-09-29T03:58:26.718593Z  INFO tailwindcss_oxide::scanner: Reading "C:\\laragon\\www\\DigitalWatermarking\\app\\Http\\Requests\\Settings\\ProfileDeleteRequest.php"
2026-09-29T03:58:26.718718Z  INFO tailwindcss_oxide::scanner: Reading "C:\\laragon\\www\\DigitalWatermarking\\app\\Http\\Requests\\Settings\\ProfileUpdateRequest.php"
2026-09-29T03:58:26.718739Z  INFO tailwindcss_oxide::scanner: Reading "C:\\laragon\\www\\DigitalWatermarking\\app\\Http\\Requests\\Settings\\TwoFactorAuthenticationRequest.php"
2026-09-29T03:58:26.718776Z  INFO tailwindcss_oxide::scanner: Reading "C:\\laragon\\www\\DigitalWatermarking\\resources\\js\\routes\\two-factor\\index.ts"
2026-09-29T03:58:26.718887Z  INFO tailwindcss_oxide::scanner: Reading "C:\\laragon\\www\\DigitalWatermarking\\vite.config.js"
2026-09-29T03:58:26.719111Z  INFO tailwindcss_oxide::scanner: Reading "C:\\laragon\\www\\DigitalWatermarking\\app\\Http\\Requests\\Teams\\CreateTeamInvitationRequest.php"
2026-09-29T03:58:26.719117Z  INFO tailwindcss_oxide::scanner: Reading "C:\\laragon\\www\\DigitalWatermarking\\vite.config.ts"
2026-09-29T03:58:26.719117Z  INFO tailwindcss_oxide::scanner: Reading "C:\\laragon\\www\\DigitalWatermarking\\resources\\js\\routes\\two-factor\\login\\index.ts"
2026-09-29T03:58:26.731110Z  INFO get_files:discover_sources: tailwindcss_oxide::scanner: exit
2026-09-29T03:58:26.736349Z  INFO get_files: tailwindcss_oxide::scanner: exit
2026-09-29T03:58:26.736513Z  INFO get_globs: tailwindcss_oxide::scanner: enter
2026-09-29T03:58:26.736527Z  INFO get_globs:discover_sources: tailwindcss_oxide::scanner: enter
2026-09-29T03:58:26.736536Z  INFO get_globs:discover_sources: tailwindcss_oxide::scanner: exit
2026-09-29T03:58:28.391045Z  INFO get_globs: tailwindcss_oxide::scanner: exit
